11-15 12:58:05.799  4311  4394 D PackageManager: EAS IT Policy com.android.todolist isPackageSignedByPlatform = false
11-15 12:58:06.128  4311  4394 D PackageManager: EAS IT Policy com.android.todolist isPackageSignedByPlatform = false
11-15 12:58:06.443 17652 17652 I Finsky  : [2] adzl.c(7): Install-time verification requested for package com.android.todolist, id = 31
11-15 12:58:07.463  9990  9990 I GOS:GameServiceReceiver:  PkgInstallStarted for com.android.todolist UserID : 0
11-15 12:58:07.942  9990 10022 I GOS:MainIntentService: onHandleIntent(). changeType(INSTALL_STARTED), packageName(com.android.todolist), UserHandle(0), Installed(true)
11-15 12:58:07.942  9990 10022 D GOS:SystemEventReactor: onPackageInstallStarted(). packageName: com.android.todolist
11-15 12:58:11.452 17652 10094 I Finsky  : [18322] aeeo.c(3): Verify: Verification package=com.android.todolist, id=31 response=0
11-15 12:58:11.509 17652 17652 I Finsky  : [2] VerifyInstallTask.mx(6): Verification complete: id=31, package_name=com.android.todolist
11-15 12:58:51.894  4311  4618 I ApplicationPolicy: isApplicationExternalStorageWhitelisted:com.android.todolist user:0
11-15 12:58:51.894  4311  4618 I ApplicationPolicy: isApplicationExternalStorageBlacklisted:com.android.todolist user:0
11-15 12:58:51.894  4311  4618 I ApplicationPolicy: isApplicationExternalStorageBlacklisted:com.android.todolist user:0
11-15 12:58:52.085  4311  4361 D PhoneWindow: forceLight changed to true [Splash Screen com.android.todolist] from com.android.internal.policy.PhoneWindow.updateForceLightNavigationBar:4238 com.android.internal.policy.DecorView.updateColorViews:1494 com.android.internal.policy.PhoneWindow.dispatchWindowAttributesChanged:3216 android.view.Window.setFlags:1148 com.android.internal.policy.PhoneWindow.generateLayout:2444 
11-15 12:58:52.111  3867  3917 I SurfaceFlinger: createSurf start. lock debugging [f4fd2cc Splash Screen com.android.todolist]
11-15 12:58:52.112  3867  3917 I SurfaceFlinger: id=9427 createSurf (0x0),-1 flag=80004, f4fd2cc Splash Screen com.android.todolist#0
11-15 12:58:52.114  4311  4361 D ViewRootImpl@ae314ff[todolist]: setView = com.android.internal.policy.DecorView@cff1915 TM=true MM=false
11-15 12:58:52.126  4311  4361 V WindowManager: Relayout Window{f4fd2cc u0 Splash Screen com.android.todolist}: viewVisibility=0 req=720x1560
11-15 12:58:52.129  3867  5131 I SurfaceFlinger: createSurf start. lock debugging [Splash Screen com.android.todolist]
11-15 12:58:52.130  3867  5131 I SurfaceFlinger: id=9428 createSurf (720x1560),1 flag=404, Splash Screen com.android.todolist#0
11-15 12:58:52.134  4311  4361 D ViewRootImpl@ae314ff[todolist]: Relayout returned: old=(0,0,720,1560) new=(0,0,720,1560) req=(720,1560)0 dur=13 res=0x7 s={true 485161713664} ch=true
11-15 12:58:52.170  3867  5131 I SurfaceFlinger: createSurf start. lock debugging [Surface(name=AppWindowToken{86a6c37 token=Token{589d536 ActivityRecord{a9756d1 u0 com.android.todolist/.MainActivity t13866}}})/@0x493ac72 - animation-leash]
11-15 12:58:52.171  3867  5131 I SurfaceFlinger: id=9430 createSurf (0x0),-1 flag=80004, Surface(name=AppWindowToken{86a6c37 token=Token{589d536 ActivityRecord{a9756d1 u0 com.android.todolist/.MainActivity t13866}}})/@0x493ac72 - animation-leash#0
11-15 12:58:52.190  4311  4361 D ViewRootImpl@ae314ff[todolist]: MSG_RESIZED: frame=(0,0,720,1560) ci=(0,53,0,84) vi=(0,53,0,84) or=1
11-15 12:58:52.199  4311  4358 D CodecSolution: isMaxAspectPackageEx: com.android.todolist : false(0)
11-15 12:58:52.202  4311  4358 D WindowManager: setSystemUiVisibility: displayId=0, vis=0x8018, fullVis=0x0, dockVis=0x0, win=Window{f4fd2cc u0 Splash Screen com.android.todolist}
11-15 12:58:52.236  3867  3867 I SurfaceFlinger:      CLIENT | 0x71d9ed6d00 | 0002 | RGBA_8888 |   0.0    0.0  720.0 1560.0 |    9  165  614 1474 | Splash Screen com.android.todolist#0
11-15 12:58:52.340  3867  3917 I Layer   : id=9430 removeFromCurrentState Surface(name=AppWindowToken{86a6c37 token=Token{589d536 ActivityRecord{a9756d1 u0 com.android.todolist/.MainActivity t13866}}})/@0x493ac72 - animation-leash#0 (218)
11-15 12:58:52.354  3867  3867 E Layer   : [Surface(name=AppWindowToken{86a6c37 token=Token{589d536 ActivityRecord{a9756d1 u0 com.android.todolist/.MainActivity t13866}}})/@0x493ac72 - animation-leash#0] No local sync point found
11-15 12:58:52.361  3867  5131 I SurfaceFlinger: id=9430 Removed Surface(name=AppWindowToken{86a6c37 token=Token{589d536 ActivityRecord{a9756d1 u0 com.android.todolist/.MainActivity t13866}}})/@0x493ac72 - animation-leash#0 (218)
11-15 12:58:52.365  3867  3867 I SurfaceFlinger:      DEVICE | 0x71d9ed6d00 | 0002 | RGBA_8888 |   0.0    0.0  720.0 1560.0 |    0    0  720 1560 | Splash Screen com.android.todolist#0
11-15 12:58:52.370  3867  3867 I Layer   : id=9430[1] Destroyed Surface(name=AppWindowToken{86a6c37 token=Token{589d536 ActivityRecord{a9756d1 u0 com.android.todolist/.MainActivity t13866}}})/@0x493ac72 - animation-leash#0
11-15 12:58:52.639  3867  3917 I SurfaceFlinger: createSurf start. lock debugging [a194c3d com.android.todolist/com.android.todolist.MainActivity]
11-15 12:58:52.640  3867  3917 I SurfaceFlinger: id=9432 createSurf (0x0),-1 flag=80004, a194c3d com.android.todolist/com.android.todolist.MainActivity#0
11-15 12:58:52.689  4311  7360 V WindowManager: Relayout Window{a194c3d u0 com.android.todolist/com.android.todolist.MainActivity}: viewVisibility=0 req=720x1560
11-15 12:58:52.692  3867  3917 I SurfaceFlinger: createSurf start. lock debugging [com.android.todolist/com.android.todolist.MainActivity$_11272]
11-15 12:58:52.693  3867  3917 I SurfaceFlinger: id=9433 createSurf (720x1560),1 flag=404, com.android.todolist/com.android.todolist.MainActivity$_11272#0
11-15 12:58:53.035  4311  4361 D ViewRootImpl@ae314ff[todolist]: dispatchDetachedFromWindow
11-15 12:58:53.043  3867  4302 I SurfaceFlinger: createSurf start. lock debugging [Surface(name=f4fd2cc Splash Screen com.android.todolist)/@0xd2b0a18 - animation-leash]
11-15 12:58:53.044  3867  4302 I SurfaceFlinger: id=9434 createSurf (0x0),-1 flag=80004, Surface(name=f4fd2cc Splash Screen com.android.todolist)/@0xd2b0a18 - animation-leash#0
11-15 12:58:53.094  3867  3867 I SurfaceFlinger:      DEVICE | 0x71bbf10640 | 0002 | RGBA_8888 |   0.0    0.0  720.0 1560.0 |    0    0  720 1560 | com.android.todolist/com.android.todolist.MainActivity$_11272#0
11-15 12:58:53.094  3867  3867 I SurfaceFlinger:      DEVICE | 0x71d9ed6d00 | 0002 | RGBA_8888 |   0.0    0.0  720.0 1560.0 |    0    0  720 1560 | Splash Screen com.android.todolist#0
11-15 12:58:53.106  3867  4302 I Layer   : id=9428 removeFromCurrentState Splash Screen com.android.todolist#0 (218)
11-15 12:58:53.109  3867  4302 I Layer   : id=9427 removeFromCurrentState f4fd2cc Splash Screen com.android.todolist#0 (218)
11-15 12:58:53.109  3867  4302 I Layer   : id=9434 removeFromCurrentState Surface(name=f4fd2cc Splash Screen com.android.todolist)/@0xd2b0a18 - animation-leash#0 (218)
11-15 12:58:53.111  3867  4302 I SurfaceFlinger: id=9427 Removed f4fd2cc Splash Screen com.android.todolist#0 (218)
11-15 12:58:53.111  3867  4302 I SurfaceFlinger: id=9434 Removed Surface(name=f4fd2cc Splash Screen com.android.todolist)/@0xd2b0a18 - animation-leash#0 (218)
11-15 12:58:53.111  3867  4302 I SurfaceFlinger: id=9428 Removed Splash Screen com.android.todolist#0 (218)
11-15 12:58:53.119  3867  3867 I Layer   : id=9434[1] Destroyed Surface(name=f4fd2cc Splash Screen com.android.todolist)/@0xd2b0a18 - animation-leash#0
11-15 12:58:53.119  3867  3867 I Layer   : id=9427[1] Destroyed f4fd2cc Splash Screen com.android.todolist#0
11-15 12:58:53.122  3867  3867 I Layer   : id=9428[1] Destroyed Splash Screen com.android.todolist#0
11-15 12:58:53.125  3867  3867 I SurfaceFlinger:      DEVICE | 0x71bbf10640 | 0002 | RGBA_8888 |   0.0    0.0  720.0 1560.0 |    0    0  720 1560 | com.android.todolist/com.android.todolist.MainActivity$_11272#0
11-15 12:58:53.184 11272 11272 V InputMethodManager: Starting input: tba=com.android.todolist ic=null mNaviBarColor -855310 mIsGetNaviBarColorSuccess true , NavVisible : true , NavTrans : false
11-15 12:58:53.206 11272 11272 V InputMethodManager: Starting input: tba=com.android.todolist ic=null mNaviBarColor -855310 mIsGetNaviBarColorSuccess true , NavVisible : true , NavTrans : false
11-15 12:58:53.249  4311  4358 D CodecSolution: isMaxAspectPackageEx: com.android.todolist : false(0)
11-15 12:58:55.314  3867  5131 I SurfaceFlinger: createSurf start. lock debugging [Surface(name=AppWindowToken{86a6c37 token=Token{589d536 ActivityRecord{a9756d1 u0 com.android.todolist/.MainActivity t13866}}})/@0x493ac72 - animation-leash]
11-15 12:58:55.315  3867  5131 I SurfaceFlinger: id=9436 createSurf (0x0),-1 flag=80004, Surface(name=AppWindowToken{86a6c37 token=Token{589d536 ActivityRecord{a9756d1 u0 com.android.todolist/.MainActivity t13866}}})/@0x493ac72 - animation-leash#0
11-15 12:58:55.396  3867  3867 I SurfaceFlinger:      CLIENT | 0x71bbf10640 | 0002 | RGBA_8888 |   0.0    0.0  720.0 1560.0 |    7   16  713 1544 | com.android.todolist/com.android.todolist.MainActivity$_11272#0
11-15 12:58:55.492  3867  3917 I Layer   : id=9433 removeFromCurrentState com.android.todolist/com.android.todolist.MainActivity$_11272#0 (218)
11-15 12:58:55.492  3867  3917 I Layer   : id=9078 removeFromCurrentState AppWindowToken{86a6c37 token=Token{589d536 ActivityRecord{a9756d1 u0 com.android.todolist/.MainActivity t13866}}}#0 (218)
11-15 12:58:55.492  3867  3917 I Layer   : id=9432 removeFromCurrentState a194c3d com.android.todolist/com.android.todolist.MainActivity#0 (218)
11-15 12:58:55.492  3867  3917 I Layer   : id=9436 removeFromCurrentState Surface(name=AppWindowToken{86a6c37 token=Token{589d536 ActivityRecord{a9756d1 u0 com.android.todolist/.MainActivity t13866}}})/@0x493ac72 - animation-leash#0 (218)
11-15 12:58:55.501  3867  3867 E Layer   : [Surface(name=AppWindowToken{86a6c37 token=Token{589d536 ActivityRecord{a9756d1 u0 com.android.todolist/.MainActivity t13866}}})/@0x493ac72 - animation-leash#0] No local sync point found
11-15 12:58:55.512  3867  3918 E BufferQueueProducer: [com.android.todolist/com.android.todolist.MainActivity$_11272#0] disconnect: not connected (req=1)
11-15 12:58:55.515  4311  7360 V WindowManager: Relayout Window{a194c3d u0 com.android.todolist/com.android.todolist.MainActivity}: viewVisibility=8 req=720x1560
11-15 12:58:55.563  4311  5369 V WindowManager: Relayout Window{a194c3d u0 com.android.todolist/com.android.todolist.MainActivity}: viewVisibility=8 req=720x1560
11-15 12:58:55.588  3867  3917 I Layer   : id=9433 removeFromCurrentState com.android.todolist/com.android.todolist.MainActivity$_11272#0 (218)
11-15 12:58:55.589  3867  3917 I SurfaceFlinger: id=9433 Removed com.android.todolist/com.android.todolist.MainActivity$_11272#0 (218)
11-15 12:58:55.600  3867  3867 I Layer   : id=9433[1] Destroyed com.android.todolist/com.android.todolist.MainActivity$_11272#0
11-15 13:05:28.185 12433 12461 I SmProvider: makeValuesForFasUpdate contentValues=package_name=com.android.todolist extras=0 uid=10263 level=1 resetTime=1636970335205
11-15 13:40:57.192  3867  3917 I SurfaceFlinger: id=9436 Removed Surface(name=AppWindowToken{86a6c37 token=Token{589d536 ActivityRecord{a9756d1 u0 com.android.todolist/.MainActivity t13866}}})/@0x493ac72 - animation-leash#0 (214)
11-15 13:40:57.198  3867  3867 I Layer   : id=9436[1] Destroyed Surface(name=AppWindowToken{86a6c37 token=Token{589d536 ActivityRecord{a9756d1 u0 com.android.todolist/.MainActivity t13866}}})/@0x493ac72 - animation-leash#0
11-15 13:44:03.436  4311  7087 I ActivityTaskManager: START u0 {act=android.intent.action.MAIN cat=[android.intent.category.LAUNCHER] flg=0x10200000 cmp=com.android.todolist/.MainActivity bnds=[26,918][191,1162]} from uid 10086
11-15 13:44:03.465  4311  4360 D GameSDKService: MultiWindowEventListener.onFocusStackChanged(), state=0, top=ComponentInfo{com.android.todolist/com.android.todolist.MainActivity}
11-15 13:44:03.466  4311  4360 D GameSDKService: MultiWindowEventListener.onFocusStackChanged(): com.android.todolist
11-15 13:44:03.470  4311  4360 D GameManagerService: MultiWindowEventListener.onFocusStackChanged(), state=0, top=ComponentInfo{com.android.todolist/com.android.todolist.MainActivity}
11-15 13:44:03.485  4311  7087 V WindowManager: Setting visibility of Window{a194c3d u0 com.android.todolist/com.android.todolist.MainActivity}: true, caller=com.android.server.wm.WindowContainer.sendAppVisibilityToClients:640 com.android.server.wm.AppWindowToken.setClientHidden:621 com.android.server.wm.AppWindowToken.setVisibility:717 com.android.server.wm.ActivityRecord.setVisibility:2135 com.android.server.wm.ActivityStack.resumeTopActivityInnerLocked:3376 
11-15 13:44:03.491  4311  7087 D MARsPolicyManager: onPackageResumedFG pkgName = com.android.todolist, userId = 0
11-15 13:44:03.499  4311  4979 V WindowManager: Relayout Window{a194c3d u0 com.android.todolist/com.android.todolist.MainActivity}: viewVisibility=4 req=720x1560
11-15 13:44:03.508  4311  4979 I WindowManager: Reparenting to leash, surface=Surface(name=AppWindowToken{86a6c37 token=Token{589d536 ActivityRecord{a9756d1 u0 com.android.todolist/.MainActivity t13866}}})/@0x493ac72
11-15 13:44:03.509  3867  5370 I SurfaceFlinger: createSurf start. lock debugging [Surface(name=AppWindowToken{86a6c37 token=Token{589d536 ActivityRecord{a9756d1 u0 com.android.todolist/.MainActivity t13866}}})/@0x493ac72 - animation-leash]
11-15 13:44:03.510  3867  5370 I SurfaceFlinger: id=9575 createSurf (0x0),-1 flag=80004, Surface(name=AppWindowToken{86a6c37 token=Token{589d536 ActivityRecord{a9756d1 u0 com.android.todolist/.MainActivity t13866}}})/@0x493ac72 - animation-leash#0
11-15 13:44:03.510  4311  4979 D WindowManager: makeSurface duration=2 leash=Surface(name=Surface(name=AppWindowToken{86a6c37 token=Token{589d536 ActivityRecord{a9756d1 u0 com.android.todolist/.MainActivity t13866}}})/@0x493ac72 - animation-leash)/@0xf43b3e
11-15 13:44:03.538  4311  4360 D GameManagerService: noteResumeComponent(), resumeComponent: com.android.todolist
11-15 13:44:03.538  4311  4360 D GamePkgDataHelper: getSosPolicy(). com.android.todolist
11-15 13:44:03.539  4311  4360 D GameManagerService: identifyGamePackage. com.android.todolist, mCurrentUserId: 0, callerUserId: 0
11-15 13:44:03.539  4311  4360 D GamePkgDataHelper: getGamePkgData(). com.android.todolist
11-15 13:44:03.540  4311  4615 D GameManagerService: handleForegroundChange(). pkgName: com.android.todolist, clsName: com.android.todolist.MainActivity,FgActivityName:com.android.todolist/.MainActivity,userID:0
11-15 13:44:03.540  4311  4615 D GameManagerService:   handleForegroundChange(). set mFgApp: com.android.todolist
11-15 13:44:03.540  4311  4615 D GameManagerService: notifyResumePause(). pkg: com.android.todolist, type: 4, isMinimized: false, isTunableApp: false
11-15 13:44:03.541  4311  6647 D GamePkgDataHelper: getSosPolicy(). com.android.todolist
11-15 13:44:03.547  4311  4358 D CodecSolution: isMaxAspectPackageEx: com.android.todolist : false(0)
11-15 13:44:03.606  4311  6647 V WindowManager: Relayout Window{a194c3d u0 com.android.todolist/com.android.todolist.MainActivity}: viewVisibility=0 req=720x1560
11-15 13:44:03.614  3867  5370 I SurfaceFlinger: createSurf start. lock debugging [com.android.todolist/com.android.todolist.MainActivity$_11272]
11-15 13:44:03.617  3867  5370 I SurfaceFlinger: id=9577 createSurf (720x1560),1 flag=404, com.android.todolist/com.android.todolist.MainActivity$_11272#0
11-15 13:44:03.618  4311  6647 D WindowManager: makeSurface duration=3 name=com.android.todolist/com.android.todolist.MainActivity$_11272
11-15 13:44:03.619  4311  6647 V WindowManager: Changing focus from null to Window{a194c3d u0 com.android.todolist/com.android.todolist.MainActivity} displayId=0 Callers=com.android.server.wm.RootWindowContainer.updateFocusedWindowLocked:203 com.android.server.wm.WindowManagerService.updateFocusedWindowLocked:6107 com.android.server.wm.WindowManagerService.relayoutWindow:2554 com.android.server.wm.Session.relayout:202 android.view.IWindowSession$Stub.onTransact:708 com.android.server.wm.Session.onTransact:142 
11-15 13:44:03.672  4311  4684 D MdnieScenarioControlService:  packageName : com.android.todolist    className : com.android.todolist.MainActivity
11-15 13:44:03.679  4311  4979 I WindowManager: Reparenting to original parent: Surface(name=Task=13866)/@0x550c355, destroyLeash=true, surface=Surface(name=AppWindowToken{86a6c37 token=Token{589d536 ActivityRecord{a9756d1 u0 com.android.todolist/.MainActivity t13866}}})/@0x493ac72
11-15 13:44:03.690  3867  5131 I Layer   : id=9575 removeFromCurrentState Surface(name=AppWindowToken{86a6c37 token=Token{589d536 ActivityRecord{a9756d1 u0 com.android.todolist/.MainActivity t13866}}})/@0x493ac72 - animation-leash#0 (216)
11-15 13:44:03.693  3867  3867 E Layer   : [Surface(name=AppWindowToken{86a6c37 token=Token{589d536 ActivityRecord{a9756d1 u0 com.android.todolist/.MainActivity t13866}}})/@0x493ac72 - animation-leash#0] No local sync point found
11-15 13:44:03.710  3867  3867 E Layer   : [Surface(name=AppWindowToken{86a6c37 token=Token{589d536 ActivityRecord{a9756d1 u0 com.android.todolist/.MainActivity t13866}}})/@0x493ac72 - animation-leash#0] No local sync point found
11-15 13:44:03.725  3867  5131 I SurfaceFlinger: id=9575 Removed Surface(name=AppWindowToken{86a6c37 token=Token{589d536 ActivityRecord{a9756d1 u0 com.android.todolist/.MainActivity t13866}}})/@0x493ac72 - animation-leash#0 (216)
11-15 13:44:03.727  3867  3867 I Layer   : id=9575[1] Destroyed Surface(name=AppWindowToken{86a6c37 token=Token{589d536 ActivityRecord{a9756d1 u0 com.android.todolist/.MainActivity t13866}}})/@0x493ac72 - animation-leash#0
11-15 13:44:03.753  4311  4979 D WindowManager: finishDrawingWindow: Window{a194c3d u0 com.android.todolist/com.android.todolist.MainActivity} mDrawState=DRAW_PENDING
11-15 13:44:03.778 11272 11272 V InputMethodManager: Starting input: tba=com.android.todolist ic=null mNaviBarColor -855310 mIsGetNaviBarColorSuccess true , NavVisible : true , NavTrans : false
11-15 13:44:03.785  3867  3867 I SurfaceFlinger:      DEVICE | 0x71bbf10640 | 0002 | RGBA_8888 |   0.0    0.0  720.0 1560.0 |    0    0  720 1560 | com.android.todolist/com.android.todolist.MainActivity$_11272#0
11-15 13:44:03.797  4311  4979 V WindowManager: Relayout Window{a194c3d u0 com.android.todolist/com.android.todolist.MainActivity}: viewVisibility=0 req=720x1560
11-15 13:44:03.807  3867  5131 E BufferQueueProducer: [com.android.todolist/com.android.todolist.MainActivity$_11272#0] disconnect: not connected (req=1)
11-15 13:44:03.818  4311  6647 D WindowManager: finishDrawingWindow: Window{a194c3d u0 com.android.todolist/com.android.todolist.MainActivity} mDrawState=HAS_DRAWN
11-15 13:44:03.842  4311  4361 I WindowManager: Reparenting to original parent: Surface(name=AppWindowToken{86a6c37 token=Token{589d536 ActivityRecord{a9756d1 u0 com.android.todolist/.MainActivity t13866}}})/@0x493ac72, destroyLeash=true, surface=Surface(name=7dae6c0 SnapshotStartingWindow for taskId=13866)/@0x343efee
11-15 13:44:03.854  4311  4358 D CodecSolution: isMaxAspectPackageEx: com.android.todolist : false(0)
11-15 13:44:03.868  3867  3867 I SurfaceFlinger:      DEVICE | 0x71bbf14880 | 0002 | RGBA_8888 |   0.0    0.0  720.0 1560.0 |    0    0  720 1560 | com.android.todolist/com.android.todolist.MainActivity$_11272#0
11-15 13:44:03.984  4311  4684 D MdnieScenarioControlService:  packageName : com.android.todolist    className : com.android.todolist.MainActivity
11-15 13:44:04.971  4311  4615 D GameManagerService: handleForegroundChange(). pkgName: com.android.todolist, clsName: com.android.todolist.MainActivity,FgActivityName:com.android.todolist/.MainActivity,userID:0
11-15 13:44:05.445  4311  7087 I ActivityTaskManager: START u0 {cmp=com.android.todolist/.ListActivity (has extras)} from uid 10263
11-15 13:44:05.455  3867  3917 I SurfaceFlinger: createSurf start. lock debugging [AppWindowToken{39c6777 token=Token{325b576 ActivityRecord{e319011 u0 com.android.todolist/.ListActivity t13866}}}]
11-15 13:44:05.456  3867  3917 I SurfaceFlinger: id=9580 createSurf (0x0),-1 flag=80004, AppWindowToken{39c6777 token=Token{325b576 ActivityRecord{e319011 u0 com.android.todolist/.ListActivity t13866}}}#0
11-15 13:44:05.485  4311  4374 V MARsPolicyManager: onAlertToastWindowStarted pkgName = com.android.todolist, userId = 0
11-15 13:44:05.500  4311  4979 D GamePkgDataHelper: notifyAppCreate(), pkgName: com.android.todolist, sendRet: true
11-15 13:44:05.500  4311  4615 D GamePkgDataHelper: getGamePkgData(). com.android.todolist
11-15 13:44:05.500  4311  4615 D GameManagerService: handleMessage(), MSG_APP_CREATE. ignore. pkgName: com.android.todolist
11-15 13:44:05.502  4311  4979 V WindowManager: Changing focus from Window{a194c3d u0 com.android.todolist/com.android.todolist.MainActivity} to null displayId=0 Callers=com.android.server.wm.RootWindowContainer.updateFocusedWindowLocked:203 com.android.server.wm.WindowManagerService.updateFocusedWindowLocked:6107 com.android.server.wm.ActivityDisplay.setFocusedApp:1529 com.android.server.wm.ActivityTaskManagerService.setResumedActivityUncheckLocked:6719 com.android.server.wm.ActivityStack.onActivityStateChanged:642 com.android.server.wm.TaskRecord.onActivityStateChanged:2216 
11-15 13:44:05.503  4311  4979 D MARsPolicyManager: onPackageResumedFG pkgName = com.android.todolist, userId = 0
11-15 13:44:05.533  4311  4360 D GameManagerService: noteResumeComponent(), resumeComponent: com.android.todolist
11-15 13:44:05.533  4311  4615 D GameManagerService: handleForegroundChange(). pkgName: com.android.todolist, clsName: com.android.todolist.ListActivity,FgActivityName:com.android.todolist/.ListActivity,userID:0
11-15 13:44:05.597  3867  3867 I SurfaceFlinger:      DEVICE | 0x71bbf12a80 | 0002 | RGBA_8888 |   0.0    0.0  720.0 1560.0 |    0    0  720 1560 | com.android.todolist/com.android.todolist.MainActivity$_11272#0
11-15 13:44:05.770  3867  4302 I SurfaceFlinger: createSurf start. lock debugging [b446826 com.android.todolist/com.android.todolist.ListActivity]
11-15 13:44:05.770  3867  4302 I SurfaceFlinger: id=9584 createSurf (0x0),-1 flag=80004, b446826 com.android.todolist/com.android.todolist.ListActivity#0
11-15 13:44:05.804  4311  4979 V WindowManager: Relayout Window{b446826 u0 com.android.todolist/com.android.todolist.ListActivity}: viewVisibility=0 req=720x1560
11-15 13:44:05.807  3867  4302 I SurfaceFlinger: createSurf start. lock debugging [com.android.todolist/com.android.todolist.ListActivity$_11272]
11-15 13:44:05.808  3867  4302 I SurfaceFlinger: id=9585 createSurf (720x1560),1 flag=404, com.android.todolist/com.android.todolist.ListActivity$_11272#0
11-15 13:44:05.809  4311  4979 D WindowManager: makeSurface duration=2 name=com.android.todolist/com.android.todolist.ListActivity$_11272
11-15 13:44:05.810  4311  4979 V WindowManager: Changing focus from null to Window{b446826 u0 com.android.todolist/com.android.todolist.ListActivity} displayId=0 Callers=com.android.server.wm.RootWindowContainer.updateFocusedWindowLocked:203 com.android.server.wm.WindowManagerService.updateFocusedWindowLocked:6107 com.android.server.wm.WindowManagerService.relayoutWindow:2554 com.android.server.wm.Session.relayout:202 android.view.IWindowSession$Stub.onTransact:708 com.android.server.wm.Session.onTransact:142 
11-15 13:44:05.810  4311  4358 D WindowManager: setSystemUiVisibility: displayId=0, vis=0x8018, fullVis=0x0, dockVis=0x0, win=Window{b446826 u0 com.android.todolist/com.android.todolist.ListActivity}
11-15 13:44:05.853  4311  4979 D WindowManager: finishDrawingWindow: Window{b446826 u0 com.android.todolist/com.android.todolist.ListActivity} mDrawState=DRAW_PENDING
11-15 13:44:05.860  4311  4361 I WindowManager: Reparenting to leash, surface=Surface(name=AppWindowToken{86a6c37 token=Token{589d536 ActivityRecord{a9756d1 u0 com.android.todolist/.MainActivity t13866}}})/@0x493ac72
11-15 13:44:05.861  3867  3918 I SurfaceFlinger: createSurf start. lock debugging [Surface(name=AppWindowToken{86a6c37 token=Token{589d536 ActivityRecord{a9756d1 u0 com.android.todolist/.MainActivity t13866}}})/@0x493ac72 - animation-leash]
11-15 13:44:05.861  3867  3918 I SurfaceFlinger: id=9586 createSurf (0x0),-1 flag=80004, Surface(name=AppWindowToken{86a6c37 token=Token{589d536 ActivityRecord{a9756d1 u0 com.android.todolist/.MainActivity t13866}}})/@0x493ac72 - animation-leash#0
11-15 13:44:05.861  4311  4361 D WindowManager: makeSurface duration=1 leash=Surface(name=Surface(name=AppWindowToken{86a6c37 token=Token{589d536 ActivityRecord{a9756d1 u0 com.android.todolist/.MainActivity t13866}}})/@0x493ac72 - animation-leash)/@0xc281803
11-15 13:44:05.862  3867  3918 I SurfaceFlinger: createSurf start. lock debugging [Surface(name=AppWindowToken{86a6c37 token=Token{589d536 ActivityRecord{a9756d1 u0 com.android.todolist/.MainActivity t13866}}})/@0x493ac72 - animation-bounds]
11-15 13:44:05.863  3867  3918 I SurfaceFlinger: id=9587 createSurf (0x0),-1 flag=80004, Surface(name=AppWindowToken{86a6c37 token=Token{589d536 ActivityRecord{a9756d1 u0 com.android.todolist/.MainActivity t13866}}})/@0x493ac72 - animation-bounds#0
11-15 13:44:05.869  4311  4361 I WindowManager: Reparenting to leash, surface=Surface(name=AppWindowToken{39c6777 token=Token{325b576 ActivityRecord{e319011 u0 com.android.todolist/.ListActivity t13866}}})/@0x6ba1298
11-15 13:44:05.870  3867  3918 I SurfaceFlinger: createSurf start. lock debugging [Surface(name=AppWindowToken{39c6777 token=Token{325b576 ActivityRecord{e319011 u0 com.android.todolist/.ListActivity t13866}}})/@0x6ba1298 - animation-leash]
11-15 13:44:05.870  3867  3918 I SurfaceFlinger: id=9590 createSurf (0x0),-1 flag=80004, Surface(name=AppWindowToken{39c6777 token=Token{325b576 ActivityRecord{e319011 u0 com.android.todolist/.ListActivity t13866}}})/@0x6ba1298 - animation-leash#0
11-15 13:44:05.871  4311  4361 D WindowManager: makeSurface duration=1 leash=Surface(name=Surface(name=AppWindowToken{39c6777 token=Token{325b576 ActivityRecord{e319011 u0 com.android.todolist/.ListActivity t13866}}})/@0x6ba1298 - animation-leash)/@0x8746af1
11-15 13:44:05.871  3867  3918 I SurfaceFlinger: createSurf start. lock debugging [Surface(name=AppWindowToken{39c6777 token=Token{325b576 ActivityRecord{e319011 u0 com.android.todolist/.ListActivity t13866}}})/@0x6ba1298 - animation-bounds]
11-15 13:44:05.872  3867  3918 I SurfaceFlinger: id=9591 createSurf (0x0),-1 flag=80004, Surface(name=AppWindowToken{39c6777 token=Token{325b576 ActivityRecord{e319011 u0 com.android.todolist/.ListActivity t13866}}})/@0x6ba1298 - animation-bounds#0
11-15 13:44:05.917  3867  3867 I SurfaceFlinger:      DEVICE | 0x71bbf14880 | 0002 | RGBA_8888 |   0.0    0.0  720.0 1560.0 |    0    0  720 1560 | com.android.todolist/com.android.todolist.MainActivity$_11272#0
11-15 13:44:05.917  3867  3867 I SurfaceFlinger:      DEVICE | 0x71ddb21b00 | 0002 | RGBA_8888 |   0.0    0.0  720.0 1195.0 |    0  364  720 1560 | com.android.todolist/com.android.todolist.ListActivity$_11272#0
11-15 13:44:05.919 11272 11272 D EmergencyMode: [EmergencyManager] android createPackageContext successful: com.android.todolist
11-15 13:44:05.925 11272 11272 V InputMethodManager: Starting input: tba=com.android.todolist ic=null mNaviBarColor -855310 mIsGetNaviBarColorSuccess true , NavVisible : true , NavTrans : false
11-15 13:44:05.933  3867  3867 I SurfaceFlinger:      DEVICE | 0x71bbf14880 | 0002 | RGBA_8888 |   0.0    2.0  720.0 1560.0 |    0    0  720 1558 | com.android.todolist/com.android.todolist.MainActivity$_11272#0
11-15 13:44:05.933  3867  3867 I SurfaceFlinger:      DEVICE | 0x71ddb21b00 | 0002 | RGBA_8888 |   0.0    0.0  720.0 1211.0 |    0  348  720 1560 | com.android.todolist/com.android.todolist.ListActivity$_11272#0
11-15 13:44:06.190  4311  4361 I WindowManager: Reparenting to original parent: Surface(name=Task=13866)/@0x550c355, destroyLeash=true, surface=Surface(name=AppWindowToken{86a6c37 token=Token{589d536 ActivityRecord{a9756d1 u0 com.android.todolist/.MainActivity t13866}}})/@0x493ac72
11-15 13:44:06.191  4311  4361 V WindowManager: Setting visibility of Window{a194c3d u0 com.android.todolist/com.android.todolist.MainActivity}: false, caller=com.android.server.wm.WindowContainer.sendAppVisibilityToClients:640 com.android.server.wm.AppWindowToken.setClientHidden:621 com.android.server.wm.AppWindowToken.onAnimationFinished:3516 com.android.server.wm.-$$Lambda$yVRF8YoeNdTa8GR1wDStVsHu8xM.run:2 com.android.server.wm.SurfaceAnimator.lambda$getFinishedCallback$0$SurfaceAnimator:100 
11-15 13:44:06.191  4311  4361 I WindowManager: Reparenting to original parent: Surface(name=Task=13866)/@0x550c355, destroyLeash=true, surface=Surface(name=AppWindowToken{39c6777 token=Token{325b576 ActivityRecord{e319011 u0 com.android.todolist/.ListActivity t13866}}})/@0x6ba1298
11-15 13:44:06.198  3867  3867 I SurfaceFlinger:      DEVICE | 0x71ddb21ec0 | 0002 | RGBA_8888 |   0.0    0.0  720.0 1560.0 |    0    0  720 1560 | com.android.todolist/com.android.todolist.ListActivity$_11272#0
11-15 13:44:06.199  3867  4302 I Layer   : id=9586 removeFromCurrentState Surface(name=AppWindowToken{86a6c37 token=Token{589d536 ActivityRecord{a9756d1 u0 com.android.todolist/.MainActivity t13866}}})/@0x493ac72 - animation-leash#0 (223)
11-15 13:44:06.199  3867  4302 I Layer   : id=9587 removeFromCurrentState Surface(name=AppWindowToken{86a6c37 token=Token{589d536 ActivityRecord{a9756d1 u0 com.android.todolist/.MainActivity t13866}}})/@0x493ac72 - animation-bounds#0 (223)
11-15 13:44:06.199  3867  4302 I Layer   : id=9590 removeFromCurrentState Surface(name=AppWindowToken{39c6777 token=Token{325b576 ActivityRecord{e319011 u0 com.android.todolist/.ListActivity t13866}}})/@0x6ba1298 - animation-leash#0 (223)
11-15 13:44:06.199  3867  4302 I Layer   : id=9591 removeFromCurrentState Surface(name=AppWindowToken{39c6777 token=Token{325b576 ActivityRecord{e319011 u0 com.android.todolist/.ListActivity t13866}}})/@0x6ba1298 - animation-bounds#0 (223)
11-15 13:44:06.201  3867  3918 I SurfaceFlinger: id=9591 Removed Surface(name=AppWindowToken{39c6777 token=Token{325b576 ActivityRecord{e319011 u0 com.android.todolist/.ListActivity t13866}}})/@0x6ba1298 - animation-bounds#0 (223)
11-15 13:44:06.201  3867  4302 I SurfaceFlinger: id=9586 Removed Surface(name=AppWindowToken{86a6c37 token=Token{589d536 ActivityRecord{a9756d1 u0 com.android.todolist/.MainActivity t13866}}})/@0x493ac72 - animation-leash#0 (223)
11-15 13:44:06.202  3867  4302 I SurfaceFlinger: id=9587 Removed Surface(name=AppWindowToken{86a6c37 token=Token{589d536 ActivityRecord{a9756d1 u0 com.android.todolist/.MainActivity t13866}}})/@0x493ac72 - animation-bounds#0 (223)
11-15 13:44:06.202  3867  4302 I SurfaceFlinger: id=9590 Removed Surface(name=AppWindowToken{39c6777 token=Token{325b576 ActivityRecord{e319011 u0 com.android.todolist/.ListActivity t13866}}})/@0x6ba1298 - animation-leash#0 (223)
11-15 13:44:06.207  3867  3867 I Layer   : id=9587[1] Destroyed Surface(name=AppWindowToken{86a6c37 token=Token{589d536 ActivityRecord{a9756d1 u0 com.android.todolist/.MainActivity t13866}}})/@0x493ac72 - animation-bounds#0
11-15 13:44:06.207  3867  3867 I Layer   : id=9586[1] Destroyed Surface(name=AppWindowToken{86a6c37 token=Token{589d536 ActivityRecord{a9756d1 u0 com.android.todolist/.MainActivity t13866}}})/@0x493ac72 - animation-leash#0
11-15 13:44:06.207  3867  3867 I Layer   : id=9591[1] Destroyed Surface(name=AppWindowToken{39c6777 token=Token{325b576 ActivityRecord{e319011 u0 com.android.todolist/.ListActivity t13866}}})/@0x6ba1298 - animation-bounds#0
11-15 13:44:06.207  3867  3867 I Layer   : id=9590[1] Destroyed Surface(name=AppWindowToken{39c6777 token=Token{325b576 ActivityRecord{e319011 u0 com.android.todolist/.ListActivity t13866}}})/@0x6ba1298 - animation-leash#0
11-15 13:44:06.214  3867  3918 E BufferQueueProducer: [com.android.todolist/com.android.todolist.MainActivity$_11272#0] disconnect: not connected (req=1)
11-15 13:44:06.215  4311  4979 V WindowManager: Relayout Window{a194c3d u0 com.android.todolist/com.android.todolist.MainActivity}: viewVisibility=8 req=720x1560
11-15 13:44:06.241  4311  7087 V WindowManager: Relayout Window{a194c3d u0 com.android.todolist/com.android.todolist.MainActivity}: viewVisibility=8 req=720x1560
11-15 13:44:06.250  4311  4979 E WindowManager: win=Window{a194c3d u0 com.android.todolist/com.android.todolist.MainActivity} destroySurfaces: appStopped=true win.mWindowRemovalAllowed=false win.mRemoveOnExit=false win.mViewVisibility=8 caller=com.android.server.wm.AppWindowToken.destroySurfaces:1199 com.android.server.wm.AppWindowToken.destroySurfaces:1180 com.android.server.wm.AppWindowToken.notifyAppStopped:1235 com.android.server.wm.ActivityRecord.activityStoppedLocked:2597 com.android.server.wm.ActivityTaskManagerService.activityStopped:2380 android.app.IActivityTaskManager$Stub.onTransact:2180 android.os.Binder.execTransactInternal:1056 
11-15 13:44:06.250  4311  4979 I WindowManager: Destroying surface Surface(name=com.android.todolist/com.android.todolist.MainActivity$_11272)/@0xe81826b called by com.android.server.wm.WindowStateAnimator.destroySurface:1734 com.android.server.wm.WindowStateAnimator.destroySurfaceLocked:693 com.android.server.wm.WindowState.destroySurfaceUnchecked:3482 com.android.server.wm.WindowState.destroySurface:3456 com.android.server.wm.AppWindowToken.destroySurfaces:1199 com.android.server.wm.AppWindowToken.destroySurfaces:1180 com.android.server.wm.AppWindowToken.notifyAppStopped:1235 com.android.server.wm.ActivityRecord.activityStoppedLocked:2597 
11-15 13:44:06.250  3867  3918 I Layer   : id=9577 removeFromCurrentState com.android.todolist/com.android.todolist.MainActivity$_11272#0 (217)
11-15 13:44:06.260  3867  4302 I SurfaceFlinger: id=9577 Removed com.android.todolist/com.android.todolist.MainActivity$_11272#0 (217)
11-15 13:44:06.273  3867  3867 I Layer   : id=9577[1] Destroyed com.android.todolist/com.android.todolist.MainActivity$_11272#0
11-15 13:44:07.473  4311  4979 W NotificationService: Toast already killed. pkg=com.android.todolist callback=android.app.ITransientNotification$Stub$Proxy@628ab5e
11-15 13:44:07.981  3867  3867 I SurfaceFlinger:      DEVICE | 0x71ddb21b00 | 0002 | RGBA_8888 |   0.0    0.0  720.0 1560.0 |    0    0  720 1560 | com.android.todolist/com.android.todolist.ListActivity$_11272#0
11-15 13:44:08.553 11272 11272 D InputMethodManager: SSI - flag : 1 Pid : 11272 view : com.android.todolist
11-15 13:44:08.563 11272 11272 V InputMethodManager: Starting input: tba=com.android.todolist ic=com.android.internal.widget.EditableInputConnection@5ee8c7a mNaviBarColor -855310 mIsGetNaviBarColorSuccess true , NavVisible : true , NavTrans : false
11-15 13:44:09.044 18573 18573 D [SPAF]StructureParser: Parsing structure for ComponentInfo{com.android.todolist/com.android.todolist.ListActivity}
11-15 13:44:09.138  4311  7087 V WindowManager: Relayout Window{b446826 u0 com.android.todolist/com.android.todolist.ListActivity}: viewVisibility=0 req=720x1560
11-15 13:44:09.261  3867  3867 I SurfaceFlinger:      DEVICE | 0x71ddb21b00 | 0002 | RGBA_8888 |   0.0    0.0  720.0 1560.0 |    0    0  720 1560 | com.android.todolist/com.android.todolist.ListActivity$_11272#0
11-15 13:44:09.569  4311 12530 D GameManagerService: identifyGamePackage. com.android.todolist, mCurrentUserId: 0, callerUserId: 0
11-15 13:44:09.569  4311 12530 D GamePkgDataHelper: getGamePkgData(). com.android.todolist
11-15 13:44:10.597 11272 11272 V InputMethodManager: Starting input: tba=com.android.todolist ic=com.android.internal.widget.EditableInputConnection@35958f7 mNaviBarColor -855310 mIsGetNaviBarColorSuccess true , NavVisible : true , NavTrans : false
11-15 13:44:10.775  4311  4979 V WindowManager: Relayout Window{b446826 u0 com.android.todolist/com.android.todolist.ListActivity}: viewVisibility=0 req=720x1560
11-15 13:44:10.924  3867  3867 I SurfaceFlinger:      DEVICE | 0x71ddb1ee00 | 0002 | RGBA_8888 |   0.0    0.0  720.0 1560.0 |    0    0  720 1560 | com.android.todolist/com.android.todolist.ListActivity$_11272#0
11-15 13:44:12.336 11272 11272 D InputMethodManager: SSI - flag : 1 Pid : 11272 view : com.android.todolist
11-15 13:44:12.502  4311  4979 V WindowManager: Relayout Window{b446826 u0 com.android.todolist/com.android.todolist.ListActivity}: viewVisibility=0 req=720x1560
11-15 13:44:12.592  3867  3867 I SurfaceFlinger:      DEVICE | 0x71ddb21b00 | 0002 | RGBA_8888 |   0.0    0.0  720.0 1560.0 |    0    0  720 1560 | com.android.todolist/com.android.todolist.ListActivity$_11272#0
11-15 13:44:17.956  4311  7167 I ActivityTaskManager: START u0 {cmp=com.android.todolist/.MainActivity} from uid 10263
11-15 13:44:17.967  3867  4302 I SurfaceFlinger: createSurf start. lock debugging [AppWindowToken{f1ef5ef token=Token{b2812ce ActivityRecord{7682bc9 u0 com.android.todolist/.MainActivity t13866}}}]
11-15 13:44:17.967  3867  4302 I SurfaceFlinger: id=9598 createSurf (0x0),-1 flag=80004, AppWindowToken{f1ef5ef token=Token{b2812ce ActivityRecord{7682bc9 u0 com.android.todolist/.MainActivity t13866}}}#0
11-15 13:44:17.996  4311  7167 D GamePkgDataHelper: notifyAppCreate(), pkgName: com.android.todolist, sendRet: true
11-15 13:44:17.996  4311  4615 D GamePkgDataHelper: getGamePkgData(). com.android.todolist
11-15 13:44:17.996  4311  4615 D GameManagerService: handleMessage(), MSG_APP_CREATE. ignore. pkgName: com.android.todolist
11-15 13:44:17.997  4311  7167 V WindowManager: Changing focus from Window{b446826 u0 com.android.todolist/com.android.todolist.ListActivity} to null displayId=0 Callers=com.android.server.wm.RootWindowContainer.updateFocusedWindowLocked:203 com.android.server.wm.WindowManagerService.updateFocusedWindowLocked:6107 com.android.server.wm.ActivityDisplay.setFocusedApp:1529 com.android.server.wm.ActivityTaskManagerService.setResumedActivityUncheckLocked:6719 com.android.server.wm.ActivityStack.onActivityStateChanged:642 com.android.server.wm.TaskRecord.onActivityStateChanged:2216 
11-15 13:44:17.998  4311  7167 D MARsPolicyManager: onPackageResumedFG pkgName = com.android.todolist, userId = 0
11-15 13:44:18.019  4311  4360 D GameManagerService: noteResumeComponent(), resumeComponent: com.android.todolist
11-15 13:44:18.019  4311  4615 D GameManagerService: handleForegroundChange(). pkgName: com.android.todolist, clsName: com.android.todolist.MainActivity,FgActivityName:com.android.todolist/.MainActivity,userID:0
11-15 13:44:18.114  3867  4302 I SurfaceFlinger: createSurf start. lock debugging [90f020b com.android.todolist/com.android.todolist.MainActivity]
11-15 13:44:18.115  3867  4302 I SurfaceFlinger: id=9599 createSurf (0x0),-1 flag=80004, 90f020b com.android.todolist/com.android.todolist.MainActivity#0
11-15 13:44:18.230  4311  7167 V WindowManager: Relayout Window{90f020b u0 com.android.todolist/com.android.todolist.MainActivity}: viewVisibility=0 req=720x1560
11-15 13:44:18.233  3867  4302 I SurfaceFlinger: createSurf start. lock debugging [com.android.todolist/com.android.todolist.MainActivity$_11272]
11-15 13:44:18.233  3867  4302 I SurfaceFlinger: id=9600 createSurf (720x1560),1 flag=404, com.android.todolist/com.android.todolist.MainActivity$_11272#0
11-15 13:44:18.234  4311  7167 D WindowManager: makeSurface duration=2 name=com.android.todolist/com.android.todolist.MainActivity$_11272
11-15 13:44:18.235  4311  7167 V WindowManager: Changing focus from null to Window{90f020b u0 com.android.todolist/com.android.todolist.MainActivity} displayId=0 Callers=com.android.server.wm.RootWindowContainer.updateFocusedWindowLocked:203 com.android.server.wm.WindowManagerService.updateFocusedWindowLocked:6107 com.android.server.wm.WindowManagerService.relayoutWindow:2554 com.android.server.wm.Session.relayout:202 android.view.IWindowSession$Stub.onTransact:708 com.android.server.wm.Session.onTransact:142 
11-15 13:44:18.236  4311  4358 D WindowManager: setSystemUiVisibility: displayId=0, vis=0x8018, fullVis=0x0, dockVis=0x0, win=Window{90f020b u0 com.android.todolist/com.android.todolist.MainActivity}
11-15 13:44:18.359  4311  7167 D WindowManager: finishDrawingWindow: Window{90f020b u0 com.android.todolist/com.android.todolist.MainActivity} mDrawState=DRAW_PENDING
11-15 13:44:18.366  4311  4361 I WindowManager: Reparenting to leash, surface=Surface(name=AppWindowToken{39c6777 token=Token{325b576 ActivityRecord{e319011 u0 com.android.todolist/.ListActivity t13866}}})/@0x6ba1298
11-15 13:44:18.366  3867  5131 I SurfaceFlinger: createSurf start. lock debugging [Surface(name=AppWindowToken{39c6777 token=Token{325b576 ActivityRecord{e319011 u0 com.android.todolist/.ListActivity t13866}}})/@0x6ba1298 - animation-leash]
11-15 13:44:18.367  3867  5131 I SurfaceFlinger: id=9601 createSurf (0x0),-1 flag=80004, Surface(name=AppWindowToken{39c6777 token=Token{325b576 ActivityRecord{e319011 u0 com.android.todolist/.ListActivity t13866}}})/@0x6ba1298 - animation-leash#0
11-15 13:44:18.367  4311  4361 D WindowManager: makeSurface duration=2 leash=Surface(name=Surface(name=AppWindowToken{39c6777 token=Token{325b576 ActivityRecord{e319011 u0 com.android.todolist/.ListActivity t13866}}})/@0x6ba1298 - animation-leash)/@0xdddd63d
11-15 13:44:18.368  3867  5131 I SurfaceFlinger: createSurf start. lock debugging [Surface(name=AppWindowToken{39c6777 token=Token{325b576 ActivityRecord{e319011 u0 com.android.todolist/.ListActivity t13866}}})/@0x6ba1298 - animation-bounds]
11-15 13:44:18.368  3867  5131 I SurfaceFlinger: id=9602 createSurf (0x0),-1 flag=80004, Surface(name=AppWindowToken{39c6777 token=Token{325b576 ActivityRecord{e319011 u0 com.android.todolist/.ListActivity t13866}}})/@0x6ba1298 - animation-bounds#0
11-15 13:44:18.374  4311  4361 I WindowManager: Reparenting to leash, surface=Surface(name=AppWindowToken{f1ef5ef token=Token{b2812ce ActivityRecord{7682bc9 u0 com.android.todolist/.MainActivity t13866}}})/@0xdbe218a
11-15 13:44:18.375  3867  5131 I SurfaceFlinger: createSurf start. lock debugging [Surface(name=AppWindowToken{f1ef5ef token=Token{b2812ce ActivityRecord{7682bc9 u0 com.android.todolist/.MainActivity t13866}}})/@0xdbe218a - animation-leash]
11-15 13:44:18.375  3867  5131 I SurfaceFlinger: id=9605 createSurf (0x0),-1 flag=80004, Surface(name=AppWindowToken{f1ef5ef token=Token{b2812ce ActivityRecord{7682bc9 u0 com.android.todolist/.MainActivity t13866}}})/@0xdbe218a - animation-leash#0
11-15 13:44:18.376  4311  4361 D WindowManager: makeSurface duration=1 leash=Surface(name=Surface(name=AppWindowToken{f1ef5ef token=Token{b2812ce ActivityRecord{7682bc9 u0 com.android.todolist/.MainActivity t13866}}})/@0xdbe218a - animation-leash)/@0x2e883fb
11-15 13:44:18.376  3867  5131 I SurfaceFlinger: createSurf start. lock debugging [Surface(name=AppWindowToken{f1ef5ef token=Token{b2812ce ActivityRecord{7682bc9 u0 com.android.todolist/.MainActivity t13866}}})/@0xdbe218a - animation-bounds]
11-15 13:44:18.377  3867  5131 I SurfaceFlinger: id=9606 createSurf (0x0),-1 flag=80004, Surface(name=AppWindowToken{f1ef5ef token=Token{b2812ce ActivityRecord{7682bc9 u0 com.android.todolist/.MainActivity t13866}}})/@0xdbe218a - animation-bounds#0
11-15 13:44:18.422 11272 11272 V InputMethodManager: Starting input: tba=com.android.todolist ic=null mNaviBarColor -855310 mIsGetNaviBarColorSuccess true , NavVisible : true , NavTrans : false
11-15 13:44:18.422  3867  3867 I SurfaceFlinger:      DEVICE | 0x71ddb21b00 | 0002 | RGBA_8888 |   0.0    0.0  720.0 1560.0 |    0    0  720 1560 | com.android.todolist/com.android.todolist.ListActivity$_11272#0
11-15 13:44:18.422  3867  3867 I SurfaceFlinger:      DEVICE | 0x71d9ed4dc0 | 0002 | RGBA_8888 |   0.0    0.0  720.0 1195.0 |    0  364  720 1560 | com.android.todolist/com.android.todolist.MainActivity$_11272#0
11-15 13:44:18.442  3867  3867 I SurfaceFlinger:      DEVICE | 0x71ddb21ec0 | 0002 | RGBA_8888 |   0.0    2.0  720.0 1560.0 |    0    0  720 1558 | com.android.todolist/com.android.todolist.ListActivity$_11272#0
11-15 13:44:18.442  3867  3867 I SurfaceFlinger:      DEVICE | 0x71bbf11180 | 0002 | RGBA_8888 |   0.0    0.0  720.0 1211.0 |    0  348  720 1560 | com.android.todolist/com.android.todolist.MainActivity$_11272#0
11-15 13:44:18.696  4311  4361 I WindowManager: Reparenting to original parent: Surface(name=Task=13866)/@0x550c355, destroyLeash=true, surface=Surface(name=AppWindowToken{39c6777 token=Token{325b576 ActivityRecord{e319011 u0 com.android.todolist/.ListActivity t13866}}})/@0x6ba1298
11-15 13:44:18.697  4311  4361 V WindowManager: Setting visibility of Window{b446826 u0 com.android.todolist/com.android.todolist.ListActivity}: false, caller=com.android.server.wm.WindowContainer.sendAppVisibilityToClients:640 com.android.server.wm.AppWindowToken.setClientHidden:621 com.android.server.wm.AppWindowToken.onAnimationFinished:3516 com.android.server.wm.-$$Lambda$yVRF8YoeNdTa8GR1wDStVsHu8xM.run:2 com.android.server.wm.SurfaceAnimator.lambda$getFinishedCallback$0$SurfaceAnimator:100 
11-15 13:44:18.697  4311  4361 I WindowManager: Reparenting to original parent: Surface(name=Task=13866)/@0x550c355, destroyLeash=true, surface=Surface(name=AppWindowToken{f1ef5ef token=Token{b2812ce ActivityRecord{7682bc9 u0 com.android.todolist/.MainActivity t13866}}})/@0xdbe218a
11-15 13:44:18.702  3867  3867 I SurfaceFlinger:      DEVICE | 0x71d9ed4dc0 | 0002 | RGBA_8888 |   0.0    0.0  720.0 1560.0 |    0    0  720 1560 | com.android.todolist/com.android.todolist.MainActivity$_11272#0
11-15 13:44:18.707  3867  3918 I Layer   : id=9601 removeFromCurrentState Surface(name=AppWindowToken{39c6777 token=Token{325b576 ActivityRecord{e319011 u0 com.android.todolist/.ListActivity t13866}}})/@0x6ba1298 - animation-leash#0 (224)
11-15 13:44:18.707  3867  3918 I Layer   : id=9602 removeFromCurrentState Surface(name=AppWindowToken{39c6777 token=Token{325b576 ActivityRecord{e319011 u0 com.android.todolist/.ListActivity t13866}}})/@0x6ba1298 - animation-bounds#0 (224)
11-15 13:44:18.707  3867  3918 I Layer   : id=9605 removeFromCurrentState Surface(name=AppWindowToken{f1ef5ef token=Token{b2812ce ActivityRecord{7682bc9 u0 com.android.todolist/.MainActivity t13866}}})/@0xdbe218a - animation-leash#0 (224)
11-15 13:44:18.707  3867  3918 I Layer   : id=9606 removeFromCurrentState Surface(name=AppWindowToken{f1ef5ef token=Token{b2812ce ActivityRecord{7682bc9 u0 com.android.todolist/.MainActivity t13866}}})/@0xdbe218a - animation-bounds#0 (224)
11-15 13:44:18.709  3867  3918 I SurfaceFlinger: id=9601 Removed Surface(name=AppWindowToken{39c6777 token=Token{325b576 ActivityRecord{e319011 u0 com.android.todolist/.ListActivity t13866}}})/@0x6ba1298 - animation-leash#0 (224)
11-15 13:44:18.710  3867  3918 I SurfaceFlinger: id=9602 Removed Surface(name=AppWindowToken{39c6777 token=Token{325b576 ActivityRecord{e319011 u0 com.android.todolist/.ListActivity t13866}}})/@0x6ba1298 - animation-bounds#0 (224)
11-15 13:44:18.710  3867  3918 I SurfaceFlinger: id=9606 Removed Surface(name=AppWindowToken{f1ef5ef token=Token{b2812ce ActivityRecord{7682bc9 u0 com.android.todolist/.MainActivity t13866}}})/@0xdbe218a - animation-bounds#0 (224)
11-15 13:44:18.710  3867  4302 I SurfaceFlinger: id=9605 Removed Surface(name=AppWindowToken{f1ef5ef token=Token{b2812ce ActivityRecord{7682bc9 u0 com.android.todolist/.MainActivity t13866}}})/@0xdbe218a - animation-leash#0 (224)
11-15 13:44:18.713  3867  3867 I Layer   : id=9602[1] Destroyed Surface(name=AppWindowToken{39c6777 token=Token{325b576 ActivityRecord{e319011 u0 com.android.todolist/.ListActivity t13866}}})/@0x6ba1298 - animation-bounds#0
11-15 13:44:18.713  3867  3867 I Layer   : id=9601[1] Destroyed Surface(name=AppWindowToken{39c6777 token=Token{325b576 ActivityRecord{e319011 u0 com.android.todolist/.ListActivity t13866}}})/@0x6ba1298 - animation-leash#0
11-15 13:44:18.713  3867  3867 I Layer   : id=9606[1] Destroyed Surface(name=AppWindowToken{f1ef5ef token=Token{b2812ce ActivityRecord{7682bc9 u0 com.android.todolist/.MainActivity t13866}}})/@0xdbe218a - animation-bounds#0
11-15 13:44:18.713  3867  3867 I Layer   : id=9605[1] Destroyed Surface(name=AppWindowToken{f1ef5ef token=Token{b2812ce ActivityRecord{7682bc9 u0 com.android.todolist/.MainActivity t13866}}})/@0xdbe218a - animation-leash#0
11-15 13:44:18.716  3867  4302 E BufferQueueProducer: [com.android.todolist/com.android.todolist.ListActivity$_11272#0] disconnect: not connected (req=1)
11-15 13:44:18.718  4311  7167 V WindowManager: Relayout Window{b446826 u0 com.android.todolist/com.android.todolist.ListActivity}: viewVisibility=8 req=720x1560
11-15 13:44:18.722  3867  3867 I SurfaceFlinger:      DEVICE | 0x71d9ed4dc0 | 0002 | RGBA_8888 |   0.0    0.0  720.0 1560.0 |    0    0  720 1560 | com.android.todolist/com.android.todolist.MainActivity$_11272#0
11-15 13:44:18.737  4311  7167 I WindowManager: Destroying surface Surface(name=com.android.todolist/com.android.todolist.ListActivity$_11272)/@0x2477b48 called by com.android.server.wm.WindowStateAnimator.destroySurface:1734 com.android.server.wm.WindowStateAnimator.destroySurfaceLocked:693 com.android.server.wm.WindowState.removeImmediately:2282 com.android.server.wm.WindowState.removeIfPossible:2418 com.android.server.wm.WindowState.removeIfPossible:2297 com.android.server.wm.WindowManagerService.removeWindow:2024 com.android.server.wm.Session.remove:184 android.view.IWindowSession$Stub.onTransact:658 
11-15 13:44:18.738  3867  5131 I Layer   : id=9585 removeFromCurrentState com.android.todolist/com.android.todolist.ListActivity$_11272#0 (218)
11-15 13:44:18.738  3867  5131 I SurfaceFlinger: id=9585 Removed com.android.todolist/com.android.todolist.ListActivity$_11272#0 (218)
