11-15 13:44:18.741  3867  5131 I Layer   : id=9584 removeFromCurrentState b446826 com.android.todolist/com.android.todolist.ListActivity#0 (218)
11-15 13:44:18.746  3867  3867 I Layer   : id=9585[1] Destroyed com.android.todolist/com.android.todolist.ListActivity$_11272#0
11-15 13:44:18.753  3867  4302 I Layer   : id=9580 removeFromCurrentState AppWindowToken{39c6777 token=Token{325b576 ActivityRecord{e319011 u0 com.android.todolist/.ListActivity t13866}}}#0 (215)
11-15 13:44:26.435  4311  6647 V WindowManager: Changing focus from Window{90f020b u0 com.android.todolist/com.android.todolist.MainActivity} to null displayId=0 Callers=com.android.server.wm.RootWindowContainer.updateFocusedWindowLocked:203 com.android.server.wm.WindowManagerService.updateFocusedWindowLocked:6107 com.android.server.wm.ActivityDisplay.setFocusedApp:1529 com.android.server.wm.ActivityTaskManagerService.setResumedActivityUncheckLocked:6719 com.android.server.wm.ActivityRecord.moveFocusableActivityToTop:1810 com.android.server.wm.ActivityStack.moveTaskToFrontLocked:5557 
11-15 13:44:26.465  5087  6811 D RecommendedItemsProvider: <RecentApps> : (3) [{com.android.todolist/com.android.todolist.MainActivity} / UserHandle{0}, {org.telegram.messenger/org.telegram.ui.LaunchActivity} / UserHandle{0}, {com.android.chrome/org.chromium.chrome.browser.ChromeTabbedActivity} / UserHandle{0}]
11-15 13:44:26.465  5087  6811 D RecommendedItemsProvider: <Excludings> : (3) [{org.telegram.messenger/org.telegram.ui.LaunchActivity} / UserHandle{0}, {com.android.todolist/com.android.todolist.MainActivity} / UserHandle{0}, {com.android.chrome/org.chromium.chrome.browser.ChromeTabbedActivity} / UserHandle{0}]
11-15 13:44:26.510  5087  6962 I AppIconSolution: return adaptive icon for com.android.todolist
11-15 13:44:26.551  4311  4361 I WindowManager: Reparenting to leash, surface=Surface(name=AppWindowToken{f1ef5ef token=Token{b2812ce ActivityRecord{7682bc9 u0 com.android.todolist/.MainActivity t13866}}})/@0xdbe218a
11-15 13:44:26.551  3867  5131 I SurfaceFlinger: createSurf start. lock debugging [Surface(name=AppWindowToken{f1ef5ef token=Token{b2812ce ActivityRecord{7682bc9 u0 com.android.todolist/.MainActivity t13866}}})/@0xdbe218a - animation-leash]
11-15 13:44:26.552  3867  5131 I SurfaceFlinger: id=9609 createSurf (0x0),-1 flag=80004, Surface(name=AppWindowToken{f1ef5ef token=Token{b2812ce ActivityRecord{7682bc9 u0 com.android.todolist/.MainActivity t13866}}})/@0xdbe218a - animation-leash#0
11-15 13:44:26.552  4311  4361 D WindowManager: makeSurface duration=2 leash=Surface(name=Surface(name=AppWindowToken{f1ef5ef token=Token{b2812ce ActivityRecord{7682bc9 u0 com.android.todolist/.MainActivity t13866}}})/@0xdbe218a - animation-leash)/@0x9cac151
11-15 13:44:26.655  3867  3867 I SurfaceFlinger:      CLIENT | 0x71d9ed4dc0 | 0002 | RGBA_8888 |   0.0    0.0  720.0 1560.0 |    0    1  720 1558 | com.android.todolist/com.android.todolist.MainActivity$_11272#0
11-15 13:44:26.997  5087  6811 D RunestoneHelper: getAppsByUsagePattern of com.android.todolist
11-15 13:44:27.010  4311  6647 I WindowManager: Reparenting to original parent: Surface(name=Task=13866)/@0x550c355, destroyLeash=true, surface=Surface(name=AppWindowToken{f1ef5ef token=Token{b2812ce ActivityRecord{7682bc9 u0 com.android.todolist/.MainActivity t13866}}})/@0xdbe218a
11-15 13:44:27.011  4311  6647 V WindowManager: Setting visibility of Window{90f020b u0 com.android.todolist/com.android.todolist.MainActivity}: false, caller=com.android.server.wm.WindowContainer.sendAppVisibilityToClients:640 com.android.server.wm.AppWindowToken.setClientHidden:621 com.android.server.wm.AppWindowToken.onAnimationFinished:3516 com.android.server.wm.-$$Lambda$yVRF8YoeNdTa8GR1wDStVsHu8xM.run:2 com.android.server.wm.SurfaceAnimator.lambda$getFinishedCallback$0$SurfaceAnimator:100 
11-15 13:44:27.017  3867  3918 I Layer   : id=9609 removeFromCurrentState Surface(name=AppWindowToken{f1ef5ef token=Token{b2812ce ActivityRecord{7682bc9 u0 com.android.todolist/.MainActivity t13866}}})/@0xdbe218a - animation-leash#0 (219)
11-15 13:44:27.025  3867  3867 E Layer   : [Surface(name=AppWindowToken{f1ef5ef token=Token{b2812ce ActivityRecord{7682bc9 u0 com.android.todolist/.MainActivity t13866}}})/@0xdbe218a - animation-leash#0] No local sync point found
11-15 13:44:27.025  3867  3867 E Layer   : [Surface(name=AppWindowToken{f1ef5ef token=Token{b2812ce ActivityRecord{7682bc9 u0 com.android.todolist/.MainActivity t13866}}})/@0xdbe218a - animation-leash#0] No local sync point found
11-15 13:44:27.030  3867  5131 E BufferQueueProducer: [com.android.todolist/com.android.todolist.MainActivity$_11272#0] disconnect: not connected (req=1)
11-15 13:44:27.047  4311  5369 V WindowManager: Relayout Window{90f020b u0 com.android.todolist/com.android.todolist.MainActivity}: viewVisibility=8 req=720x1560
11-15 13:44:27.091  4311  5369 V WindowManager: Relayout Window{90f020b u0 com.android.todolist/com.android.todolist.MainActivity}: viewVisibility=8 req=720x1560
11-15 13:44:27.114  4311  5369 E WindowManager: win=Window{90f020b u0 com.android.todolist/com.android.todolist.MainActivity} destroySurfaces: appStopped=true win.mWindowRemovalAllowed=false win.mRemoveOnExit=false win.mViewVisibility=8 caller=com.android.server.wm.AppWindowToken.destroySurfaces:1199 com.android.server.wm.AppWindowToken.destroySurfaces:1180 com.android.server.wm.AppWindowToken.notifyAppStopped:1235 com.android.server.wm.ActivityRecord.activityStoppedLocked:2597 com.android.server.wm.ActivityTaskManagerService.activityStopped:2380 android.app.IActivityTaskManager$Stub.onTransact:2180 android.os.Binder.execTransactInternal:1056 
11-15 13:44:27.115  4311  5369 I WindowManager: Destroying surface Surface(name=com.android.todolist/com.android.todolist.MainActivity$_11272)/@0x4612cf2 called by com.android.server.wm.WindowStateAnimator.destroySurface:1734 com.android.server.wm.WindowStateAnimator.destroySurfaceLocked:693 com.android.server.wm.WindowState.destroySurfaceUnchecked:3482 com.android.server.wm.WindowState.destroySurface:3456 com.android.server.wm.AppWindowToken.destroySurfaces:1199 com.android.server.wm.AppWindowToken.destroySurfaces:1180 com.android.server.wm.AppWindowToken.notifyAppStopped:1235 com.android.server.wm.ActivityRecord.activityStoppedLocked:2597 
11-15 13:44:27.115  3867  5370 I Layer   : id=9600 removeFromCurrentState com.android.todolist/com.android.todolist.MainActivity$_11272#0 (219)
11-15 13:44:27.116  3867  5370 I SurfaceFlinger: id=9600 Removed com.android.todolist/com.android.todolist.MainActivity$_11272#0 (219)
11-15 13:44:27.121  3867  3867 I Layer   : id=9600[1] Destroyed com.android.todolist/com.android.todolist.MainActivity$_11272#0
11-15 13:44:29.153  5087  6962 I AppIconSolution: return adaptive icon for com.android.todolist
11-15 13:44:40.592  3867  4302 I SurfaceFlinger: id=9584 Removed b446826 com.android.todolist/com.android.todolist.ListActivity#0 (227)
11-15 13:44:40.592  3867  4302 I SurfaceFlinger: id=9580 Removed AppWindowToken{39c6777 token=Token{325b576 ActivityRecord{e319011 u0 com.android.todolist/.ListActivity t13866}}}#0 (227)
11-15 13:44:40.595  3867  3867 I Layer   : id=9580[1] Destroyed AppWindowToken{39c6777 token=Token{325b576 ActivityRecord{e319011 u0 com.android.todolist/.ListActivity t13866}}}#0
11-15 13:44:40.595  3867  3867 I Layer   : id=9584[1] Destroyed b446826 com.android.todolist/com.android.todolist.ListActivity#0
11-15 13:45:11.074  3867  4302 I SurfaceFlinger: id=9609 Removed Surface(name=AppWindowToken{f1ef5ef token=Token{b2812ce ActivityRecord{7682bc9 u0 com.android.todolist/.MainActivity t13866}}})/@0xdbe218a - animation-leash#0 (224)
11-15 13:45:11.081  3867  3867 I Layer   : id=9609[1] Destroyed Surface(name=AppWindowToken{f1ef5ef token=Token{b2812ce ActivityRecord{7682bc9 u0 com.android.todolist/.MainActivity t13866}}})/@0xdbe218a - animation-leash#0
11-15 13:45:12.657  4311  4519 I ActivityTaskManager: START u0 {act=android.intent.action.MAIN cat=[android.intent.category.LAUNCHER] flg=0x10200000 cmp=com.android.todolist/.MainActivity bnds=[26,918][191,1162]} from uid 10086
11-15 13:45:12.687  4311  4360 D GameSDKService: MultiWindowEventListener.onFocusStackChanged(), state=0, top=ComponentInfo{com.android.todolist/com.android.todolist.MainActivity}
11-15 13:45:12.699  4311  4360 D GameSDKService: MultiWindowEventListener.onFocusStackChanged(): com.android.todolist
11-15 13:45:12.704  4311  6513 V WindowManager: Setting visibility of Window{90f020b u0 com.android.todolist/com.android.todolist.MainActivity}: true, caller=com.android.server.wm.WindowContainer.sendAppVisibilityToClients:640 com.android.server.wm.AppWindowToken.setClientHidden:621 com.android.server.wm.AppWindowToken.setVisibility:717 com.android.server.wm.ActivityRecord.setVisibility:2135 com.android.server.wm.ActivityStack.resumeTopActivityInnerLocked:3376 
11-15 13:45:12.710  4311  6513 D MARsPolicyManager: onPackageResumedFG pkgName = com.android.todolist, userId = 0
11-15 13:45:12.719  4311  6596 V WindowManager: Relayout Window{90f020b u0 com.android.todolist/com.android.todolist.MainActivity}: viewVisibility=4 req=720x1560
11-15 13:45:12.725  4311  4360 D GameManagerService: MultiWindowEventListener.onFocusStackChanged(), state=0, top=ComponentInfo{com.android.todolist/com.android.todolist.MainActivity}
11-15 13:45:12.736  4311  4519 I WindowManager: Reparenting to leash, surface=Surface(name=AppWindowToken{f1ef5ef token=Token{b2812ce ActivityRecord{7682bc9 u0 com.android.todolist/.MainActivity t13866}}})/@0xdbe218a
11-15 13:45:12.736  3867  3918 I SurfaceFlinger: createSurf start. lock debugging [Surface(name=AppWindowToken{f1ef5ef token=Token{b2812ce ActivityRecord{7682bc9 u0 com.android.todolist/.MainActivity t13866}}})/@0xdbe218a - animation-leash]
11-15 13:45:12.736  3867  3918 I SurfaceFlinger: id=9653 createSurf (0x0),-1 flag=80004, Surface(name=AppWindowToken{f1ef5ef token=Token{b2812ce ActivityRecord{7682bc9 u0 com.android.todolist/.MainActivity t13866}}})/@0xdbe218a - animation-leash#0
11-15 13:45:12.737  4311  4519 D WindowManager: makeSurface duration=1 leash=Surface(name=Surface(name=AppWindowToken{f1ef5ef token=Token{b2812ce ActivityRecord{7682bc9 u0 com.android.todolist/.MainActivity t13866}}})/@0xdbe218a - animation-leash)/@0x3d52f25
11-15 13:45:12.761  4311  4360 D GameManagerService: noteResumeComponent(), resumeComponent: com.android.todolist
11-15 13:45:12.761  4311  4360 D GamePkgDataHelper: getSosPolicy(). com.android.todolist
11-15 13:45:12.761  4311  4360 D GameManagerService: identifyGamePackage. com.android.todolist, mCurrentUserId: 0, callerUserId: 0
11-15 13:45:12.761  4311  4360 D GamePkgDataHelper: getGamePkgData(). com.android.todolist
11-15 13:45:12.762  4311  4615 D GameManagerService: handleForegroundChange(). pkgName: com.android.todolist, clsName: com.android.todolist.MainActivity,FgActivityName:com.android.todolist/.MainActivity,userID:0
11-15 13:45:12.762  4311  4615 D GameManagerService:   handleForegroundChange(). set mFgApp: com.android.todolist
11-15 13:45:12.762  4311  4615 D GameManagerService: notifyResumePause(). pkg: com.android.todolist, type: 4, isMinimized: false, isTunableApp: false
11-15 13:45:12.765  4311  4358 D CodecSolution: isMaxAspectPackageEx: com.android.todolist : false(0)
11-15 13:45:12.766  4311  6596 D GamePkgDataHelper: getSosPolicy(). com.android.todolist
11-15 13:45:12.791  4311  6596 D GameManagerService: identifyForegroundApp. com.android.todolist, mCurrentUserId: 0, callerUserId: 0
11-15 13:45:12.791  4311  6596 D GamePkgDataHelper: getGamePkgData(). com.android.todolist
11-15 13:45:12.794  4311  4976 D GameManagerService: identifyGamePackage. com.android.todolist, mCurrentUserId: 0, callerUserId: 0
11-15 13:45:12.794  4311  4976 D GamePkgDataHelper: getGamePkgData(). com.android.todolist
11-15 13:45:12.821  4311  4976 V WindowManager: Relayout Window{90f020b u0 com.android.todolist/com.android.todolist.MainActivity}: viewVisibility=0 req=720x1560
11-15 13:45:12.826  3867  5131 I SurfaceFlinger: createSurf start. lock debugging [com.android.todolist/com.android.todolist.MainActivity$_11272]
11-15 13:45:12.827  3867  5131 I SurfaceFlinger: id=9655 createSurf (720x1560),1 flag=404, com.android.todolist/com.android.todolist.MainActivity$_11272#0
11-15 13:45:12.829  4311  4976 D WindowManager: makeSurface duration=3 name=com.android.todolist/com.android.todolist.MainActivity$_11272
11-15 13:45:12.830  4311  4976 V WindowManager: Changing focus from null to Window{90f020b u0 com.android.todolist/com.android.todolist.MainActivity} displayId=0 Callers=com.android.server.wm.RootWindowContainer.updateFocusedWindowLocked:203 com.android.server.wm.WindowManagerService.updateFocusedWindowLocked:6107 com.android.server.wm.WindowManagerService.relayoutWindow:2554 com.android.server.wm.Session.relayout:202 android.view.IWindowSession$Stub.onTransact:708 com.android.server.wm.Session.onTransact:142 
11-15 13:45:12.883  4311  4976 I WindowManager: Reparenting to original parent: Surface(name=Task=13866)/@0x550c355, destroyLeash=true, surface=Surface(name=AppWindowToken{f1ef5ef token=Token{b2812ce ActivityRecord{7682bc9 u0 com.android.todolist/.MainActivity t13866}}})/@0xdbe218a
11-15 13:45:12.894  3867  4302 I Layer   : id=9653 removeFromCurrentState Surface(name=AppWindowToken{f1ef5ef token=Token{b2812ce ActivityRecord{7682bc9 u0 com.android.todolist/.MainActivity t13866}}})/@0xdbe218a - animation-leash#0 (218)
11-15 13:45:12.897  3867  3867 E Layer   : [Surface(name=AppWindowToken{f1ef5ef token=Token{b2812ce ActivityRecord{7682bc9 u0 com.android.todolist/.MainActivity t13866}}})/@0xdbe218a - animation-leash#0] No local sync point found
11-15 13:45:12.897  3867  3867 E Layer   : [Surface(name=AppWindowToken{f1ef5ef token=Token{b2812ce ActivityRecord{7682bc9 u0 com.android.todolist/.MainActivity t13866}}})/@0xdbe218a - animation-leash#0] No local sync point found
11-15 13:45:12.908  4311  4684 D MdnieScenarioControlService:  packageName : com.android.todolist    className : com.android.todolist.MainActivity
11-15 13:45:12.936  3867  5370 I SurfaceFlinger: id=9653 Removed Surface(name=AppWindowToken{f1ef5ef token=Token{b2812ce ActivityRecord{7682bc9 u0 com.android.todolist/.MainActivity t13866}}})/@0xdbe218a - animation-leash#0 (218)
11-15 13:45:12.946  3867  3867 I Layer   : id=9653[1] Destroyed Surface(name=AppWindowToken{f1ef5ef token=Token{b2812ce ActivityRecord{7682bc9 u0 com.android.todolist/.MainActivity t13866}}})/@0xdbe218a - animation-leash#0
11-15 13:45:12.946  4311  4976 D WindowManager: finishDrawingWindow: Window{90f020b u0 com.android.todolist/com.android.todolist.MainActivity} mDrawState=DRAW_PENDING
11-15 13:45:12.958 11272 11272 V InputMethodManager: Starting input: tba=com.android.todolist ic=null mNaviBarColor -855310 mIsGetNaviBarColorSuccess true , NavVisible : true , NavTrans : false
11-15 13:45:12.982  4311  4976 V WindowManager: Relayout Window{90f020b u0 com.android.todolist/com.android.todolist.MainActivity}: viewVisibility=0 req=720x1560
11-15 13:45:12.987  3867  3867 I SurfaceFlinger:      DEVICE | 0x71bbf11400 | 0002 | RGBA_8888 |   0.0    0.0  720.0 1560.0 |    0    0  720 1560 | com.android.todolist/com.android.todolist.MainActivity$_11272#0
11-15 13:45:12.992  3867  5370 E BufferQueueProducer: [com.android.todolist/com.android.todolist.MainActivity$_11272#0] disconnect: not connected (req=1)
11-15 13:45:13.004  4311  4976 D WindowManager: finishDrawingWindow: Window{90f020b u0 com.android.todolist/com.android.todolist.MainActivity} mDrawState=HAS_DRAWN
11-15 13:45:13.035  4311  4358 D CodecSolution: isMaxAspectPackageEx: com.android.todolist : false(0)
11-15 13:45:13.048  4311  4361 I WindowManager: Reparenting to original parent: Surface(name=AppWindowToken{f1ef5ef token=Token{b2812ce ActivityRecord{7682bc9 u0 com.android.todolist/.MainActivity t13866}}})/@0xdbe218a, destroyLeash=true, surface=Surface(name=ff3188f SnapshotStartingWindow for taskId=13866)/@0x7e92b95
11-15 13:45:13.068  3867  3867 I SurfaceFlinger:      DEVICE | 0x71d9ed5680 | 0002 | RGBA_8888 |   0.0    0.0  720.0 1560.0 |    0    0  720 1560 | com.android.todolist/com.android.todolist.MainActivity$_11272#0
11-15 13:45:13.165  4311  4684 D MdnieScenarioControlService:  packageName : com.android.todolist    className : com.android.todolist.MainActivity
11-15 13:45:14.226  4311  4615 D GameManagerService: handleForegroundChange(). pkgName: com.android.todolist, clsName: com.android.todolist.MainActivity,FgActivityName:com.android.todolist/.MainActivity,userID:0
11-15 13:45:14.721  4311  4519 I ActivityTaskManager: START u0 {cmp=com.android.todolist/.ListActivity (has extras)} from uid 10263
11-15 13:45:14.729  3867  3917 I SurfaceFlinger: createSurf start. lock debugging [AppWindowToken{9f4400a token=Token{3d81875 ActivityRecord{1b9b3ac u0 com.android.todolist/.ListActivity t13866}}}]
11-15 13:45:14.730  3867  3917 I SurfaceFlinger: id=9658 createSurf (0x0),-1 flag=80004, AppWindowToken{9f4400a token=Token{3d81875 ActivityRecord{1b9b3ac u0 com.android.todolist/.ListActivity t13866}}}#0
11-15 13:45:14.756  4311  4374 V MARsPolicyManager: onAlertToastWindowStarted pkgName = com.android.todolist, userId = 0
11-15 13:45:14.775  4311  4519 D GamePkgDataHelper: notifyAppCreate(), pkgName: com.android.todolist, sendRet: true
11-15 13:45:14.775  4311  4615 D GamePkgDataHelper: getGamePkgData(). com.android.todolist
11-15 13:45:14.775  4311  4615 D GameManagerService: handleMessage(), MSG_APP_CREATE. ignore. pkgName: com.android.todolist
11-15 13:45:14.782  4311  4519 V WindowManager: Changing focus from Window{90f020b u0 com.android.todolist/com.android.todolist.MainActivity} to null displayId=0 Callers=com.android.server.wm.RootWindowContainer.updateFocusedWindowLocked:203 com.android.server.wm.WindowManagerService.updateFocusedWindowLocked:6107 com.android.server.wm.ActivityDisplay.setFocusedApp:1529 com.android.server.wm.ActivityTaskManagerService.setResumedActivityUncheckLocked:6719 com.android.server.wm.ActivityStack.onActivityStateChanged:642 com.android.server.wm.TaskRecord.onActivityStateChanged:2216 
11-15 13:45:14.784  4311  4519 D MARsPolicyManager: onPackageResumedFG pkgName = com.android.todolist, userId = 0
11-15 13:45:14.801  4311  4360 D GameManagerService: noteResumeComponent(), resumeComponent: com.android.todolist
11-15 13:45:14.802  4311  4615 D GameManagerService: handleForegroundChange(). pkgName: com.android.todolist, clsName: com.android.todolist.ListActivity,FgActivityName:com.android.todolist/.ListActivity,userID:0
11-15 13:45:14.900  3867  3867 I SurfaceFlinger:      DEVICE | 0x71bb7b8000 | 0002 | RGBA_8888 |   0.0    0.0  720.0 1560.0 |    0    0  720 1560 | com.android.todolist/com.android.todolist.MainActivity$_11272#0
11-15 13:45:15.029  3867  3918 I SurfaceFlinger: createSurf start. lock debugging [8ec7e6b com.android.todolist/com.android.todolist.ListActivity]
11-15 13:45:15.030  3867  3918 I SurfaceFlinger: id=9662 createSurf (0x0),-1 flag=80004, 8ec7e6b com.android.todolist/com.android.todolist.ListActivity#0
11-15 13:45:15.077  4311  4976 V WindowManager: Relayout Window{8ec7e6b u0 com.android.todolist/com.android.todolist.ListActivity}: viewVisibility=0 req=720x1560
11-15 13:45:15.084  3867  3917 I SurfaceFlinger: createSurf start. lock debugging [com.android.todolist/com.android.todolist.ListActivity$_11272]
11-15 13:45:15.085  3867  3917 I SurfaceFlinger: id=9663 createSurf (720x1560),1 flag=404, com.android.todolist/com.android.todolist.ListActivity$_11272#0
11-15 13:45:15.086  4311  4976 D WindowManager: makeSurface duration=3 name=com.android.todolist/com.android.todolist.ListActivity$_11272
11-15 13:45:15.087  4311  4976 V WindowManager: Changing focus from null to Window{8ec7e6b u0 com.android.todolist/com.android.todolist.ListActivity} displayId=0 Callers=com.android.server.wm.RootWindowContainer.updateFocusedWindowLocked:203 com.android.server.wm.WindowManagerService.updateFocusedWindowLocked:6107 com.android.server.wm.WindowManagerService.relayoutWindow:2554 com.android.server.wm.Session.relayout:202 android.view.IWindowSession$Stub.onTransact:708 com.android.server.wm.Session.onTransact:142 
11-15 13:45:15.095  4311  4358 D WindowManager: setSystemUiVisibility: displayId=0, vis=0x8018, fullVis=0x0, dockVis=0x0, win=Window{8ec7e6b u0 com.android.todolist/com.android.todolist.ListActivity}
11-15 13:45:15.142  4311  6513 D WindowManager: finishDrawingWindow: Window{8ec7e6b u0 com.android.todolist/com.android.todolist.ListActivity} mDrawState=DRAW_PENDING
11-15 13:45:15.177  4311  4361 I WindowManager: Reparenting to leash, surface=Surface(name=AppWindowToken{f1ef5ef token=Token{b2812ce ActivityRecord{7682bc9 u0 com.android.todolist/.MainActivity t13866}}})/@0xdbe218a
11-15 13:45:15.178  3867  5370 I SurfaceFlinger: createSurf start. lock debugging [Surface(name=AppWindowToken{f1ef5ef token=Token{b2812ce ActivityRecord{7682bc9 u0 com.android.todolist/.MainActivity t13866}}})/@0xdbe218a - animation-leash]
11-15 13:45:15.179  3867  5370 I SurfaceFlinger: id=9664 createSurf (0x0),-1 flag=80004, Surface(name=AppWindowToken{f1ef5ef token=Token{b2812ce ActivityRecord{7682bc9 u0 com.android.todolist/.MainActivity t13866}}})/@0xdbe218a - animation-leash#0
11-15 13:45:15.180  4311  4361 D WindowManager: makeSurface duration=2 leash=Surface(name=Surface(name=AppWindowToken{f1ef5ef token=Token{b2812ce ActivityRecord{7682bc9 u0 com.android.todolist/.MainActivity t13866}}})/@0xdbe218a - animation-leash)/@0xbddce74
11-15 13:45:15.181  3867  5370 I SurfaceFlinger: createSurf start. lock debugging [Surface(name=AppWindowToken{f1ef5ef token=Token{b2812ce ActivityRecord{7682bc9 u0 com.android.todolist/.MainActivity t13866}}})/@0xdbe218a - animation-bounds]
11-15 13:45:15.181  3867  5370 I SurfaceFlinger: id=9665 createSurf (0x0),-1 flag=80004, Surface(name=AppWindowToken{f1ef5ef token=Token{b2812ce ActivityRecord{7682bc9 u0 com.android.todolist/.MainActivity t13866}}})/@0xdbe218a - animation-bounds#0
11-15 13:45:15.197  4311  4361 I WindowManager: Reparenting to leash, surface=Surface(name=AppWindowToken{9f4400a token=Token{3d81875 ActivityRecord{1b9b3ac u0 com.android.todolist/.ListActivity t13866}}})/@0x1fef555
11-15 13:45:15.198  3867  5370 I SurfaceFlinger: createSurf start. lock debugging [Surface(name=AppWindowToken{9f4400a token=Token{3d81875 ActivityRecord{1b9b3ac u0 com.android.todolist/.ListActivity t13866}}})/@0x1fef555 - animation-leash]
11-15 13:45:15.199  3867  5370 I SurfaceFlinger: id=9668 createSurf (0x0),-1 flag=80004, Surface(name=AppWindowToken{9f4400a token=Token{3d81875 ActivityRecord{1b9b3ac u0 com.android.todolist/.ListActivity t13866}}})/@0x1fef555 - animation-leash#0
11-15 13:45:15.200  4311  4361 D WindowManager: makeSurface duration=2 leash=Surface(name=Surface(name=AppWindowToken{9f4400a token=Token{3d81875 ActivityRecord{1b9b3ac u0 com.android.todolist/.ListActivity t13866}}})/@0x1fef555 - animation-leash)/@0xd0c8b6a
11-15 13:45:15.200  3867  5370 I SurfaceFlinger: createSurf start. lock debugging [Surface(name=AppWindowToken{9f4400a token=Token{3d81875 ActivityRecord{1b9b3ac u0 com.android.todolist/.ListActivity t13866}}})/@0x1fef555 - animation-bounds]
11-15 13:45:15.201  3867  5370 I SurfaceFlinger: id=9669 createSurf (0x0),-1 flag=80004, Surface(name=AppWindowToken{9f4400a token=Token{3d81875 ActivityRecord{1b9b3ac u0 com.android.todolist/.ListActivity t13866}}})/@0x1fef555 - animation-bounds#0
11-15 13:45:15.258  3867  3867 I SurfaceFlinger:      DEVICE | 0x71ddb21b00 | 0002 | RGBA_8888 |   0.0    0.0  720.0 1560.0 |    0    0  720 1560 | com.android.todolist/com.android.todolist.MainActivity$_11272#0
11-15 13:45:15.258  3867  3867 I SurfaceFlinger:      DEVICE | 0x71bbf11180 | 0002 | RGBA_8888 |   0.0    0.0  720.0 1195.0 |    0  364  720 1560 | com.android.todolist/com.android.todolist.ListActivity$_11272#0
11-15 13:45:15.270  3867  3867 I SurfaceFlinger:      DEVICE | 0x71ddb21b00 | 0002 | RGBA_8888 |   0.0    2.0  720.0 1560.0 |    0    0  720 1558 | com.android.todolist/com.android.todolist.MainActivity$_11272#0
11-15 13:45:15.270  3867  3867 I SurfaceFlinger:      DEVICE | 0x71bbf11180 | 0002 | RGBA_8888 |   0.0    0.0  720.0 1210.0 |    0  350  720 1560 | com.android.todolist/com.android.todolist.ListActivity$_11272#0
11-15 13:45:15.512  4311  4361 I WindowManager: Reparenting to original parent: Surface(name=Task=13866)/@0x550c355, destroyLeash=true, surface=Surface(name=AppWindowToken{f1ef5ef token=Token{b2812ce ActivityRecord{7682bc9 u0 com.android.todolist/.MainActivity t13866}}})/@0xdbe218a
11-15 13:45:15.517  4311  4361 V WindowManager: Setting visibility of Window{90f020b u0 com.android.todolist/com.android.todolist.MainActivity}: false, caller=com.android.server.wm.WindowContainer.sendAppVisibilityToClients:640 com.android.server.wm.AppWindowToken.setClientHidden:621 com.android.server.wm.AppWindowToken.onAnimationFinished:3516 com.android.server.wm.-$$Lambda$yVRF8YoeNdTa8GR1wDStVsHu8xM.run:2 com.android.server.wm.SurfaceAnimator.lambda$getFinishedCallback$0$SurfaceAnimator:100 
11-15 13:45:15.518  4311  4361 I WindowManager: Reparenting to original parent: Surface(name=Task=13866)/@0x550c355, destroyLeash=true, surface=Surface(name=AppWindowToken{9f4400a token=Token{3d81875 ActivityRecord{1b9b3ac u0 com.android.todolist/.ListActivity t13866}}})/@0x1fef555
11-15 13:45:15.529  3867  5370 I Layer   : id=9664 removeFromCurrentState Surface(name=AppWindowToken{f1ef5ef token=Token{b2812ce ActivityRecord{7682bc9 u0 com.android.todolist/.MainActivity t13866}}})/@0xdbe218a - animation-leash#0 (225)
11-15 13:45:15.529  3867  5370 I Layer   : id=9665 removeFromCurrentState Surface(name=AppWindowToken{f1ef5ef token=Token{b2812ce ActivityRecord{7682bc9 u0 com.android.todolist/.MainActivity t13866}}})/@0xdbe218a - animation-bounds#0 (225)
11-15 13:45:15.529  3867  5370 I Layer   : id=9668 removeFromCurrentState Surface(name=AppWindowToken{9f4400a token=Token{3d81875 ActivityRecord{1b9b3ac u0 com.android.todolist/.ListActivity t13866}}})/@0x1fef555 - animation-leash#0 (225)
11-15 13:45:15.529  3867  5370 I Layer   : id=9669 removeFromCurrentState Surface(name=AppWindowToken{9f4400a token=Token{3d81875 ActivityRecord{1b9b3ac u0 com.android.todolist/.ListActivity t13866}}})/@0x1fef555 - animation-bounds#0 (225)
11-15 13:45:15.533  3867  5370 E BufferQueueProducer: [com.android.todolist/com.android.todolist.MainActivity$_11272#0] disconnect: not connected (req=1)
11-15 13:45:15.534  3867  4302 I SurfaceFlinger: id=9665 Removed Surface(name=AppWindowToken{f1ef5ef token=Token{b2812ce ActivityRecord{7682bc9 u0 com.android.todolist/.MainActivity t13866}}})/@0xdbe218a - animation-bounds#0 (225)
11-15 13:45:15.534  3867  4302 I SurfaceFlinger: id=9668 Removed Surface(name=AppWindowToken{9f4400a token=Token{3d81875 ActivityRecord{1b9b3ac u0 com.android.todolist/.ListActivity t13866}}})/@0x1fef555 - animation-leash#0 (225)
11-15 13:45:15.536  3867  5370 I SurfaceFlinger: id=9664 Removed Surface(name=AppWindowToken{f1ef5ef token=Token{b2812ce ActivityRecord{7682bc9 u0 com.android.todolist/.MainActivity t13866}}})/@0xdbe218a - animation-leash#0 (225)
11-15 13:45:15.536  3867  5370 I SurfaceFlinger: id=9669 Removed Surface(name=AppWindowToken{9f4400a token=Token{3d81875 ActivityRecord{1b9b3ac u0 com.android.todolist/.ListActivity t13866}}})/@0x1fef555 - animation-bounds#0 (225)
11-15 13:45:15.536  4311  6513 V WindowManager: Relayout Window{90f020b u0 com.android.todolist/com.android.todolist.MainActivity}: viewVisibility=8 req=720x1560
11-15 13:45:15.538  3867  3867 I SurfaceFlinger:      DEVICE | 0x71bbf11180 | 0002 | RGBA_8888 |   0.0    0.0  720.0 1560.0 |    0    0  720 1560 | com.android.todolist/com.android.todolist.ListActivity$_11272#0
11-15 13:45:15.544  3867  3867 I Layer   : id=9665[1] Destroyed Surface(name=AppWindowToken{f1ef5ef token=Token{b2812ce ActivityRecord{7682bc9 u0 com.android.todolist/.MainActivity t13866}}})/@0xdbe218a - animation-bounds#0
11-15 13:45:15.544  3867  3867 I Layer   : id=9664[1] Destroyed Surface(name=AppWindowToken{f1ef5ef token=Token{b2812ce ActivityRecord{7682bc9 u0 com.android.todolist/.MainActivity t13866}}})/@0xdbe218a - animation-leash#0
11-15 13:45:15.544  3867  3867 I Layer   : id=9669[1] Destroyed Surface(name=AppWindowToken{9f4400a token=Token{3d81875 ActivityRecord{1b9b3ac u0 com.android.todolist/.ListActivity t13866}}})/@0x1fef555 - animation-bounds#0
11-15 13:45:15.544  3867  3867 I Layer   : id=9668[1] Destroyed Surface(name=AppWindowToken{9f4400a token=Token{3d81875 ActivityRecord{1b9b3ac u0 com.android.todolist/.ListActivity t13866}}})/@0x1fef555 - animation-leash#0
11-15 13:45:15.785 11272 11272 V InputMethodManager: Starting input: tba=com.android.todolist ic=null mNaviBarColor -855310 mIsGetNaviBarColorSuccess true , NavVisible : true , NavTrans : false
11-15 13:45:15.811  4311  4613 V WindowManager: Relayout Window{90f020b u0 com.android.todolist/com.android.todolist.MainActivity}: viewVisibility=8 req=720x1560
11-15 13:45:15.832  4311  4519 E WindowManager: win=Window{90f020b u0 com.android.todolist/com.android.todolist.MainActivity} destroySurfaces: appStopped=true win.mWindowRemovalAllowed=false win.mRemoveOnExit=false win.mViewVisibility=8 caller=com.android.server.wm.AppWindowToken.destroySurfaces:1199 com.android.server.wm.AppWindowToken.destroySurfaces:1180 com.android.server.wm.AppWindowToken.notifyAppStopped:1235 com.android.server.wm.ActivityRecord.activityStoppedLocked:2597 com.android.server.wm.ActivityTaskManagerService.activityStopped:2380 android.app.IActivityTaskManager$Stub.onTransact:2180 android.os.Binder.execTransactInternal:1056 
11-15 13:45:15.832  4311  4519 I WindowManager: Destroying surface Surface(name=com.android.todolist/com.android.todolist.MainActivity$_11272)/@0x1d415bd called by com.android.server.wm.WindowStateAnimator.destroySurface:1734 com.android.server.wm.WindowStateAnimator.destroySurfaceLocked:693 com.android.server.wm.WindowState.destroySurfaceUnchecked:3482 com.android.server.wm.WindowState.destroySurface:3456 com.android.server.wm.AppWindowToken.destroySurfaces:1199 com.android.server.wm.AppWindowToken.destroySurfaces:1180 com.android.server.wm.AppWindowToken.notifyAppStopped:1235 com.android.server.wm.ActivityRecord.activityStoppedLocked:2597 
11-15 13:45:15.833  3867  3917 I Layer   : id=9655 removeFromCurrentState com.android.todolist/com.android.todolist.MainActivity$_11272#0 (218)
11-15 13:45:15.834  3867  5370 I SurfaceFlinger: id=9655 Removed com.android.todolist/com.android.todolist.MainActivity$_11272#0 (218)
11-15 13:45:15.843  3867  3867 I Layer   : id=9655[1] Destroyed com.android.todolist/com.android.todolist.MainActivity$_11272#0
11-15 13:45:16.789  4311  6596 W NotificationService: Toast already killed. pkg=com.android.todolist callback=android.app.ITransientNotification$Stub$Proxy@29f9da0
11-15 13:45:16.875  4311  4311 D GameManagerService: identifyGamePackage. com.android.todolist, mCurrentUserId: 0, callerUserId: 0
11-15 13:45:16.875  4311  4311 D GamePkgDataHelper: getGamePkgData(). com.android.todolist
11-15 13:45:16.922 11272 11272 D InputMethodManager: SSI - flag : 1 Pid : 11272 view : com.android.todolist
11-15 13:45:16.937 11272 11272 V InputMethodManager: Starting input: tba=com.android.todolist ic=com.android.internal.widget.EditableInputConnection@6a80557 mNaviBarColor -855310 mIsGetNaviBarColorSuccess true , NavVisible : true , NavTrans : false
11-15 13:45:17.268  3867  3867 I SurfaceFlinger:      DEVICE | 0x71d9ed5400 | 0002 | RGBA_8888 |   0.0    0.0  720.0 1560.0 |    0    0  720 1560 | com.android.todolist/com.android.todolist.ListActivity$_11272#0
11-15 13:45:17.348 18573 18573 D [SPAF]StructureParser: Parsing structure for ComponentInfo{com.android.todolist/com.android.todolist.ListActivity}
11-15 13:45:17.804  4311  4613 V WindowManager: Relayout Window{8ec7e6b u0 com.android.todolist/com.android.todolist.ListActivity}: viewVisibility=0 req=720x1560
11-15 13:45:17.932  3867  3867 I SurfaceFlinger:      DEVICE | 0x71bbf11180 | 0002 | RGBA_8888 |   0.0    0.0  720.0 1560.0 |    0    0  720 1560 | com.android.todolist/com.android.todolist.ListActivity$_11272#0
11-15 13:45:18.242 11272 11272 D InputMethodManager: SSI - flag : 0 Pid : 11272 view : com.android.todolist
11-15 13:45:18.688  3867  3867 I SurfaceFlinger:      DEVICE | 0x71bbf11180 | 0002 | RGBA_8888 |   0.0    0.0  720.0 1560.0 |    0    0  720 1560 | com.android.todolist/com.android.todolist.ListActivity$_11272#0
11-15 13:45:18.724  4311  4361 I WindowManager: Reparenting to original parent: Surface(name=8ec7e6b com.android.todolist/com.android.todolist.ListActivity)/@0xa73c48d, destroyLeash=true, surface=Surface(name=cccb3ea PopupWindow:638e99e)/@0x1213451
11-15 13:45:18.777  4311 12530 D GameManagerService: identifyGamePackage. com.android.todolist, mCurrentUserId: 0, callerUserId: 0
11-15 13:45:18.777  4311 12530 D GamePkgDataHelper: getGamePkgData(). com.android.todolist
11-15 13:45:18.887  3867  3867 I SurfaceFlinger:      DEVICE | 0x71bbf11180 | 0002 | RGBA_8888 |   0.0    0.0  720.0 1560.0 |    0    0  720 1560 | com.android.todolist/com.android.todolist.ListActivity$_11272#0
11-15 13:45:19.293 11272 11272 V InputMethodManager: Starting input: tba=com.android.todolist ic=com.android.internal.widget.EditableInputConnection@505c750 mNaviBarColor -855310 mIsGetNaviBarColorSuccess true , NavVisible : true , NavTrans : false
11-15 13:45:19.582  4311  4361 I WindowManager: Reparenting to original parent: Surface(name=8ec7e6b com.android.todolist/com.android.todolist.ListActivity)/@0xa73c48d, destroyLeash=true, surface=Surface(name=cccb3ea PopupWindow:638e99e)/@0x1213451
11-15 13:45:19.599  3867  3867 I SurfaceFlinger:      DEVICE | 0x71bbf11180 | 0002 | RGBA_8888 |   0.0    0.0  720.0 1560.0 |    0    0  720 1560 | com.android.todolist/com.android.todolist.ListActivity$_11272#0
11-15 13:45:19.661  3867  3867 I SurfaceFlinger:      DEVICE | 0x71bbf11180 | 0002 | RGBA_8888 |   0.0    0.0  720.0 1560.0 |    0    0  720 1560 | com.android.todolist/com.android.todolist.ListActivity$_11272#0
11-15 13:45:19.667  4311  7168 V WindowManager: Relayout Window{8ec7e6b u0 com.android.todolist/com.android.todolist.ListActivity}: viewVisibility=0 req=720x1560
11-15 13:45:19.751  3867  3867 I SurfaceFlinger:      DEVICE | 0x71bbf11900 | 0002 | RGBA_8888 |   0.0    0.0  720.0 1560.0 |    0    0  720 1560 | com.android.todolist/com.android.todolist.ListActivity$_11272#0
11-15 13:45:20.741 11272 11272 D InputMethodManager: SSI - flag : 1 Pid : 11272 view : com.android.todolist
11-15 13:45:20.903  4311  7168 V WindowManager: Relayout Window{8ec7e6b u0 com.android.todolist/com.android.todolist.ListActivity}: viewVisibility=0 req=720x1560
11-15 13:45:20.999  3867  3867 I SurfaceFlinger:      DEVICE | 0x71d9ed5400 | 0002 | RGBA_8888 |   0.0    0.0  720.0 1560.0 |    0    0  720 1560 | com.android.todolist/com.android.todolist.ListActivity$_11272#0
11-15 13:45:21.870  3867  3867 I SurfaceFlinger:      DEVICE | 0x71d9ed5400 | 0002 | RGBA_8888 |   0.0    0.0  720.0 1560.0 |    0    0  720 1560 | com.android.todolist/com.android.todolist.ListActivity$_11272#0
11-15 13:45:22.983 11272 11272 V InputMethodManager: Starting input: tba=com.android.todolist ic=com.android.internal.widget.EditableInputConnection@28b9ac2 mNaviBarColor -855310 mIsGetNaviBarColorSuccess true , NavVisible : true , NavTrans : false
11-15 13:45:23.000  3867  3867 I SurfaceFlinger:      CLIENT | 0x71bbf11900 | 0002 | RGBA_8888 |   0.0    0.0  720.0 1560.0 |    0    0  720 1560 | com.android.todolist/com.android.todolist.ListActivity$_11272#0
11-15 13:45:23.187  4311  7342 V WindowManager: Relayout Window{8ec7e6b u0 com.android.todolist/com.android.todolist.ListActivity}: viewVisibility=0 req=720x1560
11-15 13:45:23.351  3867  3867 I SurfaceFlinger:      DEVICE | 0x71d9ed5400 | 0002 | RGBA_8888 |   0.0    0.0  720.0 1560.0 |    0    0  720 1560 | com.android.todolist/com.android.todolist.ListActivity$_11272#0
11-15 13:45:24.147  4311  6513 I ActivityTaskManager: START u0 {cmp=com.android.todolist/.MainActivity} from uid 10263
11-15 13:45:24.158  3867  5131 I SurfaceFlinger: createSurf start. lock debugging [AppWindowToken{6c0654c token=Token{f48617f ActivityRecord{c4cb29e u0 com.android.todolist/.MainActivity t13866}}}]
11-15 13:45:24.158  3867  5131 I SurfaceFlinger: id=9686 createSurf (0x0),-1 flag=80004, AppWindowToken{6c0654c token=Token{f48617f ActivityRecord{c4cb29e u0 com.android.todolist/.MainActivity t13866}}}#0
11-15 13:45:24.184  4311  4613 D GamePkgDataHelper: notifyAppCreate(), pkgName: com.android.todolist, sendRet: true
11-15 13:45:24.184  4311  4615 D GamePkgDataHelper: getGamePkgData(). com.android.todolist
11-15 13:45:24.184  4311  4615 D GameManagerService: handleMessage(), MSG_APP_CREATE. ignore. pkgName: com.android.todolist
11-15 13:45:24.186  4311  4613 V WindowManager: Changing focus from Window{8ec7e6b u0 com.android.todolist/com.android.todolist.ListActivity} to null displayId=0 Callers=com.android.server.wm.RootWindowContainer.updateFocusedWindowLocked:203 com.android.server.wm.WindowManagerService.updateFocusedWindowLocked:6107 com.android.server.wm.ActivityDisplay.setFocusedApp:1529 com.android.server.wm.ActivityTaskManagerService.setResumedActivityUncheckLocked:6719 com.android.server.wm.ActivityStack.onActivityStateChanged:642 com.android.server.wm.TaskRecord.onActivityStateChanged:2216 
11-15 13:45:24.187  4311  4613 D MARsPolicyManager: onPackageResumedFG pkgName = com.android.todolist, userId = 0
11-15 13:45:24.209  4311  4360 D GameManagerService: noteResumeComponent(), resumeComponent: com.android.todolist
11-15 13:45:24.209  4311  4615 D GameManagerService: handleForegroundChange(). pkgName: com.android.todolist, clsName: com.android.todolist.MainActivity,FgActivityName:com.android.todolist/.MainActivity,userID:0
11-15 13:45:24.296  3867  3917 I SurfaceFlinger: createSurf start. lock debugging [3348a38 com.android.todolist/com.android.todolist.MainActivity]
11-15 13:45:24.296  3867  3917 I SurfaceFlinger: id=9687 createSurf (0x0),-1 flag=80004, 3348a38 com.android.todolist/com.android.todolist.MainActivity#0
11-15 13:45:24.399  4311  6596 V WindowManager: Relayout Window{3348a38 u0 com.android.todolist/com.android.todolist.MainActivity}: viewVisibility=0 req=720x1560
11-15 13:45:24.403  3867  5131 I SurfaceFlinger: createSurf start. lock debugging [com.android.todolist/com.android.todolist.MainActivity$_11272]
11-15 13:45:24.403  3867  5131 I SurfaceFlinger: id=9688 createSurf (720x1560),1 flag=404, com.android.todolist/com.android.todolist.MainActivity$_11272#0
11-15 13:45:24.405  4311  6596 D WindowManager: makeSurface duration=2 name=com.android.todolist/com.android.todolist.MainActivity$_11272
11-15 13:45:24.406  4311  6596 V WindowManager: Changing focus from null to Window{3348a38 u0 com.android.todolist/com.android.todolist.MainActivity} displayId=0 Callers=com.android.server.wm.RootWindowContainer.updateFocusedWindowLocked:203 com.android.server.wm.WindowManagerService.updateFocusedWindowLocked:6107 com.android.server.wm.WindowManagerService.relayoutWindow:2554 com.android.server.wm.Session.relayout:202 android.view.IWindowSession$Stub.onTransact:708 com.android.server.wm.Session.onTransact:142 
11-15 13:45:24.406  4311  4358 D WindowManager: setSystemUiVisibility: displayId=0, vis=0x8018, fullVis=0x0, dockVis=0x0, win=Window{3348a38 u0 com.android.todolist/com.android.todolist.MainActivity}
11-15 13:45:24.508  4311  6596 D WindowManager: finishDrawingWindow: Window{3348a38 u0 com.android.todolist/com.android.todolist.MainActivity} mDrawState=DRAW_PENDING
11-15 13:45:24.513  4311  4361 I WindowManager: Reparenting to leash, surface=Surface(name=AppWindowToken{9f4400a token=Token{3d81875 ActivityRecord{1b9b3ac u0 com.android.todolist/.ListActivity t13866}}})/@0x1fef555
11-15 13:45:24.514  3867  3917 I SurfaceFlinger: createSurf start. lock debugging [Surface(name=AppWindowToken{9f4400a token=Token{3d81875 ActivityRecord{1b9b3ac u0 com.android.todolist/.ListActivity t13866}}})/@0x1fef555 - animation-leash]
11-15 13:45:24.514  3867  3917 I SurfaceFlinger: id=9689 createSurf (0x0),-1 flag=80004, Surface(name=AppWindowToken{9f4400a token=Token{3d81875 ActivityRecord{1b9b3ac u0 com.android.todolist/.ListActivity t13866}}})/@0x1fef555 - animation-leash#0
11-15 13:45:24.515  4311  4361 D WindowManager: makeSurface duration=2 leash=Surface(name=Surface(name=AppWindowToken{9f4400a token=Token{3d81875 ActivityRecord{1b9b3ac u0 com.android.todolist/.ListActivity t13866}}})/@0x1fef555 - animation-leash)/@0xb529502
11-15 13:45:24.516  3867  3917 I SurfaceFlinger: createSurf start. lock debugging [Surface(name=AppWindowToken{9f4400a token=Token{3d81875 ActivityRecord{1b9b3ac u0 com.android.todolist/.ListActivity t13866}}})/@0x1fef555 - animation-bounds]
11-15 13:45:24.516  3867  3917 I SurfaceFlinger: id=9690 createSurf (0x0),-1 flag=80004, Surface(name=AppWindowToken{9f4400a token=Token{3d81875 ActivityRecord{1b9b3ac u0 com.android.todolist/.ListActivity t13866}}})/@0x1fef555 - animation-bounds#0
11-15 13:45:24.526  4311  4361 I WindowManager: Reparenting to leash, surface=Surface(name=AppWindowToken{6c0654c token=Token{f48617f ActivityRecord{c4cb29e u0 com.android.todolist/.MainActivity t13866}}})/@0xb3b5c8b
11-15 13:45:24.526  3867  3917 I SurfaceFlinger: createSurf start. lock debugging [Surface(name=AppWindowToken{6c0654c token=Token{f48617f ActivityRecord{c4cb29e u0 com.android.todolist/.MainActivity t13866}}})/@0xb3b5c8b - animation-leash]
11-15 13:45:24.526  3867  3917 I SurfaceFlinger: id=9693 createSurf (0x0),-1 flag=80004, Surface(name=AppWindowToken{6c0654c token=Token{f48617f ActivityRecord{c4cb29e u0 com.android.todolist/.MainActivity t13866}}})/@0xb3b5c8b - animation-leash#0
11-15 13:45:24.527  4311  4361 D WindowManager: makeSurface duration=2 leash=Surface(name=Surface(name=AppWindowToken{6c0654c token=Token{f48617f ActivityRecord{c4cb29e u0 com.android.todolist/.MainActivity t13866}}})/@0xb3b5c8b - animation-leash)/@0xcfaf168
11-15 13:45:24.528  3867  3917 I SurfaceFlinger: createSurf start. lock debugging [Surface(name=AppWindowToken{6c0654c token=Token{f48617f ActivityRecord{c4cb29e u0 com.android.todolist/.MainActivity t13866}}})/@0xb3b5c8b - animation-bounds]
11-15 13:45:24.528  3867  3917 I SurfaceFlinger: id=9694 createSurf (0x0),-1 flag=80004, Surface(name=AppWindowToken{6c0654c token=Token{f48617f ActivityRecord{c4cb29e u0 com.android.todolist/.MainActivity t13866}}})/@0xb3b5c8b - animation-bounds#0
11-15 13:45:24.556 11272 11272 V InputMethodManager: Starting input: tba=com.android.todolist ic=null mNaviBarColor -855310 mIsGetNaviBarColorSuccess true , NavVisible : true , NavTrans : false
11-15 13:45:24.565  3867  3867 I SurfaceFlinger:      DEVICE | 0x71bbf11900 | 0002 | RGBA_8888 |   0.0    0.0  720.0 1560.0 |    0    0  720 1560 | com.android.todolist/com.android.todolist.ListActivity$_11272#0
11-15 13:45:24.565  3867  3867 I SurfaceFlinger:      DEVICE | 0x71d9ed8ec0 | 0002 | RGBA_8888 |   0.0    0.0  720.0 1195.0 |    0  364  720 1560 | com.android.todolist/com.android.todolist.MainActivity$_11272#0
11-15 13:45:24.575  3867  3867 I SurfaceFlinger:      DEVICE | 0x71bbf11180 | 0002 | RGBA_8888 |   0.0    2.0  720.0 1560.0 |    0    0  720 1558 | com.android.todolist/com.android.todolist.ListActivity$_11272#0
11-15 13:45:24.575  3867  3867 I SurfaceFlinger:      DEVICE | 0x71d9ed8ec0 | 0002 | RGBA_8888 |   0.0    0.0  720.0 1211.0 |    0  348  720 1560 | com.android.todolist/com.android.todolist.MainActivity$_11272#0
11-15 13:45:24.835  4311  4361 I WindowManager: Reparenting to original parent: Surface(name=Task=13866)/@0x550c355, destroyLeash=true, surface=Surface(name=AppWindowToken{9f4400a token=Token{3d81875 ActivityRecord{1b9b3ac u0 com.android.todolist/.ListActivity t13866}}})/@0x1fef555
11-15 13:45:24.835  4311  4361 V WindowManager: Setting visibility of Window{8ec7e6b u0 com.android.todolist/com.android.todolist.ListActivity}: false, caller=com.android.server.wm.WindowContainer.sendAppVisibilityToClients:640 com.android.server.wm.AppWindowToken.setClientHidden:621 com.android.server.wm.AppWindowToken.onAnimationFinished:3516 com.android.server.wm.-$$Lambda$yVRF8YoeNdTa8GR1wDStVsHu8xM.run:2 com.android.server.wm.SurfaceAnimator.lambda$getFinishedCallback$0$SurfaceAnimator:100 
11-15 13:45:24.836  4311  4361 I WindowManager: Reparenting to original parent: Surface(name=Task=13866)/@0x550c355, destroyLeash=true, surface=Surface(name=AppWindowToken{6c0654c token=Token{f48617f ActivityRecord{c4cb29e u0 com.android.todolist/.MainActivity t13866}}})/@0xb3b5c8b
11-15 13:45:24.840  3867  5131 I Layer   : id=9689 removeFromCurrentState Surface(name=AppWindowToken{9f4400a token=Token{3d81875 ActivityRecord{1b9b3ac u0 com.android.todolist/.ListActivity t13866}}})/@0x1fef555 - animation-leash#0 (223)
11-15 13:45:24.840  3867  5131 I Layer   : id=9690 removeFromCurrentState Surface(name=AppWindowToken{9f4400a token=Token{3d81875 ActivityRecord{1b9b3ac u0 com.android.todolist/.ListActivity t13866}}})/@0x1fef555 - animation-bounds#0 (223)
11-15 13:45:24.840  3867  5131 I Layer   : id=9693 removeFromCurrentState Surface(name=AppWindowToken{6c0654c token=Token{f48617f ActivityRecord{c4cb29e u0 com.android.todolist/.MainActivity t13866}}})/@0xb3b5c8b - animation-leash#0 (223)
11-15 13:45:24.840  3867  5131 I Layer   : id=9694 removeFromCurrentState Surface(name=AppWindowToken{6c0654c token=Token{f48617f ActivityRecord{c4cb29e u0 com.android.todolist/.MainActivity t13866}}})/@0xb3b5c8b - animation-bounds#0 (223)
11-15 13:45:24.841  3867  3867 I SurfaceFlinger:      DEVICE | 0x71d9ed8ec0 | 0002 | RGBA_8888 |   0.0    0.0  720.0 1560.0 |    0    0  720 1560 | com.android.todolist/com.android.todolist.MainActivity$_11272#0
11-15 13:45:24.843  3867  3917 I SurfaceFlinger: id=9689 Removed Surface(name=AppWindowToken{9f4400a token=Token{3d81875 ActivityRecord{1b9b3ac u0 com.android.todolist/.ListActivity t13866}}})/@0x1fef555 - animation-leash#0 (223)
11-15 13:45:24.843  3867  3917 I SurfaceFlinger: id=9690 Removed Surface(name=AppWindowToken{9f4400a token=Token{3d81875 ActivityRecord{1b9b3ac u0 com.android.todolist/.ListActivity t13866}}})/@0x1fef555 - animation-bounds#0 (223)
11-15 13:45:24.843  3867  3917 I SurfaceFlinger: id=9693 Removed Surface(name=AppWindowToken{6c0654c token=Token{f48617f ActivityRecord{c4cb29e u0 com.android.todolist/.MainActivity t13866}}})/@0xb3b5c8b - animation-leash#0 (223)
11-15 13:45:24.843  3867  3917 I SurfaceFlinger: id=9694 Removed Surface(name=AppWindowToken{6c0654c token=Token{f48617f ActivityRecord{c4cb29e u0 com.android.todolist/.MainActivity t13866}}})/@0xb3b5c8b - animation-bounds#0 (223)
11-15 13:45:24.851  3867  3867 I Layer   : id=9690[1] Destroyed Surface(name=AppWindowToken{9f4400a token=Token{3d81875 ActivityRecord{1b9b3ac u0 com.android.todolist/.ListActivity t13866}}})/@0x1fef555 - animation-bounds#0
11-15 13:45:24.851  3867  3867 I Layer   : id=9689[1] Destroyed Surface(name=AppWindowToken{9f4400a token=Token{3d81875 ActivityRecord{1b9b3ac u0 com.android.todolist/.ListActivity t13866}}})/@0x1fef555 - animation-leash#0
11-15 13:45:24.851  3867  3867 I Layer   : id=9694[1] Destroyed Surface(name=AppWindowToken{6c0654c token=Token{f48617f ActivityRecord{c4cb29e u0 com.android.todolist/.MainActivity t13866}}})/@0xb3b5c8b - animation-bounds#0
11-15 13:45:24.851  3867  3867 I Layer   : id=9693[1] Destroyed Surface(name=AppWindowToken{6c0654c token=Token{f48617f ActivityRecord{c4cb29e u0 com.android.todolist/.MainActivity t13866}}})/@0xb3b5c8b - animation-leash#0
11-15 13:45:24.857  3867  5131 E BufferQueueProducer: [com.android.todolist/com.android.todolist.ListActivity$_11272#0] disconnect: not connected (req=1)
11-15 13:45:24.858  4311  6513 V WindowManager: Relayout Window{8ec7e6b u0 com.android.todolist/com.android.todolist.ListActivity}: viewVisibility=8 req=720x1560
11-15 13:45:24.875  4311  6513 I WindowManager: Destroying surface Surface(name=com.android.todolist/com.android.todolist.ListActivity$_11272)/@0x647760a called by com.android.server.wm.WindowStateAnimator.destroySurface:1734 com.android.server.wm.WindowStateAnimator.destroySurfaceLocked:693 com.android.server.wm.WindowState.removeImmediately:2282 com.android.server.wm.WindowState.removeIfPossible:2418 com.android.server.wm.WindowState.removeIfPossible:2297 com.android.server.wm.WindowManagerService.removeWindow:2024 com.android.server.wm.Session.remove:184 android.view.IWindowSession$Stub.onTransact:658 
11-15 13:45:24.875  3867  5131 I Layer   : id=9663 removeFromCurrentState com.android.todolist/com.android.todolist.ListActivity$_11272#0 (217)
11-15 13:45:24.876  3867  5370 I SurfaceFlinger: id=9663 Removed com.android.todolist/com.android.todolist.ListActivity$_11272#0 (217)
11-15 13:45:24.878  3867  5370 I Layer   : id=9662 removeFromCurrentState 8ec7e6b com.android.todolist/com.android.todolist.ListActivity#0 (217)
11-15 13:45:24.886  3867  3867 I Layer   : id=9663[1] Destroyed com.android.todolist/com.android.todolist.ListActivity$_11272#0
11-15 13:45:24.889  3867  5131 I Layer   : id=9658 removeFromCurrentState AppWindowToken{9f4400a token=Token{3d81875 ActivityRecord{1b9b3ac u0 com.android.todolist/.ListActivity t13866}}}#0 (216)
11-15 13:45:25.616  4311  6513 I ActivityTaskManager: START u0 {cmp=com.android.todolist/.ListActivity (has extras)} from uid 10263
11-15 13:45:25.625  3867  5131 I SurfaceFlinger: createSurf start. lock debugging [AppWindowToken{9884eb0 token=Token{caa41f3 ActivityRecord{8c8bc62 u0 com.android.todolist/.ListActivity t13866}}}]
11-15 13:45:25.626  3867  5131 I SurfaceFlinger: id=9696 createSurf (0x0),-1 flag=80004, AppWindowToken{9884eb0 token=Token{caa41f3 ActivityRecord{8c8bc62 u0 com.android.todolist/.ListActivity t13866}}}#0
