11-15 13:45:25.645  4311  4374 V MARsPolicyManager: onAlertToastWindowStarted pkgName = com.android.todolist, userId = 0
11-15 13:45:25.658  4311  6513 D GamePkgDataHelper: notifyAppCreate(), pkgName: com.android.todolist, sendRet: true
11-15 13:45:25.658  4311  4615 D GamePkgDataHelper: getGamePkgData(). com.android.todolist
11-15 13:45:25.658  4311  4615 D GameManagerService: handleMessage(), MSG_APP_CREATE. ignore. pkgName: com.android.todolist
11-15 13:45:25.660  4311  6513 V WindowManager: Changing focus from Window{3348a38 u0 com.android.todolist/com.android.todolist.MainActivity} to null displayId=0 Callers=com.android.server.wm.RootWindowContainer.updateFocusedWindowLocked:203 com.android.server.wm.WindowManagerService.updateFocusedWindowLocked:6107 com.android.server.wm.ActivityDisplay.setFocusedApp:1529 com.android.server.wm.ActivityTaskManagerService.setResumedActivityUncheckLocked:6719 com.android.server.wm.ActivityStack.onActivityStateChanged:642 com.android.server.wm.TaskRecord.onActivityStateChanged:2216 
11-15 13:45:25.661  4311  6513 D MARsPolicyManager: onPackageResumedFG pkgName = com.android.todolist, userId = 0
11-15 13:45:25.694  4311  4360 D GameManagerService: noteResumeComponent(), resumeComponent: com.android.todolist
11-15 13:45:25.695  4311  4615 D GameManagerService: handleForegroundChange(). pkgName: com.android.todolist, clsName: com.android.todolist.ListActivity,FgActivityName:com.android.todolist/.ListActivity,userID:0
11-15 13:45:25.756  3867  3867 I SurfaceFlinger:      DEVICE | 0x71d9ed8ec0 | 0002 | RGBA_8888 |   0.0    0.0  720.0 1560.0 |    0    0  720 1560 | com.android.todolist/com.android.todolist.MainActivity$_11272#0
11-15 13:45:25.806  3867  5370 I SurfaceFlinger: createSurf start. lock debugging [894d474 com.android.todolist/com.android.todolist.ListActivity]
11-15 13:45:25.806  3867  5370 I SurfaceFlinger: id=9700 createSurf (0x0),-1 flag=80004, 894d474 com.android.todolist/com.android.todolist.ListActivity#0
11-15 13:45:25.849  4311  6596 V WindowManager: Relayout Window{894d474 u0 com.android.todolist/com.android.todolist.ListActivity}: viewVisibility=0 req=720x1560
11-15 13:45:25.854  3867  5131 I SurfaceFlinger: createSurf start. lock debugging [com.android.todolist/com.android.todolist.ListActivity$_11272]
11-15 13:45:25.855  3867  5131 I SurfaceFlinger: id=9701 createSurf (720x1560),1 flag=404, com.android.todolist/com.android.todolist.ListActivity$_11272#0
11-15 13:45:25.856  4311  6596 D WindowManager: makeSurface duration=3 name=com.android.todolist/com.android.todolist.ListActivity$_11272
11-15 13:45:25.857  4311  6596 V WindowManager: Changing focus from null to Window{894d474 u0 com.android.todolist/com.android.todolist.ListActivity} displayId=0 Callers=com.android.server.wm.RootWindowContainer.updateFocusedWindowLocked:203 com.android.server.wm.WindowManagerService.updateFocusedWindowLocked:6107 com.android.server.wm.WindowManagerService.relayoutWindow:2554 com.android.server.wm.Session.relayout:202 android.view.IWindowSession$Stub.onTransact:708 com.android.server.wm.Session.onTransact:142 
11-15 13:45:25.857  4311  4358 D WindowManager: setSystemUiVisibility: displayId=0, vis=0x8018, fullVis=0x0, dockVis=0x0, win=Window{894d474 u0 com.android.todolist/com.android.todolist.ListActivity}
11-15 13:45:25.890  4311  6596 D WindowManager: finishDrawingWindow: Window{894d474 u0 com.android.todolist/com.android.todolist.ListActivity} mDrawState=DRAW_PENDING
11-15 13:45:25.895  4311  4361 I WindowManager: Reparenting to leash, surface=Surface(name=AppWindowToken{6c0654c token=Token{f48617f ActivityRecord{c4cb29e u0 com.android.todolist/.MainActivity t13866}}})/@0xb3b5c8b
11-15 13:45:25.896  3867  5131 I SurfaceFlinger: createSurf start. lock debugging [Surface(name=AppWindowToken{6c0654c token=Token{f48617f ActivityRecord{c4cb29e u0 com.android.todolist/.MainActivity t13866}}})/@0xb3b5c8b - animation-leash]
11-15 13:45:25.896  3867  5131 I SurfaceFlinger: id=9702 createSurf (0x0),-1 flag=80004, Surface(name=AppWindowToken{6c0654c token=Token{f48617f ActivityRecord{c4cb29e u0 com.android.todolist/.MainActivity t13866}}})/@0xb3b5c8b - animation-leash#0
11-15 13:45:25.897  4311  4361 D WindowManager: makeSurface duration=2 leash=Surface(name=Surface(name=AppWindowToken{6c0654c token=Token{f48617f ActivityRecord{c4cb29e u0 com.android.todolist/.MainActivity t13866}}})/@0xb3b5c8b - animation-leash)/@0xec52d5e
11-15 13:45:25.898  3867  5131 I SurfaceFlinger: createSurf start. lock debugging [Surface(name=AppWindowToken{6c0654c token=Token{f48617f ActivityRecord{c4cb29e u0 com.android.todolist/.MainActivity t13866}}})/@0xb3b5c8b - animation-bounds]
11-15 13:45:25.899  3867  5131 I SurfaceFlinger: id=9703 createSurf (0x0),-1 flag=80004, Surface(name=AppWindowToken{6c0654c token=Token{f48617f ActivityRecord{c4cb29e u0 com.android.todolist/.MainActivity t13866}}})/@0xb3b5c8b - animation-bounds#0
11-15 13:45:25.908  4311  4361 I WindowManager: Reparenting to leash, surface=Surface(name=AppWindowToken{9884eb0 token=Token{caa41f3 ActivityRecord{8c8bc62 u0 com.android.todolist/.ListActivity t13866}}})/@0xcd27d37
11-15 13:45:25.908  3867  3918 I SurfaceFlinger: createSurf start. lock debugging [Surface(name=AppWindowToken{9884eb0 token=Token{caa41f3 ActivityRecord{8c8bc62 u0 com.android.todolist/.ListActivity t13866}}})/@0xcd27d37 - animation-leash]
11-15 13:45:25.908  3867  3918 I SurfaceFlinger: id=9706 createSurf (0x0),-1 flag=80004, Surface(name=AppWindowToken{9884eb0 token=Token{caa41f3 ActivityRecord{8c8bc62 u0 com.android.todolist/.ListActivity t13866}}})/@0xcd27d37 - animation-leash#0
11-15 13:45:25.909  4311  4361 D WindowManager: makeSurface duration=2 leash=Surface(name=Surface(name=AppWindowToken{9884eb0 token=Token{caa41f3 ActivityRecord{8c8bc62 u0 com.android.todolist/.ListActivity t13866}}})/@0xcd27d37 - animation-leash)/@0x75042a4
11-15 13:45:25.910  3867  3918 I SurfaceFlinger: createSurf start. lock debugging [Surface(name=AppWindowToken{9884eb0 token=Token{caa41f3 ActivityRecord{8c8bc62 u0 com.android.todolist/.ListActivity t13866}}})/@0xcd27d37 - animation-bounds]
11-15 13:45:25.910  3867  3918 I SurfaceFlinger: id=9707 createSurf (0x0),-1 flag=80004, Surface(name=AppWindowToken{9884eb0 token=Token{caa41f3 ActivityRecord{8c8bc62 u0 com.android.todolist/.ListActivity t13866}}})/@0xcd27d37 - animation-bounds#0
11-15 13:45:25.933 11272 11272 V InputMethodManager: Starting input: tba=com.android.todolist ic=null mNaviBarColor -855310 mIsGetNaviBarColorSuccess true , NavVisible : true , NavTrans : false
11-15 13:45:25.958  3867  3867 I SurfaceFlinger:      DEVICE | 0x71d9ed4b40 | 0002 | RGBA_8888 |   0.0    2.0  720.0 1560.0 |    0    0  720 1558 | com.android.todolist/com.android.todolist.MainActivity$_11272#0
11-15 13:45:25.958  3867  3867 I SurfaceFlinger:      DEVICE | 0x71bbf12300 | 0002 | RGBA_8888 |   0.0    0.0  720.0 1211.0 |    0  348  720 1560 | com.android.todolist/com.android.todolist.ListActivity$_11272#0
11-15 13:45:26.217  4311  4361 I WindowManager: Reparenting to original parent: Surface(name=Task=13866)/@0x550c355, destroyLeash=true, surface=Surface(name=AppWindowToken{6c0654c token=Token{f48617f ActivityRecord{c4cb29e u0 com.android.todolist/.MainActivity t13866}}})/@0xb3b5c8b
11-15 13:45:26.217  4311  4361 V WindowManager: Setting visibility of Window{3348a38 u0 com.android.todolist/com.android.todolist.MainActivity}: false, caller=com.android.server.wm.WindowContainer.sendAppVisibilityToClients:640 com.android.server.wm.AppWindowToken.setClientHidden:621 com.android.server.wm.AppWindowToken.onAnimationFinished:3516 com.android.server.wm.-$$Lambda$yVRF8YoeNdTa8GR1wDStVsHu8xM.run:2 com.android.server.wm.SurfaceAnimator.lambda$getFinishedCallback$0$SurfaceAnimator:100 
11-15 13:45:26.218  4311  4361 I WindowManager: Reparenting to original parent: Surface(name=Task=13866)/@0x550c355, destroyLeash=true, surface=Surface(name=AppWindowToken{9884eb0 token=Token{caa41f3 ActivityRecord{8c8bc62 u0 com.android.todolist/.ListActivity t13866}}})/@0xcd27d37
11-15 13:45:26.223  3867  3918 I Layer   : id=9702 removeFromCurrentState Surface(name=AppWindowToken{6c0654c token=Token{f48617f ActivityRecord{c4cb29e u0 com.android.todolist/.MainActivity t13866}}})/@0xb3b5c8b - animation-leash#0 (229)
11-15 13:45:26.223  3867  3918 I Layer   : id=9706 removeFromCurrentState Surface(name=AppWindowToken{9884eb0 token=Token{caa41f3 ActivityRecord{8c8bc62 u0 com.android.todolist/.ListActivity t13866}}})/@0xcd27d37 - animation-leash#0 (229)
11-15 13:45:26.223  3867  3918 I Layer   : id=9707 removeFromCurrentState Surface(name=AppWindowToken{9884eb0 token=Token{caa41f3 ActivityRecord{8c8bc62 u0 com.android.todolist/.ListActivity t13866}}})/@0xcd27d37 - animation-bounds#0 (229)
11-15 13:45:26.223  3867  3918 I Layer   : id=9703 removeFromCurrentState Surface(name=AppWindowToken{6c0654c token=Token{f48617f ActivityRecord{c4cb29e u0 com.android.todolist/.MainActivity t13866}}})/@0xb3b5c8b - animation-bounds#0 (229)
11-15 13:45:26.224  3867  3867 I SurfaceFlinger:      DEVICE | 0x71bbf12300 | 0002 | RGBA_8888 |   0.0    0.0  720.0 1560.0 |    0    0  720 1560 | com.android.todolist/com.android.todolist.ListActivity$_11272#0
11-15 13:45:26.226  3867  5370 I SurfaceFlinger: id=9707 Removed Surface(name=AppWindowToken{9884eb0 token=Token{caa41f3 ActivityRecord{8c8bc62 u0 com.android.todolist/.ListActivity t13866}}})/@0xcd27d37 - animation-bounds#0 (229)
11-15 13:45:26.226  3867  4302 I SurfaceFlinger: id=9703 Removed Surface(name=AppWindowToken{6c0654c token=Token{f48617f ActivityRecord{c4cb29e u0 com.android.todolist/.MainActivity t13866}}})/@0xb3b5c8b - animation-bounds#0 (229)
11-15 13:45:26.226  3867  3918 I SurfaceFlinger: id=9702 Removed Surface(name=AppWindowToken{6c0654c token=Token{f48617f ActivityRecord{c4cb29e u0 com.android.todolist/.MainActivity t13866}}})/@0xb3b5c8b - animation-leash#0 (229)
11-15 13:45:26.226  3867  3918 I SurfaceFlinger: id=9706 Removed Surface(name=AppWindowToken{9884eb0 token=Token{caa41f3 ActivityRecord{8c8bc62 u0 com.android.todolist/.ListActivity t13866}}})/@0xcd27d37 - animation-leash#0 (229)
11-15 13:45:26.233  3867  3867 I Layer   : id=9703[1] Destroyed Surface(name=AppWindowToken{6c0654c token=Token{f48617f ActivityRecord{c4cb29e u0 com.android.todolist/.MainActivity t13866}}})/@0xb3b5c8b - animation-bounds#0
11-15 13:45:26.233  3867  3867 I Layer   : id=9702[1] Destroyed Surface(name=AppWindowToken{6c0654c token=Token{f48617f ActivityRecord{c4cb29e u0 com.android.todolist/.MainActivity t13866}}})/@0xb3b5c8b - animation-leash#0
11-15 13:45:26.233  3867  3867 I Layer   : id=9707[1] Destroyed Surface(name=AppWindowToken{9884eb0 token=Token{caa41f3 ActivityRecord{8c8bc62 u0 com.android.todolist/.ListActivity t13866}}})/@0xcd27d37 - animation-bounds#0
11-15 13:45:26.233  3867  3867 I Layer   : id=9706[1] Destroyed Surface(name=AppWindowToken{9884eb0 token=Token{caa41f3 ActivityRecord{8c8bc62 u0 com.android.todolist/.ListActivity t13866}}})/@0xcd27d37 - animation-leash#0
11-15 13:45:26.238  3867  4302 E BufferQueueProducer: [com.android.todolist/com.android.todolist.MainActivity$_11272#0] disconnect: not connected (req=1)
11-15 13:45:26.241  4311  6513 V WindowManager: Relayout Window{3348a38 u0 com.android.todolist/com.android.todolist.MainActivity}: viewVisibility=8 req=720x1560
11-15 13:45:26.270  4311  6513 V WindowManager: Relayout Window{3348a38 u0 com.android.todolist/com.android.todolist.MainActivity}: viewVisibility=8 req=720x1560
11-15 13:45:26.277  4311  6596 E WindowManager: win=Window{3348a38 u0 com.android.todolist/com.android.todolist.MainActivity} destroySurfaces: appStopped=true win.mWindowRemovalAllowed=false win.mRemoveOnExit=false win.mViewVisibility=8 caller=com.android.server.wm.AppWindowToken.destroySurfaces:1199 com.android.server.wm.AppWindowToken.destroySurfaces:1180 com.android.server.wm.AppWindowToken.notifyAppStopped:1235 com.android.server.wm.ActivityRecord.activityStoppedLocked:2597 com.android.server.wm.ActivityTaskManagerService.activityStopped:2380 android.app.IActivityTaskManager$Stub.onTransact:2180 android.os.Binder.execTransactInternal:1056 
11-15 13:45:26.277  4311  6596 I WindowManager: Destroying surface Surface(name=com.android.todolist/com.android.todolist.MainActivity$_11272)/@0xbd0ece6 called by com.android.server.wm.WindowStateAnimator.destroySurface:1734 com.android.server.wm.WindowStateAnimator.destroySurfaceLocked:693 com.android.server.wm.WindowState.destroySurfaceUnchecked:3482 com.android.server.wm.WindowState.destroySurface:3456 com.android.server.wm.AppWindowToken.destroySurfaces:1199 com.android.server.wm.AppWindowToken.destroySurfaces:1180 com.android.server.wm.AppWindowToken.notifyAppStopped:1235 com.android.server.wm.ActivityRecord.activityStoppedLocked:2597 
11-15 13:45:26.277  3867  3918 I Layer   : id=9688 removeFromCurrentState com.android.todolist/com.android.todolist.MainActivity$_11272#0 (222)
11-15 13:45:26.287  3867  3918 I SurfaceFlinger: id=9688 Removed com.android.todolist/com.android.todolist.MainActivity$_11272#0 (222)
11-15 13:45:26.300  3867  3867 I Layer   : id=9688[1] Destroyed com.android.todolist/com.android.todolist.MainActivity$_11272#0
11-15 13:45:27.644  4311  6513 W NotificationService: Toast already killed. pkg=com.android.todolist callback=android.app.ITransientNotification$Stub$Proxy@df6b2be
11-15 13:45:28.156  3867  3867 I SurfaceFlinger:      DEVICE | 0x71bbf12080 | 0002 | RGBA_8888 |   0.0    0.0  720.0 1560.0 |    0    0  720 1560 | com.android.todolist/com.android.todolist.ListActivity$_11272#0
11-15 13:45:28.677  4311  5369 I ActivityTaskManager: START u0 {cmp=com.android.todolist/.MainActivity} from uid 10263
11-15 13:45:28.688  3867  3918 I SurfaceFlinger: createSurf start. lock debugging [AppWindowToken{3429b22 token=Token{1b910ed ActivityRecord{e49e304 u0 com.android.todolist/.MainActivity t13866}}}]
11-15 13:45:28.689  3867  3918 I SurfaceFlinger: id=9709 createSurf (0x0),-1 flag=80004, AppWindowToken{3429b22 token=Token{1b910ed ActivityRecord{e49e304 u0 com.android.todolist/.MainActivity t13866}}}#0
11-15 13:45:28.713  4311  6513 D GamePkgDataHelper: notifyAppCreate(), pkgName: com.android.todolist, sendRet: true
11-15 13:45:28.713  4311  4615 D GamePkgDataHelper: getGamePkgData(). com.android.todolist
11-15 13:45:28.713  4311  4615 D GameManagerService: handleMessage(), MSG_APP_CREATE. ignore. pkgName: com.android.todolist
11-15 13:45:28.714  4311  6513 V WindowManager: Changing focus from Window{894d474 u0 com.android.todolist/com.android.todolist.ListActivity} to null displayId=0 Callers=com.android.server.wm.RootWindowContainer.updateFocusedWindowLocked:203 com.android.server.wm.WindowManagerService.updateFocusedWindowLocked:6107 com.android.server.wm.ActivityDisplay.setFocusedApp:1529 com.android.server.wm.ActivityTaskManagerService.setResumedActivityUncheckLocked:6719 com.android.server.wm.ActivityStack.onActivityStateChanged:642 com.android.server.wm.TaskRecord.onActivityStateChanged:2216 
11-15 13:45:28.715  4311  6513 D MARsPolicyManager: onPackageResumedFG pkgName = com.android.todolist, userId = 0
11-15 13:45:28.748  4311  4360 D GameManagerService: noteResumeComponent(), resumeComponent: com.android.todolist
11-15 13:45:28.749  4311  4615 D GameManagerService: handleForegroundChange(). pkgName: com.android.todolist, clsName: com.android.todolist.MainActivity,FgActivityName:com.android.todolist/.MainActivity,userID:0
11-15 13:45:28.824  3867  3918 I SurfaceFlinger: createSurf start. lock debugging [793476e com.android.todolist/com.android.todolist.MainActivity]
11-15 13:45:28.824  3867  3918 I SurfaceFlinger: id=9710 createSurf (0x0),-1 flag=80004, 793476e com.android.todolist/com.android.todolist.MainActivity#0
11-15 13:45:28.915  4311  5369 V WindowManager: Relayout Window{793476e u0 com.android.todolist/com.android.todolist.MainActivity}: viewVisibility=0 req=720x1560
11-15 13:45:28.918  3867  3918 I SurfaceFlinger: createSurf start. lock debugging [com.android.todolist/com.android.todolist.MainActivity$_11272]
11-15 13:45:28.919  3867  3918 I SurfaceFlinger: id=9711 createSurf (720x1560),1 flag=404, com.android.todolist/com.android.todolist.MainActivity$_11272#0
11-15 13:45:28.920  4311  5369 D WindowManager: makeSurface duration=2 name=com.android.todolist/com.android.todolist.MainActivity$_11272
11-15 13:45:28.921  4311  5369 V WindowManager: Changing focus from null to Window{793476e u0 com.android.todolist/com.android.todolist.MainActivity} displayId=0 Callers=com.android.server.wm.RootWindowContainer.updateFocusedWindowLocked:203 com.android.server.wm.WindowManagerService.updateFocusedWindowLocked:6107 com.android.server.wm.WindowManagerService.relayoutWindow:2554 com.android.server.wm.Session.relayout:202 android.view.IWindowSession$Stub.onTransact:708 com.android.server.wm.Session.onTransact:142 
11-15 13:45:28.922  4311  4358 D WindowManager: setSystemUiVisibility: displayId=0, vis=0x8018, fullVis=0x0, dockVis=0x0, win=Window{793476e u0 com.android.todolist/com.android.todolist.MainActivity}
11-15 13:45:29.034  4311  5068 D WindowManager: finishDrawingWindow: Window{793476e u0 com.android.todolist/com.android.todolist.MainActivity} mDrawState=DRAW_PENDING
11-15 13:45:29.039  4311  4361 I WindowManager: Reparenting to leash, surface=Surface(name=AppWindowToken{9884eb0 token=Token{caa41f3 ActivityRecord{8c8bc62 u0 com.android.todolist/.ListActivity t13866}}})/@0xcd27d37
11-15 13:45:29.039  3867  5131 I SurfaceFlinger: createSurf start. lock debugging [Surface(name=AppWindowToken{9884eb0 token=Token{caa41f3 ActivityRecord{8c8bc62 u0 com.android.todolist/.ListActivity t13866}}})/@0xcd27d37 - animation-leash]
11-15 13:45:29.040  3867  5131 I SurfaceFlinger: id=9712 createSurf (0x0),-1 flag=80004, Surface(name=AppWindowToken{9884eb0 token=Token{caa41f3 ActivityRecord{8c8bc62 u0 com.android.todolist/.ListActivity t13866}}})/@0xcd27d37 - animation-leash#0
11-15 13:45:29.041  4311  4361 D WindowManager: makeSurface duration=1 leash=Surface(name=Surface(name=AppWindowToken{9884eb0 token=Token{caa41f3 ActivityRecord{8c8bc62 u0 com.android.todolist/.ListActivity t13866}}})/@0xcd27d37 - animation-leash)/@0x52c10d2
11-15 13:45:29.042  3867  5131 I SurfaceFlinger: createSurf start. lock debugging [Surface(name=AppWindowToken{9884eb0 token=Token{caa41f3 ActivityRecord{8c8bc62 u0 com.android.todolist/.ListActivity t13866}}})/@0xcd27d37 - animation-bounds]
11-15 13:45:29.042  3867  5131 I SurfaceFlinger: id=9713 createSurf (0x0),-1 flag=80004, Surface(name=AppWindowToken{9884eb0 token=Token{caa41f3 ActivityRecord{8c8bc62 u0 com.android.todolist/.ListActivity t13866}}})/@0xcd27d37 - animation-bounds#0
11-15 13:45:29.050  4311  4361 I WindowManager: Reparenting to leash, surface=Surface(name=AppWindowToken{3429b22 token=Token{1b910ed ActivityRecord{e49e304 u0 com.android.todolist/.MainActivity t13866}}})/@0x2a7d61b
11-15 13:45:29.050  3867  5131 I SurfaceFlinger: createSurf start. lock debugging [Surface(name=AppWindowToken{3429b22 token=Token{1b910ed ActivityRecord{e49e304 u0 com.android.todolist/.MainActivity t13866}}})/@0x2a7d61b - animation-leash]
11-15 13:45:29.051  3867  5131 I SurfaceFlinger: id=9716 createSurf (0x0),-1 flag=80004, Surface(name=AppWindowToken{3429b22 token=Token{1b910ed ActivityRecord{e49e304 u0 com.android.todolist/.MainActivity t13866}}})/@0x2a7d61b - animation-leash#0
11-15 13:45:29.052  4311  4361 D WindowManager: makeSurface duration=2 leash=Surface(name=Surface(name=AppWindowToken{3429b22 token=Token{1b910ed ActivityRecord{e49e304 u0 com.android.todolist/.MainActivity t13866}}})/@0x2a7d61b - animation-leash)/@0x89493b8
11-15 13:45:29.053  3867  5131 I SurfaceFlinger: createSurf start. lock debugging [Surface(name=AppWindowToken{3429b22 token=Token{1b910ed ActivityRecord{e49e304 u0 com.android.todolist/.MainActivity t13866}}})/@0x2a7d61b - animation-bounds]
11-15 13:45:29.053  3867  5131 I SurfaceFlinger: id=9717 createSurf (0x0),-1 flag=80004, Surface(name=AppWindowToken{3429b22 token=Token{1b910ed ActivityRecord{e49e304 u0 com.android.todolist/.MainActivity t13866}}})/@0x2a7d61b - animation-bounds#0
11-15 13:45:29.061 19422 19446 I SmProvider: makeValuesForFasUpdate contentValues=package_name=com.android.todolist extras=0 uid=10263 level=1 resetTime=1636973125661
11-15 13:45:29.084 11272 11272 V InputMethodManager: Starting input: tba=com.android.todolist ic=null mNaviBarColor -855310 mIsGetNaviBarColorSuccess true , NavVisible : true , NavTrans : false
11-15 13:45:29.099  3867  3867 I SurfaceFlinger:      DEVICE | 0x71bbf12300 | 0002 | RGBA_8888 |   0.0    0.0  720.0 1560.0 |    0    0  720 1560 | com.android.todolist/com.android.todolist.ListActivity$_11272#0
11-15 13:45:29.099  3867  3867 I SurfaceFlinger:      DEVICE | 0x71d9ed8880 | 0002 | RGBA_8888 |   0.0    0.0  720.0 1195.0 |    0  364  720 1560 | com.android.todolist/com.android.todolist.MainActivity$_11272#0
11-15 13:45:29.111  3867  3867 I SurfaceFlinger:      DEVICE | 0x71bbf12300 | 0002 | RGBA_8888 |   0.0    2.0  720.0 1560.0 |    0    0  720 1558 | com.android.todolist/com.android.todolist.ListActivity$_11272#0
11-15 13:45:29.111  3867  3867 I SurfaceFlinger:      DEVICE | 0x71bbf10140 | 0002 | RGBA_8888 |   0.0    0.0  720.0 1211.0 |    0  348  720 1560 | com.android.todolist/com.android.todolist.MainActivity$_11272#0
11-15 13:45:29.347  4311  4361 I WindowManager: Reparenting to original parent: Surface(name=Task=13866)/@0x550c355, destroyLeash=true, surface=Surface(name=AppWindowToken{9884eb0 token=Token{caa41f3 ActivityRecord{8c8bc62 u0 com.android.todolist/.ListActivity t13866}}})/@0xcd27d37
11-15 13:45:29.348  4311  4361 V WindowManager: Setting visibility of Window{894d474 u0 com.android.todolist/com.android.todolist.ListActivity}: false, caller=com.android.server.wm.WindowContainer.sendAppVisibilityToClients:640 com.android.server.wm.AppWindowToken.setClientHidden:621 com.android.server.wm.AppWindowToken.onAnimationFinished:3516 com.android.server.wm.-$$Lambda$yVRF8YoeNdTa8GR1wDStVsHu8xM.run:2 com.android.server.wm.SurfaceAnimator.lambda$getFinishedCallback$0$SurfaceAnimator:100 
11-15 13:45:29.349  4311  4361 I WindowManager: Reparenting to original parent: Surface(name=Task=13866)/@0x550c355, destroyLeash=true, surface=Surface(name=AppWindowToken{3429b22 token=Token{1b910ed ActivityRecord{e49e304 u0 com.android.todolist/.MainActivity t13866}}})/@0x2a7d61b
11-15 13:45:29.355  3867  5131 I Layer   : id=9712 removeFromCurrentState Surface(name=AppWindowToken{9884eb0 token=Token{caa41f3 ActivityRecord{8c8bc62 u0 com.android.todolist/.ListActivity t13866}}})/@0xcd27d37 - animation-leash#0 (227)
11-15 13:45:29.355  3867  5131 I Layer   : id=9713 removeFromCurrentState Surface(name=AppWindowToken{9884eb0 token=Token{caa41f3 ActivityRecord{8c8bc62 u0 com.android.todolist/.ListActivity t13866}}})/@0xcd27d37 - animation-bounds#0 (227)
11-15 13:45:29.355  3867  5131 I Layer   : id=9716 removeFromCurrentState Surface(name=AppWindowToken{3429b22 token=Token{1b910ed ActivityRecord{e49e304 u0 com.android.todolist/.MainActivity t13866}}})/@0x2a7d61b - animation-leash#0 (227)
11-15 13:45:29.356  3867  5131 I Layer   : id=9717 removeFromCurrentState Surface(name=AppWindowToken{3429b22 token=Token{1b910ed ActivityRecord{e49e304 u0 com.android.todolist/.MainActivity t13866}}})/@0x2a7d61b - animation-bounds#0 (227)
11-15 13:45:29.358  3867  3917 I SurfaceFlinger: id=9717 Removed Surface(name=AppWindowToken{3429b22 token=Token{1b910ed ActivityRecord{e49e304 u0 com.android.todolist/.MainActivity t13866}}})/@0x2a7d61b - animation-bounds#0 (227)
11-15 13:45:29.358  3867  5131 I SurfaceFlinger: id=9712 Removed Surface(name=AppWindowToken{9884eb0 token=Token{caa41f3 ActivityRecord{8c8bc62 u0 com.android.todolist/.ListActivity t13866}}})/@0xcd27d37 - animation-leash#0 (227)
11-15 13:45:29.358  3867  5131 I SurfaceFlinger: id=9713 Removed Surface(name=AppWindowToken{9884eb0 token=Token{caa41f3 ActivityRecord{8c8bc62 u0 com.android.todolist/.ListActivity t13866}}})/@0xcd27d37 - animation-bounds#0 (227)
11-15 13:45:29.358  3867  5131 I SurfaceFlinger: id=9716 Removed Surface(name=AppWindowToken{3429b22 token=Token{1b910ed ActivityRecord{e49e304 u0 com.android.todolist/.MainActivity t13866}}})/@0x2a7d61b - animation-leash#0 (227)
11-15 13:45:29.364  3867  3867 I Layer   : id=9713[1] Destroyed Surface(name=AppWindowToken{9884eb0 token=Token{caa41f3 ActivityRecord{8c8bc62 u0 com.android.todolist/.ListActivity t13866}}})/@0xcd27d37 - animation-bounds#0
11-15 13:45:29.364  3867  3867 I Layer   : id=9712[1] Destroyed Surface(name=AppWindowToken{9884eb0 token=Token{caa41f3 ActivityRecord{8c8bc62 u0 com.android.todolist/.ListActivity t13866}}})/@0xcd27d37 - animation-leash#0
11-15 13:45:29.364  3867  3867 I Layer   : id=9717[1] Destroyed Surface(name=AppWindowToken{3429b22 token=Token{1b910ed ActivityRecord{e49e304 u0 com.android.todolist/.MainActivity t13866}}})/@0x2a7d61b - animation-bounds#0
11-15 13:45:29.364  3867  3867 I Layer   : id=9716[1] Destroyed Surface(name=AppWindowToken{3429b22 token=Token{1b910ed ActivityRecord{e49e304 u0 com.android.todolist/.MainActivity t13866}}})/@0x2a7d61b - animation-leash#0
11-15 13:45:29.372  3867  3867 I SurfaceFlinger:      DEVICE | 0x71d9ed7700 | 0002 | RGBA_8888 |   0.0    0.0  720.0 1560.0 |    0    0  720 1560 | com.android.todolist/com.android.todolist.MainActivity$_11272#0
11-15 13:45:29.383  3867  3917 E BufferQueueProducer: [com.android.todolist/com.android.todolist.ListActivity$_11272#0] disconnect: not connected (req=1)
11-15 13:45:29.385  4311  5068 I WindowManager: Destroying surface Surface(name=com.android.todolist/com.android.todolist.ListActivity$_11272)/@0xfa9803d called by com.android.server.wm.WindowStateAnimator.destroySurface:1734 com.android.server.wm.WindowStateAnimator.destroySurfaceLocked:693 com.android.server.wm.WindowState.removeImmediately:2282 com.android.server.wm.WindowState.removeIfPossible:2418 com.android.server.wm.WindowState.removeIfPossible:2297 com.android.server.wm.WindowManagerService.removeWindow:2024 com.android.server.wm.Session.remove:184 android.view.IWindowSession$Stub.onTransact:658 
11-15 13:45:29.385  3867  5131 I Layer   : id=9701 removeFromCurrentState com.android.todolist/com.android.todolist.ListActivity$_11272#0 (221)
11-15 13:45:29.386  3867  5131 I SurfaceFlinger: id=9701 Removed com.android.todolist/com.android.todolist.ListActivity$_11272#0 (221)
11-15 13:45:29.388  3867  5131 I Layer   : id=9700 removeFromCurrentState 894d474 com.android.todolist/com.android.todolist.ListActivity#0 (221)
11-15 13:45:29.389  3867  5131 I SurfaceFlinger: id=9700 Removed 894d474 com.android.todolist/com.android.todolist.ListActivity#0 (221)
11-15 13:45:29.397  3867  3867 I Layer   : id=9700[1] Destroyed 894d474 com.android.todolist/com.android.todolist.ListActivity#0
11-15 13:45:29.398  3867  3867 I Layer   : id=9701[1] Destroyed com.android.todolist/com.android.todolist.ListActivity$_11272#0
11-15 13:45:29.399  3867  5131 I Layer   : id=9696 removeFromCurrentState AppWindowToken{9884eb0 token=Token{caa41f3 ActivityRecord{8c8bc62 u0 com.android.todolist/.ListActivity t13866}}}#0 (219)
11-15 13:45:30.429  4311  6518 I ActivityTaskManager: START u0 {cmp=com.android.todolist/.ListActivity (has extras)} from uid 10263
11-15 13:45:30.440  3867  5131 I SurfaceFlinger: createSurf start. lock debugging [AppWindowToken{9527dfb token=Token{80bc38a ActivityRecord{5579f5 u0 com.android.todolist/.ListActivity t13866}}}]
11-15 13:45:30.441  3867  5131 I SurfaceFlinger: id=9719 createSurf (0x0),-1 flag=80004, AppWindowToken{9527dfb token=Token{80bc38a ActivityRecord{5579f5 u0 com.android.todolist/.ListActivity t13866}}}#0
11-15 13:45:30.457  4311  4374 V MARsPolicyManager: onAlertToastWindowStarted pkgName = com.android.todolist, userId = 0
11-15 13:45:30.472  4311  6518 D GamePkgDataHelper: notifyAppCreate(), pkgName: com.android.todolist, sendRet: true
11-15 13:45:30.473  4311  4615 D GamePkgDataHelper: getGamePkgData(). com.android.todolist
11-15 13:45:30.473  4311  4615 D GameManagerService: handleMessage(), MSG_APP_CREATE. ignore. pkgName: com.android.todolist
11-15 13:45:30.474  4311  6518 V WindowManager: Changing focus from Window{793476e u0 com.android.todolist/com.android.todolist.MainActivity} to null displayId=0 Callers=com.android.server.wm.RootWindowContainer.updateFocusedWindowLocked:203 com.android.server.wm.WindowManagerService.updateFocusedWindowLocked:6107 com.android.server.wm.ActivityDisplay.setFocusedApp:1529 com.android.server.wm.ActivityTaskManagerService.setResumedActivityUncheckLocked:6719 com.android.server.wm.ActivityStack.onActivityStateChanged:642 com.android.server.wm.TaskRecord.onActivityStateChanged:2216 
11-15 13:45:30.475  4311  6518 D MARsPolicyManager: onPackageResumedFG pkgName = com.android.todolist, userId = 0
11-15 13:45:30.506  4311  4360 D GameManagerService: noteResumeComponent(), resumeComponent: com.android.todolist
11-15 13:45:30.506  4311  4615 D GameManagerService: handleForegroundChange(). pkgName: com.android.todolist, clsName: com.android.todolist.ListActivity,FgActivityName:com.android.todolist/.ListActivity,userID:0
11-15 13:45:30.572  3867  3867 I SurfaceFlinger:      DEVICE | 0x71d9ed8880 | 0002 | RGBA_8888 |   0.0    0.0  720.0 1560.0 |    0    0  720 1560 | com.android.todolist/com.android.todolist.MainActivity$_11272#0
11-15 13:45:30.627  3867  5131 I SurfaceFlinger: createSurf start. lock debugging [b16f1cf com.android.todolist/com.android.todolist.ListActivity]
11-15 13:45:30.627  3867  5131 I SurfaceFlinger: id=9723 createSurf (0x0),-1 flag=80004, b16f1cf com.android.todolist/com.android.todolist.ListActivity#0
11-15 13:45:30.650  4311  6518 V WindowManager: Relayout Window{b16f1cf u0 com.android.todolist/com.android.todolist.ListActivity}: viewVisibility=0 req=720x1560
11-15 13:45:30.653  3867  5131 I SurfaceFlinger: createSurf start. lock debugging [com.android.todolist/com.android.todolist.ListActivity$_11272]
11-15 13:45:30.654  3867  5131 I SurfaceFlinger: id=9724 createSurf (720x1560),1 flag=404, com.android.todolist/com.android.todolist.ListActivity$_11272#0
11-15 13:45:30.655  4311  6518 D WindowManager: makeSurface duration=2 name=com.android.todolist/com.android.todolist.ListActivity$_11272
11-15 13:45:30.656  4311  6518 V WindowManager: Changing focus from null to Window{b16f1cf u0 com.android.todolist/com.android.todolist.ListActivity} displayId=0 Callers=com.android.server.wm.RootWindowContainer.updateFocusedWindowLocked:203 com.android.server.wm.WindowManagerService.updateFocusedWindowLocked:6107 com.android.server.wm.WindowManagerService.relayoutWindow:2554 com.android.server.wm.Session.relayout:202 android.view.IWindowSession$Stub.onTransact:708 com.android.server.wm.Session.onTransact:142 
11-15 13:45:30.657  4311  4358 D WindowManager: setSystemUiVisibility: displayId=0, vis=0x8018, fullVis=0x0, dockVis=0x0, win=Window{b16f1cf u0 com.android.todolist/com.android.todolist.ListActivity}
11-15 13:45:30.687  4311  7167 D WindowManager: finishDrawingWindow: Window{b16f1cf u0 com.android.todolist/com.android.todolist.ListActivity} mDrawState=DRAW_PENDING
11-15 13:45:30.691  4311  4361 I WindowManager: Reparenting to leash, surface=Surface(name=AppWindowToken{3429b22 token=Token{1b910ed ActivityRecord{e49e304 u0 com.android.todolist/.MainActivity t13866}}})/@0x2a7d61b
11-15 13:45:30.692  3867  5131 I SurfaceFlinger: createSurf start. lock debugging [Surface(name=AppWindowToken{3429b22 token=Token{1b910ed ActivityRecord{e49e304 u0 com.android.todolist/.MainActivity t13866}}})/@0x2a7d61b - animation-leash]
11-15 13:45:30.692  3867  5131 I SurfaceFlinger: id=9725 createSurf (0x0),-1 flag=80004, Surface(name=AppWindowToken{3429b22 token=Token{1b910ed ActivityRecord{e49e304 u0 com.android.todolist/.MainActivity t13866}}})/@0x2a7d61b - animation-leash#0
11-15 13:45:30.693  4311  4361 D WindowManager: makeSurface duration=1 leash=Surface(name=Surface(name=AppWindowToken{3429b22 token=Token{1b910ed ActivityRecord{e49e304 u0 com.android.todolist/.MainActivity t13866}}})/@0x2a7d61b - animation-leash)/@0x281a7e1
11-15 13:45:30.694  3867  5131 I SurfaceFlinger: createSurf start. lock debugging [Surface(name=AppWindowToken{3429b22 token=Token{1b910ed ActivityRecord{e49e304 u0 com.android.todolist/.MainActivity t13866}}})/@0x2a7d61b - animation-bounds]
11-15 13:45:30.694  3867  5131 I SurfaceFlinger: id=9726 createSurf (0x0),-1 flag=80004, Surface(name=AppWindowToken{3429b22 token=Token{1b910ed ActivityRecord{e49e304 u0 com.android.todolist/.MainActivity t13866}}})/@0x2a7d61b - animation-bounds#0
11-15 13:45:30.703  4311  4361 I WindowManager: Reparenting to leash, surface=Surface(name=AppWindowToken{9527dfb token=Token{80bc38a ActivityRecord{5579f5 u0 com.android.todolist/.ListActivity t13866}}})/@0x98062de
11-15 13:45:30.703  3867  5131 I SurfaceFlinger: createSurf start. lock debugging [Surface(name=AppWindowToken{9527dfb token=Token{80bc38a ActivityRecord{5579f5 u0 com.android.todolist/.ListActivity t13866}}})/@0x98062de - animation-leash]
11-15 13:45:30.704  3867  5131 I SurfaceFlinger: id=9729 createSurf (0x0),-1 flag=80004, Surface(name=AppWindowToken{9527dfb token=Token{80bc38a ActivityRecord{5579f5 u0 com.android.todolist/.ListActivity t13866}}})/@0x98062de - animation-leash#0
11-15 13:45:30.705  4311  4361 D WindowManager: makeSurface duration=2 leash=Surface(name=Surface(name=AppWindowToken{9527dfb token=Token{80bc38a ActivityRecord{5579f5 u0 com.android.todolist/.ListActivity t13866}}})/@0x98062de - animation-leash)/@0xf7decbf
11-15 13:45:30.705  3867  5131 I SurfaceFlinger: createSurf start. lock debugging [Surface(name=AppWindowToken{9527dfb token=Token{80bc38a ActivityRecord{5579f5 u0 com.android.todolist/.ListActivity t13866}}})/@0x98062de - animation-bounds]
11-15 13:45:30.706  3867  5131 I SurfaceFlinger: id=9730 createSurf (0x0),-1 flag=80004, Surface(name=AppWindowToken{9527dfb token=Token{80bc38a ActivityRecord{5579f5 u0 com.android.todolist/.ListActivity t13866}}})/@0x98062de - animation-bounds#0
11-15 13:45:30.736 11272 11272 V InputMethodManager: Starting input: tba=com.android.todolist ic=null mNaviBarColor -855310 mIsGetNaviBarColorSuccess true , NavVisible : true , NavTrans : false
11-15 13:45:30.756  3867  3867 I SurfaceFlinger:      DEVICE | 0x71d9ed8880 | 0002 | RGBA_8888 |   0.0    2.0  720.0 1560.0 |    0    0  720 1558 | com.android.todolist/com.android.todolist.MainActivity$_11272#0
11-15 13:45:30.756  3867  3867 I SurfaceFlinger:      DEVICE | 0x71d9ed4b40 | 0002 | RGBA_8888 |   0.0    0.0  720.0 1211.0 |    0  348  720 1560 | com.android.todolist/com.android.todolist.ListActivity$_11272#0
11-15 13:45:31.013  4311  4361 I WindowManager: Reparenting to original parent: Surface(name=Task=13866)/@0x550c355, destroyLeash=true, surface=Surface(name=AppWindowToken{3429b22 token=Token{1b910ed ActivityRecord{e49e304 u0 com.android.todolist/.MainActivity t13866}}})/@0x2a7d61b
11-15 13:45:31.013  4311  4361 V WindowManager: Setting visibility of Window{793476e u0 com.android.todolist/com.android.todolist.MainActivity}: false, caller=com.android.server.wm.WindowContainer.sendAppVisibilityToClients:640 com.android.server.wm.AppWindowToken.setClientHidden:621 com.android.server.wm.AppWindowToken.onAnimationFinished:3516 com.android.server.wm.-$$Lambda$yVRF8YoeNdTa8GR1wDStVsHu8xM.run:2 com.android.server.wm.SurfaceAnimator.lambda$getFinishedCallback$0$SurfaceAnimator:100 
11-15 13:45:31.013  4311  4361 I WindowManager: Reparenting to original parent: Surface(name=Task=13866)/@0x550c355, destroyLeash=true, surface=Surface(name=AppWindowToken{9527dfb token=Token{80bc38a ActivityRecord{5579f5 u0 com.android.todolist/.ListActivity t13866}}})/@0x98062de
11-15 13:45:31.020  3867  3867 I SurfaceFlinger:      DEVICE | 0x71bbf12e40 | 0002 | RGBA_8888 |   0.0    0.0  720.0 1560.0 |    0    0  720 1560 | com.android.todolist/com.android.todolist.ListActivity$_11272#0
11-15 13:45:31.022  3867  3917 I Layer   : id=9723 removeFromCurrentState b16f1cf com.android.todolist/com.android.todolist.ListActivity#0 (232)
11-15 13:45:31.022  3867  3917 I Layer   : id=9724 removeFromCurrentState com.android.todolist/com.android.todolist.ListActivity$_11272#0 (232)
11-15 13:45:31.022  3867  3917 I Layer   : id=9729 removeFromCurrentState Surface(name=AppWindowToken{9527dfb token=Token{80bc38a ActivityRecord{5579f5 u0 com.android.todolist/.ListActivity t13866}}})/@0x98062de - animation-leash#0 (232)
11-15 13:45:31.022  3867  3917 I Layer   : id=9719 removeFromCurrentState AppWindowToken{9527dfb token=Token{80bc38a ActivityRecord{5579f5 u0 com.android.todolist/.ListActivity t13866}}}#0 (232)
11-15 13:45:31.022  3867  3917 I Layer   : id=9725 removeFromCurrentState Surface(name=AppWindowToken{3429b22 token=Token{1b910ed ActivityRecord{e49e304 u0 com.android.todolist/.MainActivity t13866}}})/@0x2a7d61b - animation-leash#0 (232)
11-15 13:45:31.022  3867  3917 I Layer   : id=9726 removeFromCurrentState Surface(name=AppWindowToken{3429b22 token=Token{1b910ed ActivityRecord{e49e304 u0 com.android.todolist/.MainActivity t13866}}})/@0x2a7d61b - animation-bounds#0 (232)
11-15 13:45:31.022  3867  3917 I Layer   : id=9730 removeFromCurrentState Surface(name=AppWindowToken{9527dfb token=Token{80bc38a ActivityRecord{5579f5 u0 com.android.todolist/.ListActivity t13866}}})/@0x98062de - animation-bounds#0 (232)
11-15 13:45:31.024  3867  5370 I SurfaceFlinger: id=9729 Removed Surface(name=AppWindowToken{9527dfb token=Token{80bc38a ActivityRecord{5579f5 u0 com.android.todolist/.ListActivity t13866}}})/@0x98062de - animation-leash#0 (232)
11-15 13:45:31.024  3867  5131 I SurfaceFlinger: id=9726 Removed Surface(name=AppWindowToken{3429b22 token=Token{1b910ed ActivityRecord{e49e304 u0 com.android.todolist/.MainActivity t13866}}})/@0x2a7d61b - animation-bounds#0 (232)
11-15 13:45:31.024  3867  5131 I SurfaceFlinger: id=9730 Removed Surface(name=AppWindowToken{9527dfb token=Token{80bc38a ActivityRecord{5579f5 u0 com.android.todolist/.ListActivity t13866}}})/@0x98062de - animation-bounds#0 (232)
11-15 13:45:31.024  3867  3917 I SurfaceFlinger: id=9725 Removed Surface(name=AppWindowToken{3429b22 token=Token{1b910ed ActivityRecord{e49e304 u0 com.android.todolist/.MainActivity t13866}}})/@0x2a7d61b - animation-leash#0 (232)
11-15 13:45:31.029  3867  3867 I Layer   : id=9726[1] Destroyed Surface(name=AppWindowToken{3429b22 token=Token{1b910ed ActivityRecord{e49e304 u0 com.android.todolist/.MainActivity t13866}}})/@0x2a7d61b - animation-bounds#0
11-15 13:45:31.029  3867  3867 I Layer   : id=9725[1] Destroyed Surface(name=AppWindowToken{3429b22 token=Token{1b910ed ActivityRecord{e49e304 u0 com.android.todolist/.MainActivity t13866}}})/@0x2a7d61b - animation-leash#0
11-15 13:45:31.029  3867  3867 I Layer   : id=9730[1] Destroyed Surface(name=AppWindowToken{9527dfb token=Token{80bc38a ActivityRecord{5579f5 u0 com.android.todolist/.ListActivity t13866}}})/@0x98062de - animation-bounds#0
11-15 13:45:31.029  3867  3867 I Layer   : id=9729[1] Destroyed Surface(name=AppWindowToken{9527dfb token=Token{80bc38a ActivityRecord{5579f5 u0 com.android.todolist/.ListActivity t13866}}})/@0x98062de - animation-leash#0
11-15 13:45:31.033  3867  3917 E BufferQueueProducer: [com.android.todolist/com.android.todolist.MainActivity$_11272#0] disconnect: not connected (req=1)
11-15 13:45:31.037  4311  6513 V WindowManager: Relayout Window{793476e u0 com.android.todolist/com.android.todolist.MainActivity}: viewVisibility=8 req=720x1560
11-15 13:45:31.067  4311  6518 V WindowManager: Relayout Window{793476e u0 com.android.todolist/com.android.todolist.MainActivity}: viewVisibility=8 req=720x1560
11-15 13:45:31.074  4311  6518 E WindowManager: win=Window{793476e u0 com.android.todolist/com.android.todolist.MainActivity} destroySurfaces: appStopped=true win.mWindowRemovalAllowed=false win.mRemoveOnExit=false win.mViewVisibility=8 caller=com.android.server.wm.AppWindowToken.destroySurfaces:1199 com.android.server.wm.AppWindowToken.destroySurfaces:1180 com.android.server.wm.AppWindowToken.notifyAppStopped:1235 com.android.server.wm.ActivityRecord.activityStoppedLocked:2597 com.android.server.wm.ActivityTaskManagerService.activityStopped:2380 android.app.IActivityTaskManager$Stub.onTransact:2180 android.os.Binder.execTransactInternal:1056 
11-15 13:45:31.074  4311  6518 I WindowManager: Destroying surface Surface(name=com.android.todolist/com.android.todolist.MainActivity$_11272)/@0xf793f8e called by com.android.server.wm.WindowStateAnimator.destroySurface:1734 com.android.server.wm.WindowStateAnimator.destroySurfaceLocked:693 com.android.server.wm.WindowState.destroySurfaceUnchecked:3482 com.android.server.wm.WindowState.destroySurface:3456 com.android.server.wm.AppWindowToken.destroySurfaces:1199 com.android.server.wm.AppWindowToken.destroySurfaces:1180 com.android.server.wm.AppWindowToken.notifyAppStopped:1235 com.android.server.wm.ActivityRecord.activityStoppedLocked:2597 
11-15 13:45:31.075  3867  3917 I Layer   : id=9711 removeFromCurrentState com.android.todolist/com.android.todolist.MainActivity$_11272#0 (225)
11-15 13:45:31.082  3867  3917 I SurfaceFlinger: id=9711 Removed com.android.todolist/com.android.todolist.MainActivity$_11272#0 (225)
11-15 13:45:31.096  3867  3867 I Layer   : id=9711[1] Destroyed com.android.todolist/com.android.todolist.MainActivity$_11272#0
11-15 13:45:32.396 11272 11272 D InputMethodManager: SSI - flag : 1 Pid : 11272 view : com.android.todolist
11-15 13:45:32.404 11272 11272 V InputMethodManager: Starting input: tba=com.android.todolist ic=com.android.internal.widget.EditableInputConnection@84a6e0a mNaviBarColor -855310 mIsGetNaviBarColorSuccess true , NavVisible : true , NavTrans : false
11-15 13:45:32.492  4311  7167 W NotificationService: Toast already killed. pkg=com.android.todolist callback=android.app.ITransientNotification$Stub$Proxy@4a82523
11-15 13:45:32.541 18573 18573 D [SPAF]StructureParser: Parsing structure for ComponentInfo{com.android.todolist/com.android.todolist.ListActivity}
11-15 13:45:32.658  4311  5068 V WindowManager: Relayout Window{b16f1cf u0 com.android.todolist/com.android.todolist.ListActivity}: viewVisibility=0 req=720x1560
11-15 13:45:32.734  3867  3867 I SurfaceFlinger:      DEVICE | 0x71d9ed4b40 | 0002 | RGBA_8888 |   0.0    0.0  720.0 1560.0 |    0    0  720 1560 | com.android.todolist/com.android.todolist.ListActivity$_11272#0
11-15 13:45:32.985  3867  3867 I SurfaceFlinger:      DEVICE | 0x71bbf135c0 | 0002 | RGBA_8888 |   0.0    0.0  720.0 1560.0 |    0    0  720 1560 | com.android.todolist/com.android.todolist.ListActivity$_11272#0
11-15 13:45:33.536 11272 11272 V InputMethodManager: Starting input: tba=com.android.todolist ic=com.android.internal.widget.EditableInputConnection@9f50c47 mNaviBarColor -855310 mIsGetNaviBarColorSuccess true , NavVisible : true , NavTrans : false
11-15 13:45:33.685  4311  5068 V WindowManager: Relayout Window{b16f1cf u0 com.android.todolist/com.android.todolist.ListActivity}: viewVisibility=0 req=720x1560
11-15 13:45:33.835  3867  3867 I SurfaceFlinger:      DEVICE | 0x71d9ed4b40 | 0002 | RGBA_8888 |   0.0    0.0  720.0 1560.0 |    0    0  720 1560 | com.android.todolist/com.android.todolist.ListActivity$_11272#0
11-15 13:45:34.511  4311  6518 V WindowManager: Changing focus from Window{b16f1cf u0 com.android.todolist/com.android.todolist.ListActivity} to Window{926beb9 u0 PopupWindow:f5e3a27} displayId=0 Callers=com.android.server.wm.RootWindowContainer.updateFocusedWindowLocked:203 com.android.server.wm.WindowManagerService.updateFocusedWindowLocked:6107 com.android.server.wm.WindowManagerService.addWindow:1822 com.android.server.wm.Session.addToDisplay:167 android.view.IWindowSession$Stub.onTransact:549 com.android.server.wm.Session.onTransact:142 
11-15 13:45:34.660  3867  3867 I SurfaceFlinger:      DEVICE | 0x71d9ed4b40 | 0002 | RGBA_8888 |   0.0    0.0  720.0 1560.0 |    0    0  720 1560 | com.android.todolist/com.android.todolist.ListActivity$_11272#0
11-15 13:45:36.314  4311  5068 V WindowManager: Changing focus from Window{926beb9 u0 PopupWindow:f5e3a27} to Window{b16f1cf u0 com.android.todolist/com.android.todolist.ListActivity} displayId=0 Callers=com.android.server.wm.RootWindowContainer.updateFocusedWindowLocked:203 com.android.server.wm.WindowManagerService.updateFocusedWindowLocked:6107 com.android.server.wm.WindowManagerService.relayoutWindow:2554 com.android.server.wm.Session.relayout:202 android.view.IWindowSession$Stub.onTransact:708 com.android.server.wm.Session.onTransact:142 
11-15 13:45:36.340 11272 11272 V InputMethodManager: Starting input: tba=com.android.todolist ic=null mNaviBarColor -855310 mIsGetNaviBarColorSuccess true , NavVisible : true , NavTrans : false
11-15 13:45:36.689  3867  3867 I SurfaceFlinger:      CLIENT | 0x71bbf135c0 | 0002 | RGBA_8888 |   0.0    0.0  720.0 1560.0 |    0    0  720 1560 | com.android.todolist/com.android.todolist.ListActivity$_11272#0
11-15 13:45:37.965  4311  7167 I ActivityTaskManager: START u0 {cmp=com.android.todolist/.MainActivity} from uid 10263
11-15 13:45:37.975  3867  3917 I SurfaceFlinger: createSurf start. lock debugging [AppWindowToken{3da7657 token=Token{32933d6 ActivityRecord{7f48bf1 u0 com.android.todolist/.MainActivity t13866}}}]
11-15 13:45:37.976  3867  3917 I SurfaceFlinger: id=9737 createSurf (0x0),-1 flag=80004, AppWindowToken{3da7657 token=Token{32933d6 ActivityRecord{7f48bf1 u0 com.android.todolist/.MainActivity t13866}}}#0
11-15 13:45:38.004  4311  7167 D GamePkgDataHelper: notifyAppCreate(), pkgName: com.android.todolist, sendRet: true
11-15 13:45:38.004  4311  4615 D GamePkgDataHelper: getGamePkgData(). com.android.todolist
11-15 13:45:38.004  4311  4615 D GameManagerService: handleMessage(), MSG_APP_CREATE. ignore. pkgName: com.android.todolist
11-15 13:45:38.005  4311  7167 V WindowManager: Changing focus from Window{b16f1cf u0 com.android.todolist/com.android.todolist.ListActivity} to null displayId=0 Callers=com.android.server.wm.RootWindowContainer.updateFocusedWindowLocked:203 com.android.server.wm.WindowManagerService.updateFocusedWindowLocked:6107 com.android.server.wm.ActivityDisplay.setFocusedApp:1529 com.android.server.wm.ActivityTaskManagerService.setResumedActivityUncheckLocked:6719 com.android.server.wm.ActivityStack.onActivityStateChanged:642 com.android.server.wm.TaskRecord.onActivityStateChanged:2216 
11-15 13:45:38.006  4311  7167 D MARsPolicyManager: onPackageResumedFG pkgName = com.android.todolist, userId = 0
11-15 13:45:38.019  4311  4360 D GameManagerService: noteResumeComponent(), resumeComponent: com.android.todolist
11-15 13:45:38.020  4311  4615 D GameManagerService: handleForegroundChange(). pkgName: com.android.todolist, clsName: com.android.todolist.MainActivity,FgActivityName:com.android.todolist/.MainActivity,userID:0
11-15 13:45:38.104  3867  5370 I SurfaceFlinger: createSurf start. lock debugging [a620f3 com.android.todolist/com.android.todolist.MainActivity]
11-15 13:45:38.105  3867  5370 I SurfaceFlinger: id=9738 createSurf (0x0),-1 flag=80004, a620f3 com.android.todolist/com.android.todolist.MainActivity#0
11-15 13:45:38.175  4311  6518 V WindowManager: Relayout Window{a620f3 u0 com.android.todolist/com.android.todolist.MainActivity}: viewVisibility=0 req=720x1560
11-15 13:45:38.179  3867  3917 I SurfaceFlinger: createSurf start. lock debugging [com.android.todolist/com.android.todolist.MainActivity$_11272]
11-15 13:45:38.180  3867  3917 I SurfaceFlinger: id=9739 createSurf (720x1560),1 flag=404, com.android.todolist/com.android.todolist.MainActivity$_11272#0
11-15 13:45:38.181  4311  6518 D WindowManager: makeSurface duration=2 name=com.android.todolist/com.android.todolist.MainActivity$_11272
11-15 13:45:38.182  4311  6518 V WindowManager: Changing focus from null to Window{a620f3 u0 com.android.todolist/com.android.todolist.MainActivity} displayId=0 Callers=com.android.server.wm.RootWindowContainer.updateFocusedWindowLocked:203 com.android.server.wm.WindowManagerService.updateFocusedWindowLocked:6107 com.android.server.wm.WindowManagerService.relayoutWindow:2554 com.android.server.wm.Session.relayout:202 android.view.IWindowSession$Stub.onTransact:708 com.android.server.wm.Session.onTransact:142 
11-15 13:45:38.182  4311  4358 D WindowManager: setSystemUiVisibility: displayId=0, vis=0x8018, fullVis=0x0, dockVis=0x0, win=Window{a620f3 u0 com.android.todolist/com.android.todolist.MainActivity}
11-15 13:45:38.275  4311  6518 D WindowManager: finishDrawingWindow: Window{a620f3 u0 com.android.todolist/com.android.todolist.MainActivity} mDrawState=DRAW_PENDING
11-15 13:45:38.280  4311  4361 I WindowManager: Reparenting to leash, surface=Surface(name=AppWindowToken{9527dfb token=Token{80bc38a ActivityRecord{5579f5 u0 com.android.todolist/.ListActivity t13866}}})/@0x98062de
11-15 13:45:38.280  3867  5370 I SurfaceFlinger: createSurf start. lock debugging [Surface(name=AppWindowToken{9527dfb token=Token{80bc38a ActivityRecord{5579f5 u0 com.android.todolist/.ListActivity t13866}}})/@0x98062de - animation-leash]
11-15 13:45:38.281  3867  5370 I SurfaceFlinger: id=9740 createSurf (0x0),-1 flag=80004, Surface(name=AppWindowToken{9527dfb token=Token{80bc38a ActivityRecord{5579f5 u0 com.android.todolist/.ListActivity t13866}}})/@0x98062de - animation-leash#0
11-15 13:45:38.282  4311  4361 D WindowManager: makeSurface duration=1 leash=Surface(name=Surface(name=AppWindowToken{9527dfb token=Token{80bc38a ActivityRecord{5579f5 u0 com.android.todolist/.ListActivity t13866}}})/@0x98062de - animation-leash)/@0x2bbbde5
11-15 13:45:38.282  3867  5370 I SurfaceFlinger: createSurf start. lock debugging [Surface(name=AppWindowToken{9527dfb token=Token{80bc38a ActivityRecord{5579f5 u0 com.android.todolist/.ListActivity t13866}}})/@0x98062de - animation-bounds]
