11-15 13:45:43.380  4311  6518 I WindowManager: Destroying surface Surface(name=com.android.todolist/com.android.todolist.MainActivity$_11272)/@0x184cc16 called by com.android.server.wm.WindowStateAnimator.destroySurface:1734 com.android.server.wm.WindowStateAnimator.destroySurfaceLocked:693 com.android.server.wm.WindowState.destroySurfaceUnchecked:3482 com.android.server.wm.WindowState.destroySurface:3456 com.android.server.wm.AppWindowToken.destroySurfaces:1199 com.android.server.wm.AppWindowToken.destroySurfaces:1180 com.android.server.wm.AppWindowToken.notifyAppStopped:1235 com.android.server.wm.ActivityRecord.activityStoppedLocked:2597 
11-15 13:45:43.381  3867  5370 I Layer   : id=9761 removeFromCurrentState com.android.todolist/com.android.todolist.MainActivity$_11272#0 (233)
11-15 13:45:43.386  3867  4302 I SurfaceFlinger: id=9761 Removed com.android.todolist/com.android.todolist.MainActivity$_11272#0 (233)
11-15 13:45:43.401  3867  3867 I Layer   : id=9761[1] Destroyed com.android.todolist/com.android.todolist.MainActivity$_11272#0
11-15 13:45:44.501 11272 11272 D InputMethodManager: SSI - flag : 1 Pid : 11272 view : com.android.todolist
11-15 13:45:44.510 11272 11272 V InputMethodManager: Starting input: tba=com.android.todolist ic=com.android.internal.widget.EditableInputConnection@7e714b4 mNaviBarColor -855310 mIsGetNaviBarColorSuccess true , NavVisible : true , NavTrans : false
11-15 13:45:44.611 18573 18573 D [SPAF]StructureParser: Parsing structure for ComponentInfo{com.android.todolist/com.android.todolist.ListActivity}
11-15 13:45:44.681  4311  6518 V WindowManager: Relayout Window{bf2724 u0 com.android.todolist/com.android.todolist.ListActivity}: viewVisibility=0 req=720x1560
11-15 13:45:44.727  3867  3867 I SurfaceFlinger:      DEVICE | 0x71bbf11400 | 0002 | RGBA_8888 |   0.0    0.0  720.0 1560.0 |    0    0  720 1560 | com.android.todolist/com.android.todolist.ListActivity$_11272#0
11-15 13:45:44.813  4311  6518 W NotificationService: Toast already killed. pkg=com.android.todolist callback=android.app.ITransientNotification$Stub$Proxy@5fc0d76
11-15 13:45:45.314  3867  3867 I SurfaceFlinger:      CLIENT | 0x71d9ed8b00 | 0002 | RGBA_8888 |   0.0    0.0  720.0 1560.0 |    0    0  720 1560 | com.android.todolist/com.android.todolist.ListActivity$_11272#0
11-15 13:45:46.218 11272 11272 V InputMethodManager: Starting input: tba=com.android.todolist ic=com.android.internal.widget.EditableInputConnection@6aa3749 mNaviBarColor -855310 mIsGetNaviBarColorSuccess true , NavVisible : true , NavTrans : false
11-15 13:45:46.357  4311  6518 V WindowManager: Relayout Window{bf2724 u0 com.android.todolist/com.android.todolist.ListActivity}: viewVisibility=0 req=720x1560
11-15 13:45:46.509  3867  3867 I SurfaceFlinger:      DEVICE | 0x71bbf11400 | 0002 | RGBA_8888 |   0.0    0.0  720.0 1560.0 |    0    0  720 1560 | com.android.todolist/com.android.todolist.ListActivity$_11272#0
11-15 13:45:47.072  4311  7167 I ActivityTaskManager: START u0 {cmp=com.android.todolist/.MainActivity} from uid 10263
11-15 13:45:47.082  3867  5370 I SurfaceFlinger: createSurf start. lock debugging [AppWindowToken{aa2a95f token=Token{7c5adfe ActivityRecord{4bb75b9 u0 com.android.todolist/.MainActivity t13866}}}]
11-15 13:45:47.082  3867  5370 I SurfaceFlinger: id=9786 createSurf (0x0),-1 flag=80004, AppWindowToken{aa2a95f token=Token{7c5adfe ActivityRecord{4bb75b9 u0 com.android.todolist/.MainActivity t13866}}}#0
11-15 13:45:47.110  4311  7167 D GamePkgDataHelper: notifyAppCreate(), pkgName: com.android.todolist, sendRet: true
11-15 13:45:47.110  4311  4615 D GamePkgDataHelper: getGamePkgData(). com.android.todolist
11-15 13:45:47.110  4311  4615 D GameManagerService: handleMessage(), MSG_APP_CREATE. ignore. pkgName: com.android.todolist
11-15 13:45:47.112  4311  7167 V WindowManager: Changing focus from Window{bf2724 u0 com.android.todolist/com.android.todolist.ListActivity} to null displayId=0 Callers=com.android.server.wm.RootWindowContainer.updateFocusedWindowLocked:203 com.android.server.wm.WindowManagerService.updateFocusedWindowLocked:6107 com.android.server.wm.ActivityDisplay.setFocusedApp:1529 com.android.server.wm.ActivityTaskManagerService.setResumedActivityUncheckLocked:6719 com.android.server.wm.ActivityStack.onActivityStateChanged:642 com.android.server.wm.TaskRecord.onActivityStateChanged:2216 
11-15 13:45:47.113  4311  7167 D MARsPolicyManager: onPackageResumedFG pkgName = com.android.todolist, userId = 0
11-15 13:45:47.128  4311  4360 D GameManagerService: noteResumeComponent(), resumeComponent: com.android.todolist
11-15 13:45:47.128  4311  4615 D GameManagerService: handleForegroundChange(). pkgName: com.android.todolist, clsName: com.android.todolist.MainActivity,FgActivityName:com.android.todolist/.MainActivity,userID:0
11-15 13:45:47.199  3867  3917 I SurfaceFlinger: createSurf start. lock debugging [7727c7b com.android.todolist/com.android.todolist.MainActivity]
11-15 13:45:47.200  3867  3917 I SurfaceFlinger: id=9787 createSurf (0x0),-1 flag=80004, 7727c7b com.android.todolist/com.android.todolist.MainActivity#0
11-15 13:45:47.255  4311  5068 V WindowManager: Relayout Window{7727c7b u0 com.android.todolist/com.android.todolist.MainActivity}: viewVisibility=0 req=720x1560
11-15 13:45:47.258  3867  5370 I SurfaceFlinger: createSurf start. lock debugging [com.android.todolist/com.android.todolist.MainActivity$_11272]
11-15 13:45:47.259  3867  5370 I SurfaceFlinger: id=9788 createSurf (720x1560),1 flag=404, com.android.todolist/com.android.todolist.MainActivity$_11272#0
11-15 13:45:47.260  4311  5068 D WindowManager: makeSurface duration=2 name=com.android.todolist/com.android.todolist.MainActivity$_11272
11-15 13:45:47.261  4311  5068 V WindowManager: Changing focus from null to Window{7727c7b u0 com.android.todolist/com.android.todolist.MainActivity} displayId=0 Callers=com.android.server.wm.RootWindowContainer.updateFocusedWindowLocked:203 com.android.server.wm.WindowManagerService.updateFocusedWindowLocked:6107 com.android.server.wm.WindowManagerService.relayoutWindow:2554 com.android.server.wm.Session.relayout:202 android.view.IWindowSession$Stub.onTransact:708 com.android.server.wm.Session.onTransact:142 
11-15 13:45:47.261  4311  4358 D WindowManager: setSystemUiVisibility: displayId=0, vis=0x8018, fullVis=0x0, dockVis=0x0, win=Window{7727c7b u0 com.android.todolist/com.android.todolist.MainActivity}
11-15 13:45:47.331  4311  5068 D WindowManager: finishDrawingWindow: Window{7727c7b u0 com.android.todolist/com.android.todolist.MainActivity} mDrawState=DRAW_PENDING
11-15 13:45:47.336  4311  4361 I WindowManager: Reparenting to leash, surface=Surface(name=AppWindowToken{6a15060 token=Token{4447c63 ActivityRecord{7369a92 u0 com.android.todolist/.ListActivity t13866}}})/@0xdff68a7
11-15 13:45:47.336  3867  5370 I SurfaceFlinger: createSurf start. lock debugging [Surface(name=AppWindowToken{6a15060 token=Token{4447c63 ActivityRecord{7369a92 u0 com.android.todolist/.ListActivity t13866}}})/@0xdff68a7 - animation-leash]
11-15 13:45:47.337  3867  5370 I SurfaceFlinger: id=9789 createSurf (0x0),-1 flag=80004, Surface(name=AppWindowToken{6a15060 token=Token{4447c63 ActivityRecord{7369a92 u0 com.android.todolist/.ListActivity t13866}}})/@0xdff68a7 - animation-leash#0
11-15 13:45:47.338  4311  4361 D WindowManager: makeSurface duration=1 leash=Surface(name=Surface(name=AppWindowToken{6a15060 token=Token{4447c63 ActivityRecord{7369a92 u0 com.android.todolist/.ListActivity t13866}}})/@0xdff68a7 - animation-leash)/@0x37bfd2d
11-15 13:45:47.338  3867  5370 I SurfaceFlinger: createSurf start. lock debugging [Surface(name=AppWindowToken{6a15060 token=Token{4447c63 ActivityRecord{7369a92 u0 com.android.todolist/.ListActivity t13866}}})/@0xdff68a7 - animation-bounds]
11-15 13:45:47.339  3867  5370 I SurfaceFlinger: id=9790 createSurf (0x0),-1 flag=80004, Surface(name=AppWindowToken{6a15060 token=Token{4447c63 ActivityRecord{7369a92 u0 com.android.todolist/.ListActivity t13866}}})/@0xdff68a7 - animation-bounds#0
11-15 13:45:47.347  4311  4361 I WindowManager: Reparenting to leash, surface=Surface(name=AppWindowToken{aa2a95f token=Token{7c5adfe ActivityRecord{4bb75b9 u0 com.android.todolist/.MainActivity t13866}}})/@0x16e2bba
11-15 13:45:47.347  3867  5370 I SurfaceFlinger: createSurf start. lock debugging [Surface(name=AppWindowToken{aa2a95f token=Token{7c5adfe ActivityRecord{4bb75b9 u0 com.android.todolist/.MainActivity t13866}}})/@0x16e2bba - animation-leash]
11-15 13:45:47.349  3867  5370 I SurfaceFlinger: id=9793 createSurf (0x0),-1 flag=80004, Surface(name=AppWindowToken{aa2a95f token=Token{7c5adfe ActivityRecord{4bb75b9 u0 com.android.todolist/.MainActivity t13866}}})/@0x16e2bba - animation-leash#0
11-15 13:45:47.351  4311  4361 D WindowManager: makeSurface duration=4 leash=Surface(name=Surface(name=AppWindowToken{aa2a95f token=Token{7c5adfe ActivityRecord{4bb75b9 u0 com.android.todolist/.MainActivity t13866}}})/@0x16e2bba - animation-leash)/@0x9177a6b
11-15 13:45:47.351  3867  5370 I SurfaceFlinger: createSurf start. lock debugging [Surface(name=AppWindowToken{aa2a95f token=Token{7c5adfe ActivityRecord{4bb75b9 u0 com.android.todolist/.MainActivity t13866}}})/@0x16e2bba - animation-bounds]
11-15 13:45:47.352  3867  5370 I SurfaceFlinger: id=9794 createSurf (0x0),-1 flag=80004, Surface(name=AppWindowToken{aa2a95f token=Token{7c5adfe ActivityRecord{4bb75b9 u0 com.android.todolist/.MainActivity t13866}}})/@0x16e2bba - animation-bounds#0
11-15 13:45:47.371 11272 11272 V InputMethodManager: Starting input: tba=com.android.todolist ic=null mNaviBarColor -855310 mIsGetNaviBarColorSuccess true , NavVisible : true , NavTrans : false
11-15 13:45:47.391  3867  3867 I SurfaceFlinger:      DEVICE | 0x71bbf11400 | 0002 | RGBA_8888 |   0.0    0.0  720.0 1560.0 |    0    0  720 1560 | com.android.todolist/com.android.todolist.ListActivity$_11272#0
11-15 13:45:47.391  3867  3867 I SurfaceFlinger:      DEVICE | 0x71bbf12a80 | 0002 | RGBA_8888 |   0.0    0.0  720.0 1195.0 |    0  364  720 1560 | com.android.todolist/com.android.todolist.MainActivity$_11272#0
11-15 13:45:47.406  3867  3867 I SurfaceFlinger:      DEVICE | 0x71d9ed8b00 | 0002 | RGBA_8888 |   0.0    2.0  720.0 1560.0 |    0    0  720 1558 | com.android.todolist/com.android.todolist.ListActivity$_11272#0
11-15 13:45:47.406  3867  3867 I SurfaceFlinger:      DEVICE | 0x71bbf112c0 | 0002 | RGBA_8888 |   0.0    0.0  720.0 1211.0 |    0  348  720 1560 | com.android.todolist/com.android.todolist.MainActivity$_11272#0
11-15 13:45:47.664  4311  4361 I WindowManager: Reparenting to original parent: Surface(name=Task=13866)/@0x550c355, destroyLeash=true, surface=Surface(name=AppWindowToken{6a15060 token=Token{4447c63 ActivityRecord{7369a92 u0 com.android.todolist/.ListActivity t13866}}})/@0xdff68a7
11-15 13:45:47.664  4311  4361 V WindowManager: Setting visibility of Window{bf2724 u0 com.android.todolist/com.android.todolist.ListActivity}: false, caller=com.android.server.wm.WindowContainer.sendAppVisibilityToClients:640 com.android.server.wm.AppWindowToken.setClientHidden:621 com.android.server.wm.AppWindowToken.onAnimationFinished:3516 com.android.server.wm.-$$Lambda$yVRF8YoeNdTa8GR1wDStVsHu8xM.run:2 com.android.server.wm.SurfaceAnimator.lambda$getFinishedCallback$0$SurfaceAnimator:100 
11-15 13:45:47.665  4311  4361 I WindowManager: Reparenting to original parent: Surface(name=Task=13866)/@0x550c355, destroyLeash=true, surface=Surface(name=AppWindowToken{aa2a95f token=Token{7c5adfe ActivityRecord{4bb75b9 u0 com.android.todolist/.MainActivity t13866}}})/@0x16e2bba
11-15 13:45:47.671  3867  3917 I Layer   : id=9789 removeFromCurrentState Surface(name=AppWindowToken{6a15060 token=Token{4447c63 ActivityRecord{7369a92 u0 com.android.todolist/.ListActivity t13866}}})/@0xdff68a7 - animation-leash#0 (237)
11-15 13:45:47.671  3867  3867 I SurfaceFlinger:      DEVICE | 0x71bbf12a80 | 0002 | RGBA_8888 |   0.0    0.0  720.0 1560.0 |    0    0  720 1560 | com.android.todolist/com.android.todolist.MainActivity$_11272#0
11-15 13:45:47.671  3867  3917 I Layer   : id=9790 removeFromCurrentState Surface(name=AppWindowToken{6a15060 token=Token{4447c63 ActivityRecord{7369a92 u0 com.android.todolist/.ListActivity t13866}}})/@0xdff68a7 - animation-bounds#0 (237)
11-15 13:45:47.671  3867  3917 I Layer   : id=9793 removeFromCurrentState Surface(name=AppWindowToken{aa2a95f token=Token{7c5adfe ActivityRecord{4bb75b9 u0 com.android.todolist/.MainActivity t13866}}})/@0x16e2bba - animation-leash#0 (237)
11-15 13:45:47.671  3867  3917 I Layer   : id=9794 removeFromCurrentState Surface(name=AppWindowToken{aa2a95f token=Token{7c5adfe ActivityRecord{4bb75b9 u0 com.android.todolist/.MainActivity t13866}}})/@0x16e2bba - animation-bounds#0 (237)
11-15 13:45:47.673  3867  5131 I SurfaceFlinger: id=9794 Removed Surface(name=AppWindowToken{aa2a95f token=Token{7c5adfe ActivityRecord{4bb75b9 u0 com.android.todolist/.MainActivity t13866}}})/@0x16e2bba - animation-bounds#0 (237)
11-15 13:45:47.676  3867  3917 I SurfaceFlinger: id=9789 Removed Surface(name=AppWindowToken{6a15060 token=Token{4447c63 ActivityRecord{7369a92 u0 com.android.todolist/.ListActivity t13866}}})/@0xdff68a7 - animation-leash#0 (237)
11-15 13:45:47.676  3867  3917 I SurfaceFlinger: id=9790 Removed Surface(name=AppWindowToken{6a15060 token=Token{4447c63 ActivityRecord{7369a92 u0 com.android.todolist/.ListActivity t13866}}})/@0xdff68a7 - animation-bounds#0 (237)
11-15 13:45:47.676  3867  3917 I SurfaceFlinger: id=9793 Removed Surface(name=AppWindowToken{aa2a95f token=Token{7c5adfe ActivityRecord{4bb75b9 u0 com.android.todolist/.MainActivity t13866}}})/@0x16e2bba - animation-leash#0 (237)
11-15 13:45:47.681  3867  3867 I Layer   : id=9790[1] Destroyed Surface(name=AppWindowToken{6a15060 token=Token{4447c63 ActivityRecord{7369a92 u0 com.android.todolist/.ListActivity t13866}}})/@0xdff68a7 - animation-bounds#0
11-15 13:45:47.681  3867  3867 I Layer   : id=9789[1] Destroyed Surface(name=AppWindowToken{6a15060 token=Token{4447c63 ActivityRecord{7369a92 u0 com.android.todolist/.ListActivity t13866}}})/@0xdff68a7 - animation-leash#0
11-15 13:45:47.681  3867  3867 I Layer   : id=9794[1] Destroyed Surface(name=AppWindowToken{aa2a95f token=Token{7c5adfe ActivityRecord{4bb75b9 u0 com.android.todolist/.MainActivity t13866}}})/@0x16e2bba - animation-bounds#0
11-15 13:45:47.681  3867  3867 I Layer   : id=9793[1] Destroyed Surface(name=AppWindowToken{aa2a95f token=Token{7c5adfe ActivityRecord{4bb75b9 u0 com.android.todolist/.MainActivity t13866}}})/@0x16e2bba - animation-leash#0
11-15 13:45:47.687  3867  3917 E BufferQueueProducer: [com.android.todolist/com.android.todolist.ListActivity$_11272#0] disconnect: not connected (req=1)
11-15 13:45:47.688  4311  5068 V WindowManager: Relayout Window{bf2724 u0 com.android.todolist/com.android.todolist.ListActivity}: viewVisibility=8 req=720x1560
11-15 13:45:47.702  4311  5068 I WindowManager: Destroying surface Surface(name=com.android.todolist/com.android.todolist.ListActivity$_11272)/@0x970433f called by com.android.server.wm.WindowStateAnimator.destroySurface:1734 com.android.server.wm.WindowStateAnimator.destroySurfaceLocked:693 com.android.server.wm.WindowState.removeImmediately:2282 com.android.server.wm.WindowState.removeIfPossible:2418 com.android.server.wm.WindowState.removeIfPossible:2297 com.android.server.wm.WindowManagerService.removeWindow:2024 com.android.server.wm.Session.remove:184 android.view.IWindowSession$Stub.onTransact:658 
11-15 13:45:47.702  3867  3917 I Layer   : id=9775 removeFromCurrentState com.android.todolist/com.android.todolist.ListActivity$_11272#0 (231)
11-15 13:45:47.702  3867  3917 I SurfaceFlinger: id=9775 Removed com.android.todolist/com.android.todolist.ListActivity$_11272#0 (231)
11-15 13:45:47.705  3867  4302 I Layer   : id=9774 removeFromCurrentState bf2724 com.android.todolist/com.android.todolist.ListActivity#0 (231)
11-15 13:45:47.714  3867  3867 I Layer   : id=9775[1] Destroyed com.android.todolist/com.android.todolist.ListActivity$_11272#0
11-15 13:45:47.716  3867  4302 I Layer   : id=9770 removeFromCurrentState AppWindowToken{6a15060 token=Token{4447c63 ActivityRecord{7369a92 u0 com.android.todolist/.ListActivity t13866}}}#0 (230)
